Archive member included because of file (symbol)

c:/program files (x86)/microchip/xc32/v1.42/bin/bin/../../lib/gcc/pic32mx/4.8.3/../../../../pic32mx/lib\libpic32.a(memcpy.o)
                              build/default/debug/_ext/1128951024/queue.o (memcpy)
c:/program files (x86)/microchip/xc32/v1.42/bin/bin/../../lib/gcc/pic32mx/4.8.3/../../../../pic32mx/lib\libpic32.a(memset.o)
                              build/default/debug/_ext/1128951024/tasks.o (memset)
c:/program files (x86)/microchip/xc32/v1.42/bin/bin/../../lib/gcc/pic32mx/4.8.3/../../../../pic32mx/lib\libpic32.a(default-bootstrap-exception-handler.o)
                              c:/program files (x86)/microchip/xc32/v1.42/bin/bin/../../lib/gcc/pic32mx/4.8.3/../../../../pic32mx/lib/./proc/32MX795F512L/crt0_mips32r2.o (_bootstrap_exception_handler)
c:/program files (x86)/microchip/xc32/v1.42/bin/bin/../../lib/gcc/pic32mx/4.8.3/../../../../pic32mx/lib\libpic32.a(default-on-reset.o)
                              c:/program files (x86)/microchip/xc32/v1.42/bin/bin/../../lib/gcc/pic32mx/4.8.3/../../../../pic32mx/lib/./proc/32MX795F512L/crt0_mips32r2.o (_on_reset)
c:/program files (x86)/microchip/xc32/v1.42/bin/bin/../../lib/gcc/pic32mx/4.8.3/../../../../pic32mx/lib\libpic32.a(default-on-bootstrap.o)
                              c:/program files (x86)/microchip/xc32/v1.42/bin/bin/../../lib/gcc/pic32mx/4.8.3/../../../../pic32mx/lib/./proc/32MX795F512L/crt0_mips32r2.o (_on_bootstrap)
c:/program files (x86)/microchip/xc32/v1.42/bin/bin/../../lib/gcc/pic32mx/4.8.3/../../../../pic32mx/lib\libpic32.a(default-nmi-handler.o)
                              c:/program files (x86)/microchip/xc32/v1.42/bin/bin/../../lib/gcc/pic32mx/4.8.3/../../../../pic32mx/lib/./proc/32MX795F512L/crt0_mips32r2.o (_nmi_handler)
c:/program files (x86)/microchip/xc32/v1.42/bin/bin/../../lib/gcc/pic32mx/4.8.3/../../../../pic32mx/lib\libpic32.a(general-exception.o)
                              c:/program files (x86)/microchip/xc32/v1.42/bin/bin/../../lib/gcc/pic32mx/4.8.3/../../../../pic32mx/lib/./proc/32MX795F512L/crt0_mips32r2.o (_general_exception_context)
c:/program files (x86)/microchip/xc32/v1.42/bin/bin/../../lib/gcc/pic32mx/4.8.3/../../../../pic32mx/lib\libpic32.a(vector0.o)
                              c:/program files (x86)/microchip/xc32/v1.42/bin/bin/../../lib/gcc/pic32mx/4.8.3/../../../../pic32mx/lib/./proc/32MX795F512L\default_isr_vectors.o (__vector_dispatch_0)
c:/program files (x86)/microchip/xc32/v1.42/bin/bin/../../lib/gcc/pic32mx/4.8.3/../../../../pic32mx/lib\libpic32.a(vector2.o)
                              c:/program files (x86)/microchip/xc32/v1.42/bin/bin/../../lib/gcc/pic32mx/4.8.3/../../../../pic32mx/lib/./proc/32MX795F512L\default_isr_vectors.o (__vector_dispatch_2)
c:/program files (x86)/microchip/xc32/v1.42/bin/bin/../../lib/gcc/pic32mx/4.8.3/../../../../pic32mx/lib\libpic32.a(vector3.o)
                              c:/program files (x86)/microchip/xc32/v1.42/bin/bin/../../lib/gcc/pic32mx/4.8.3/../../../../pic32mx/lib/./proc/32MX795F512L\default_isr_vectors.o (__vector_dispatch_3)
c:/program files (x86)/microchip/xc32/v1.42/bin/bin/../../lib/gcc/pic32mx/4.8.3/../../../../pic32mx/lib\libpic32.a(vector5.o)
                              c:/program files (x86)/microchip/xc32/v1.42/bin/bin/../../lib/gcc/pic32mx/4.8.3/../../../../pic32mx/lib/./proc/32MX795F512L\default_isr_vectors.o (__vector_dispatch_5)
c:/program files (x86)/microchip/xc32/v1.42/bin/bin/../../lib/gcc/pic32mx/4.8.3/../../../../pic32mx/lib\libpic32.a(vector6.o)
                              c:/program files (x86)/microchip/xc32/v1.42/bin/bin/../../lib/gcc/pic32mx/4.8.3/../../../../pic32mx/lib/./proc/32MX795F512L\default_isr_vectors.o (__vector_dispatch_6)
c:/program files (x86)/microchip/xc32/v1.42/bin/bin/../../lib/gcc/pic32mx/4.8.3/../../../../pic32mx/lib\libpic32.a(vector7.o)
                              c:/program files (x86)/microchip/xc32/v1.42/bin/bin/../../lib/gcc/pic32mx/4.8.3/../../../../pic32mx/lib/./proc/32MX795F512L\default_isr_vectors.o (__vector_dispatch_7)
c:/program files (x86)/microchip/xc32/v1.42/bin/bin/../../lib/gcc/pic32mx/4.8.3/../../../../pic32mx/lib\libpic32.a(vector9.o)
                              c:/program files (x86)/microchip/xc32/v1.42/bin/bin/../../lib/gcc/pic32mx/4.8.3/../../../../pic32mx/lib/./proc/32MX795F512L\default_isr_vectors.o (__vector_dispatch_9)
c:/program files (x86)/microchip/xc32/v1.42/bin/bin/../../lib/gcc/pic32mx/4.8.3/../../../../pic32mx/lib\libpic32.a(vector10.o)
                              c:/program files (x86)/microchip/xc32/v1.42/bin/bin/../../lib/gcc/pic32mx/4.8.3/../../../../pic32mx/lib/./proc/32MX795F512L\default_isr_vectors.o (__vector_dispatch_10)
c:/program files (x86)/microchip/xc32/v1.42/bin/bin/../../lib/gcc/pic32mx/4.8.3/../../../../pic32mx/lib\libpic32.a(vector11.o)
[...]
Memory Configuration

Name             Origin             Length             Attributes
kseg0_data_mem   0x80000000         0x00000200
kseg1_data_mem   0xa0000000         0x00020000         w !x
kseg0_boot_mem   0x9fc00490         0x00000970
kseg1_boot_mem   0xbfc00000         0x00000490
kseg0_program_mem 0x9d000000         0x00080000         xr
exception_mem    0x9fc01000         0x00001000
debug_exec_mem   0xbfc02000         0x00000ff0
config3          0xbfc02ff0         0x00000004
config2          0xbfc02ff4         0x00000004
config1          0xbfc02ff8         0x00000004
config0          0xbfc02ffc         0x00000004
sfrs             0xbf800000         0x00100000
configsfrs       0xbfc02ff0         0x00000010
*default*        0x00000000         0xffffffff

Linker script and memory map


reserve_data_0_kseg0
                0x80000000      0x200
                0x80000000        0x2 SHORT 0x0
                0x000001fd                . = 0x1fd
 *fill*         0x80000002      0x1fb 
                0x80000200                . = ALIGN (0x4)
 *fill*         0x800001fd        0x3 

reserve_data_0_kseg1
                0xa0000000      0x200
                0xa0000000        0x2 SHORT 0x0
                0x000001fd                . = 0x1fd
 *fill*         0xa0000002      0x1fb 
                0xa0000200                . = ALIGN (0x4)
 *fill*         0xa00001fd        0x3 

reserve_boot_0x1fc02000_kseg0
                0x9fc02000      0xff0
                0x9fc02000        0x2 SHORT 0x0
                0x00000500                . = 0x500
 *fill*         0x9fc02002      0x4fe 
                0x9fc02500                . = ALIGN (0x4)
                0x9fc02500        0x2 SHORT 0x0
                0x00000ff0                . = 0xff0
 *fill*         0x9fc02502      0xaee 
                0x9fc02ff0                . = ALIGN (0x4)

reserve_boot_0x1fc02000_kseg1
                0xbfc02000      0xff0
                0xbfc02000        0x2 SHORT 0x0
                0x00000500                . = 0x500
 *fill*         0xbfc02002      0x4fe 
                0xbfc02500                . = ALIGN (0x4)
                0xbfc02500        0x2 SHORT 0x0
                0x00000ff0                . = 0xff0
 *fill*         0xbfc02502      0xaee 
                0xbfc02ff0                . = ALIGN (0x4)
LOAD c:/program files (x86)/microchip/xc32/v1.42/bin/bin/../../lib/gcc/pic32mx/4.8.3/../../../../pic32mx/lib/./proc/32MX795F512L/crt0_mips32r2.o
LOAD c:/program files (x86)/microchip/xc32/v1.42/bin/bin/../../lib/gcc/pic32mx/4.8.3/../../../../pic32mx/lib\software-debug-break.o
LOAD build/default/debug/_ext/74298950/bsp.o
LOAD build/default/debug/_ext/1361460060/drv_adc_static.o
LOAD build/default/debug/_ext/1047219354/drv_oc_mapping.o
LOAD build/default/debug/_ext/1047219354/drv_oc_static.o
LOAD build/default/debug/_ext/1407244131/drv_tmr_static.o
LOAD build/default/debug/_ext/1407244131/drv_tmr_mapping.o
LOAD build/default/debug/_ext/639803181/sys_clk_pic32mx.o
LOAD build/default/debug/_ext/340578644/sys_devcon.o
LOAD build/default/debug/_ext/340578644/sys_devcon_pic32mx.o
LOAD build/default/debug/_ext/822048611/sys_ports_static.o
LOAD build/default/debug/_ext/1688732426/system_init.o
LOAD build/default/debug/_ext/1688732426/system_interrupt.o
LOAD build/default/debug/_ext/1688732426/system_exceptions.o
LOAD build/default/debug/_ext/1688732426/system_tasks.o
LOAD build/default/debug/_ext/1688732426/system_interrupt_a.o
LOAD build/default/debug/_ext/1688732426/rtos_hooks.o
LOAD build/default/debug/_ext/1360937237/motor_encoder_thread.o
LOAD build/default/debug/_ext/1360937237/main.o
LOAD build/default/debug/_ext/1360937237/Sensor_Control_Thread.o
LOAD build/default/debug/_ext/24337685/osal_freertos.o
LOAD build/default/debug/_ext/122796885/sys_int_pic32.o
LOAD build/default/debug/_ext/1856876499/heap_1.o
LOAD build/default/debug/_ext/12131622/port.o
LOAD build/default/debug/_ext/12131622/port_asm.o
LOAD build/default/debug/_ext/1128951024/croutine.o
LOAD build/default/debug/_ext/1128951024/list.o
LOAD build/default/debug/_ext/1128951024/queue.o
LOAD build/default/debug/_ext/1128951024/tasks.o
LOAD build/default/debug/_ext/1128951024/timers.o
LOAD build/default/debug/_ext/1128951024/event_groups.o
LOAD ..\..\..\..\bin\framework\peripheral\PIC32MX795F512L_peripherals.a
                0x00000001                __MPLAB_BUILD = 0x1
                0x00000001                __MPLAB_DEBUG = 0x1
                0x00000001                __DEBUG = 0x1
                0x00000001                __MPLAB_DEBUGGER_PK3 = 0x1
                0x00000000                _min_heap_size = 0x0
LOAD c:/program files (x86)/microchip/xc32/v1.42/bin/bin/../../lib/gcc/pic32mx/4.8.3/../../../../pic32mx/lib/./proc/32MX795F512L\default_isr_vectors.o
LOAD c:/program files (x86)/microchip/xc32/v1.42/bin/bin/../../lib/gcc/pic32mx/4.8.3/../../../../pic32mx/lib\pic32_software_reset.o
                0x00000400                PROVIDE (_min_stack_size, 0x400)
LOAD c:/program files (x86)/microchip/xc32/v1.42/bin/bin/../../lib/gcc/pic32mx/4.8.3/../../../../pic32mx/lib/./proc/32MX795F512L\processor.o
START GROUP
LOAD c:/program files (x86)/microchip/xc32/v1.42/bin/bin/../../lib/gcc/pic32mx/4.8.3/../../../../pic32mx/lib\libmchp_peripheral.a
END GROUP
START GROUP
LOAD c:/program files (x86)/microchip/xc32/v1.42/bin/bin/../../lib/gcc/pic32mx/4.8.3/../../../../pic32mx/lib\libmchp_peripheral_32MX795F512L.a
END GROUP
                0x00000001                PROVIDE (_vector_spacing, 0x1)
                0x9fc01000                PROVIDE (_ebase_address, 0x9fc01000)
                0xbfc00000                _RESET_ADDR = 0xbfc00000
                0xbfc00380                _BEV_EXCPT_ADDR = 0xbfc00380
                0xbfc00480                _DBG_EXCPT_ADDR = 0xbfc00480
                0xbfc02000                _DBG_CODE_ADDR = 0xbfc02000
                0x00000ff0                _DBG_CODE_SIZE = 0xff0
                0x9fc01180                _GEN_EXCPT_ADDR = (_ebase_address + 0x180)

.config_BFC02FF0
                0xbfc02ff0        0x4
 *(.config_BFC02FF0)
 .config_BFC02FF0
                0xbfc02ff0        0x4 build/default/debug/_ext/1688732426/system_init.o

.config_BFC02FF4
                0xbfc02ff4        0x4
 *(.config_BFC02FF4)
 .config_BFC02FF4
                0xbfc02ff4        0x4 build/default/debug/_ext/1688732426/system_init.o

.config_BFC02FF8
                0xbfc02ff8        0x4
 *(.config_BFC02FF8)
 .config_BFC02FF8
                0xbfc02ff8        0x4 build/default/debug/_ext/1688732426/system_init.o

.config_BFC02FFC
                0xbfc02ffc        0x4
 *(.config_BFC02FFC)
 .config_BFC02FFC
                0xbfc02ffc        0x4 build/default/debug/_ext/1688732426/system_init.o
                0xbfc02000                PROVIDE (_DBG_CODE_ADDR, 0xbfc02000)
                0x00000ff0                PROVIDE (_DBG_CODE_SIZE, 0xff0)

.reset          0xbfc00000      0x208
 *(.reset)
 .reset         0xbfc00000        0x8 c:/program files (x86)/microchip/xc32/v1.42/bin/bin/../../lib/gcc/pic32mx/4.8.3/../../../../pic32mx/lib/./proc/32MX795F512L/crt0_mips32r2.o
                0xbfc00000                _reset
 *(.reset.startup)
 .reset.startup
                0xbfc00008      0x200 c:/program files (x86)/microchip/xc32/v1.42/bin/bin/../../lib/gcc/pic32mx/4.8.3/../../../../pic32mx/lib/./proc/32MX795F512L/crt0_mips32r2.o

.bev_excpt      0xbfc00380       0x10
 *(.bev_handler)
 .bev_handler   0xbfc00380       0x10 c:/program files (x86)/microchip/xc32/v1.42/bin/bin/../../lib/gcc/pic32mx/4.8.3/../../../../pic32mx/lib/./proc/32MX795F512L/crt0_mips32r2.o

.dbg_excpt      0xbfc00480        0x0
                0xbfc00480                . = (. + DEFINED (_DEBUGGER)?0x8:0x0)

.dbg_code       0xbfc02000        0x0
                0xbfc02000                . = (. + DEFINED (_DEBUGGER)?_DBG_CODE_SIZE:0x0)

.app_excpt      0x9fc01180       0x10
 *(.gen_handler)
 .gen_handler   0x9fc01180       0x10 c:/program files (x86)/microchip/xc32/v1.42/bin/bin/../../lib/gcc/pic32mx/4.8.3/../../../../pic32mx/lib/./proc/32MX795F512L/crt0_mips32r2.o

.vector_0       0x9fc01200        0x8
 *(.vector_0)
 .vector_0      0x9fc01200        0x8 c:/program files (x86)/microchip/xc32/v1.42/bin/bin/../../lib/gcc/pic32mx/4.8.3/../../../../pic32mx/lib\libpic32.a(vector0.o)
                0x9fc01200                __vector_dispatch_0
                0x00000001                ASSERT (((_vector_spacing == 0x0) || (SIZEOF (.vector_0) <= (_vector_spacing << 0x5))), function at exception vector 0 too large)

.vector_1       0x9fc01220        0x8
 *(.vector_1)
 .vector_1      0x9fc01220        0x8 build/default/debug/_ext/12131622/port.o
                0x9fc01220                __vector_dispatch_1
                0x00000001                ASSERT (((_vector_spacing == 0x0) || (SIZEOF (.vector_1) <= (_vector_spacing << 0x5))), function at exception vector 1 too large)

.vector_2       0x9fc01240        0x8
 *(.vector_2)
 .vector_2      0x9fc01240        0x8 c:/program files (x86)/microchip/xc32/v1.42/bin/bin/../../lib/gcc/pic32mx/4.8.3/../../../../pic32mx/lib\libpic32.a(vector2.o)
                0x9fc01240                __vector_dispatch_2
                0x00000001                ASSERT (((_vector_spacing == 0x0) || (SIZEOF (.vector_2) <= (_vector_spacing << 0x5))), function at exception vector 2 too large)

.vector_3       0x9fc01260        0x8
 *(.vector_3)
 .vector_3      0x9fc01260        0x8 c:/program files (x86)/microchip/xc32/v1.42/bin/bin/../../lib/gcc/pic32mx/4.8.3/../../../../pic32mx/lib\libpic32.a(vector3.o)
                0x9fc01260                __vector_dispatch_3
                0x00000001                ASSERT (((_vector_spacing == 0x0) || (SIZEOF (.vector_3) <= (_vector_spacing << 0x5))), function at exception vector 3 too large)

.vector_4       0x9fc01280        0x8
 *(.vector_4)
 .vector_4      0x9fc01280        0x8 build/default/debug/_ext/12131622/port.o
                0x9fc01280                __vector_dispatch_4
                0x00000001                ASSERT (((_vector_spacing == 0x0) || (SIZEOF (.vector_4) <= (_vector_spacing << 0x5))), function at exception vector 4 too large)

.vector_5       0x9fc012a0        0x8
 *(.vector_5)
 .vector_5      0x9fc012a0        0x8 c:/program files (x86)/microchip/xc32/v1.42/bin/bin/../../lib/gcc/pic32mx/4.8.3/../../../../pic32mx/lib\libpic32.a(vector5.o)
                0x9fc012a0                __vector_dispatch_5
                0x00000001                ASSERT (((_vector_spacing == 0x0) || (SIZEOF (.vector_5) <= (_vector_spacing << 0x5))), function at exception vector 5 too large)

.vector_6       0x9fc012c0        0x8
 *(.vector_6)
 .vector_6      0x9fc012c0        0x8 c:/program files (x86)/microchip/xc32/v1.42/bin/bin/../../lib/gcc/pic32mx/4.8.3/../../../../pic32mx/lib\libpic32.a(vector6.o)
                0x9fc012c0                __vector_dispatch_6
                0x00000001                ASSERT (((_vector_spacing == 0x0) || (SIZEOF (.vector_6) <= (_vector_spacing << 0x5))), function at exception vector 6 too large)

.vector_7       0x9fc012e0        0x8
 *(.vector_7)
 .vector_7      0x9fc012e0        0x8 c:/program files (x86)/microchip/xc32/v1.42/bin/bin/../../lib/gcc/pic32mx/4.8.3/../../../../pic32mx/lib\libpic32.a(vector7.o)
                0x9fc012e0                __vector_dispatch_7
                0x00000001                ASSERT (((_vector_spacing == 0x0) || (SIZEOF (.vector_7) <= (_vector_spacing << 0x5))), function at exception vector 7 too large)

.vector_8       0x9fc01300       0x10
 *(.vector_8)
 .vector_8      0x9fc01300       0x10 build/default/debug/_ext/1688732426/system_interrupt_a.o
                0x9fc01300                __vector_dispatch_8
                0x00000001                ASSERT (((_vector_spacing == 0x0) || (SIZEOF (.vector_8) <= (_vector_spacing << 0x5))), function at exception vector 8 too large)

.vector_9       0x9fc01320        0x8
 *(.vector_9)
 .vector_9      0x9fc01320        0x8 c:/program files (x86)/microchip/xc32/v1.42/bin/bin/../../lib/gcc/pic32mx/4.8.3/../../../../pic32mx/lib\libpic32.a(vector9.o)
                0x9fc01320                __vector_dispatch_9
                0x00000001                ASSERT (((_vector_spacing == 0x0) || (SIZEOF (.vector_9) <= (_vector_spacing << 0x5))), function at exception vector 9 too large)

.vector_10      0x9fc01340        0x8
 *(.vector_10)
 .vector_10     0x9fc01340        0x8 c:/program files (x86)/microchip/xc32/v1.42/bin/bin/../../lib/gcc/pic32mx/4.8.3/../../../../pic32mx/lib\libpic32.a(vector10.o)
                0x9fc01340                __vector_dispatch_10
                0x00000001                ASSERT (((_vector_spacing == 0x0) || (SIZEOF (.vector_10) <= (_vector_spacing << 0x5))), function at exception vector 10 too large)

.vector_11      0x9fc01360        0x8
 *(.vector_11)
 .vector_11     0x9fc01360        0x8 c:/program files (x86)/microchip/xc32/v1.42/bin/bin/../../lib/gcc/pic32mx/4.8.3/../../../../pic32mx/lib\libpic32.a(vector11.o)
                0x9fc01360                __vector_dispatch_11
                0x00000001                ASSERT (((_vector_spacing == 0x0) || (SIZEOF (.vector_11) <= (_vector_spacing << 0x5))), function at exception vector 11 too large)

.vector_12      0x9fc01380       0x10
 *(.vector_12)
 .vector_12     0x9fc01380       0x10 build/default/debug/_ext/1688732426/system_interrupt_a.o
                0x9fc01380                __vector_dispatch_12
                0x00000001                ASSERT (((_vector_spacing == 0x0) || (SIZEOF (.vector_12) <= (_vector_spacing << 0x5))), function at exception vector 12 too large)

.vector_13      0x9fc013a0        0x8
 *(.vector_13)
 .vector_13     0x9fc013a0        0x8 c:/program files (x86)/microchip/xc32/v1.42/bin/bin/../../lib/gcc/pic32mx/4.8.3/../../../../pic32mx/lib\libpic32.a(vector13.o)
                0x9fc013a0                __vector_dispatch_13
                0x00000001                ASSERT (((_vector_spacing == 0x0) || (SIZEOF (.vector_13) <= (_vector_spacing << 0x5))), function at exception vector 13 too large)

.vector_14      0x9fc013c0        0x8
 *(.vector_14)
 .vector_14     0x9fc013c0        0x8 c:/program files (x86)/microchip/xc32/v1.42/bin/bin/../../lib/gcc/pic32mx/4.8.3/../../../../pic32mx/lib\libpic32.a(vector14.o)
                0x9fc013c0                __vector_dispatch_14
                0x00000001                ASSERT (((_vector_spacing == 0x0) || (SIZEOF (.vector_14) <= (_vector_spacing << 0x5))), function at exception vector 14 too large)

.vector_15      0x9fc013e0       0x10
 *(.vector_15)
 .vector_15     0x9fc013e0       0x10 build/default/debug/_ext/1688732426/system_interrupt_a.o
                0x9fc013e0                __vector_dispatch_15
                0x00000001                ASSERT (((_vector_spacing == 0x0) || (SIZEOF (.vector_15) <= (_vector_spacing << 0x5))), function at exception vector 15 too large)

.vector_16      0x9fc01400       0x10
 *(.vector_16)
 .vector_16     0x9fc01400       0x10 build/default/debug/_ext/1688732426/system_interrupt_a.o
                0x9fc01400                __vector_dispatch_16
                0x00000001                ASSERT (((_vector_spacing == 0x0) || (SIZEOF (.vector_16) <= (_vector_spacing << 0x5))), function at exception vector 16 too large)

.vector_17      0x9fc01420        0x8
 *(.vector_17)
 .vector_17     0x9fc01420        0x8 c:/program files (x86)/microchip/xc32/v1.42/bin/bin/../../lib/gcc/pic32mx/4.8.3/../../../../pic32mx/lib\libpic32.a(vector17.o)
                0x9fc01420                __vector_dispatch_17
                0x00000001                ASSERT (((_vector_spacing == 0x0) || (SIZEOF (.vector_17) <= (_vector_spacing << 0x5))), function at exception vector 17 too large)

.vector_18      0x9fc01440        0x8
 *(.vector_18)
 .vector_18     0x9fc01440        0x8 c:/program files (x86)/microchip/xc32/v1.42/bin/bin/../../lib/gcc/pic32mx/4.8.3/../../../../pic32mx/lib\libpic32.a(vector18.o)
                0x9fc01440                __vector_dispatch_18
                0x00000001                ASSERT (((_vector_spacing == 0x0) || (SIZEOF (.vector_18) <= (_vector_spacing << 0x5))), function at exception vector 18 too large)

.vector_19      0x9fc01460       0x10
 *(.vector_19)
 .vector_19     0x9fc01460       0x10 build/default/debug/_ext/1688732426/system_interrupt_a.o
                0x9fc01460                __vector_dispatch_19
                0x00000001                ASSERT (((_vector_spacing == 0x0) || (SIZEOF (.vector_19) <= (_vector_spacing << 0x5))), function at exception vector 19 too large)

.vector_20      0x9fc01480       0x10
 *(.vector_20)
 .vector_20     0x9fc01480       0x10 build/default/debug/_ext/1688732426/system_interrupt_a.o
                0x9fc01480                __vector_dispatch_20
                0x00000001                ASSERT (((_vector_spacing == 0x0) || (SIZEOF (.vector_20) <= (_vector_spacing << 0x5))), function at exception vector 20 too large)

.vector_21      0x9fc014a0        0x8
 *(.vector_21)
 .vector_21     0x9fc014a0        0x8 c:/program files (x86)/microchip/xc32/v1.42/bin/bin/../../lib/gcc/pic32mx/4.8.3/../../../../pic32mx/lib\libpic32.a(vector21.o)
                0x9fc014a0                __vector_dispatch_21
                0x00000001                ASSERT (((_vector_spacing == 0x0) || (SIZEOF (.vector_21) <= (_vector_spacing << 0x5))), function at exception vector 21 too large)

.vector_22      0x9fc014c0        0x8
 *(.vector_22)
 .vector_22     0x9fc014c0        0x8 c:/program files (x86)/microchip/xc32/v1.42/bin/bin/../../lib/gcc/pic32mx/4.8.3/../../../../pic32mx/lib\libpic32.a(vector22.o)
                0x9fc014c0                __vector_dispatch_22
                0x00000001                ASSERT (((_vector_spacing == 0x0) || (SIZEOF (.vector_22) <= (_vector_spacing << 0x5))), function at exception vector 22 too large)

.vector_23      0x9fc014e0        0x8
 *(.vector_23)
 .vector_23     0x9fc014e0        0x8 c:/program files (x86)/microchip/xc32/v1.42/bin/bin/../../lib/gcc/pic32mx/4.8.3/../../../../pic32mx/lib\libpic32.a(vector23.o)
                0x9fc014e0                __vector_dispatch_23
                0x00000001                ASSERT (((_vector_spacing == 0x0) || (SIZEOF (.vector_23) <= (_vector_spacing << 0x5))), function at exception vector 23 too large)

.vector_24      0x9fc01500        0x8
 *(.vector_24)
 .vector_24     0x9fc01500        0x8 c:/program files (x86)/microchip/xc32/v1.42/bin/bin/../../lib/gcc/pic32mx/4.8.3/../../../../pic32mx/lib\libpic32.a(vector24.o)
                0x9fc01500                __vector_dispatch_24
                0x00000001                ASSERT (((_vector_spacing == 0x0) || (SIZEOF (.vector_24) <= (_vector_spacing << 0x5))), function at exception vector 24 too large)

.vector_25      0x9fc01520        0x8
 *(.vector_25)
 .vector_25     0x9fc01520        0x8 c:/program files (x86)/microchip/xc32/v1.42/bin/bin/../../lib/gcc/pic32mx/4.8.3/../../../../pic32mx/lib\libpic32.a(vector25.o)
                0x9fc01520                __vector_dispatch_25
                0x00000001                ASSERT (((_vector_spacing == 0x0) || (SIZEOF (.vector_25) <= (_vector_spacing << 0x5))), function at exception vector 25 too large)

.vector_26      0x9fc01540        0x8
 *(.vector_26)
 .vector_26     0x9fc01540        0x8 c:/program files (x86)/microchip/xc32/v1.42/bin/bin/../../lib/gcc/pic32mx/4.8.3/../../../../pic32mx/lib\libpic32.a(vector26.o)
                0x9fc01540                __vector_dispatch_26
                0x00000001                ASSERT (((_vector_spacing == 0x0) || (SIZEOF (.vector_26) <= (_vector_spacing << 0x5))), function at exception vector 26 too large)

.vector_27      0x9fc01560       0x10
 *(.vector_27)
 .vector_27     0x9fc01560       0x10 build/default/debug/_ext/1688732426/system_interrupt_a.o
                0x9fc01560                __vector_dispatch_27
                0x00000001                ASSERT (((_vector_spacing == 0x0) || (SIZEOF (.vector_27) <= (_vector_spacing << 0x5))), function at exception vector 27 too large)

.vector_28      0x9fc01580        0x8
 *(.vector_28)
 .vector_28     0x9fc01580        0x8 c:/program files (x86)/microchip/xc32/v1.42/bin/bin/../../lib/gcc/pic32mx/4.8.3/../../../../pic32mx/lib\libpic32.a(vector28.o)
                0x9fc01580                __vector_dispatch_28
                0x00000001                ASSERT (((_vector_spacing == 0x0) || (SIZEOF (.vector_28) <= (_vector_spacing << 0x5))), function at exception vector 28 too large)

.vector_29      0x9fc015a0        0x8
 *(.vector_29)
 .vector_29     0x9fc015a0        0x8 c:/program files (x86)/microchip/xc32/v1.42/bin/bin/../../lib/gcc/pic32mx/4.8.3/../../../../pic32mx/lib\libpic32.a(vector29.o)
                0x9fc015a0                __vector_dispatch_29
                0x00000001                ASSERT (((_vector_spacing == 0x0) || (SIZEOF (.vector_29) <= (_vector_spacing << 0x5))), function at exception vector 29 too large)

.vector_30      0x9fc015c0        0x8
 *(.vector_30)
 .vector_30     0x9fc015c0        0x8 c:/program files (x86)/microchip/xc32/v1.42/bin/bin/../../lib/gcc/pic32mx/4.8.3/../../../../pic32mx/lib\libpic32.a(vector30.o)
                0x9fc015c0                __vector_dispatch_30
                0x00000001                ASSERT (((_vector_spacing == 0x0) || (SIZEOF (.vector_30) <= (_vector_spacing << 0x5))), function at exception vector 30 too large)

.vector_31      0x9fc015e0        0x8
 *(.vector_31)
 .vector_31     0x9fc015e0        0x8 c:/program files (x86)/microchip/xc32/v1.42/bin/bin/../../lib/gcc/pic32mx/4.8.3/../../../../pic32mx/lib\libpic32.a(vector31.o)
                0x9fc015e0                __vector_dispatch_31
                0x00000001                ASSERT (((_vector_spacing == 0x0) || (SIZEOF (.vector_31) <= (_vector_spacing << 0x5))), function at exception vector 31 too large)

.vector_32      0x9fc01600        0x8
 *(.vector_32)
 .vector_32     0x9fc01600        0x8 c:/program files (x86)/microchip/xc32/v1.42/bin/bin/../../lib/gcc/pic32mx/4.8.3/../../../../pic32mx/lib\libpic32.a(vector32.o)
                0x9fc01600                __vector_dispatch_32
                0x00000001                ASSERT (((_vector_spacing == 0x0) || (SIZEOF (.vector_32) <= (_vector_spacing << 0x5))), function at exception vector 32 too large)

.vector_33      0x9fc01620        0x8
 *(.vector_33)
 .vector_33     0x9fc01620        0x8 c:/program files (x86)/microchip/xc32/v1.42/bin/bin/../../lib/gcc/pic32mx/4.8.3/../../../../pic32mx/lib\libpic32.a(vector33.o)
                0x9fc01620                __vector_dispatch_33
                0x00000001                ASSERT (((_vector_spacing == 0x0) || (SIZEOF (.vector_33) <= (_vector_spacing << 0x5))), function at exception vector 33 too large)

.vector_34      0x9fc01640        0x8
 *(.vector_34)
 .vector_34     0x9fc01640        0x8 c:/program files (x86)/microchip/xc32/v1.42/bin/bin/../../lib/gcc/pic32mx/4.8.3/../../../../pic32mx/lib\libpic32.a(vector34.o)
                0x9fc01640                __vector_dispatch_34
                0x00000001                ASSERT (((_vector_spacing == 0x0) || (SIZEOF (.vector_34) <= (_vector_spacing << 0x5))), function at exception vector 34 too large)

.vector_35      0x9fc01660        0x8
 *(.vector_35)
 .vector_35     0x9fc01660        0x8 c:/program files (x86)/microchip/xc32/v1.42/bin/bin/../../lib/gcc/pic32mx/4.8.3/../../../../pic32mx/lib\libpic32.a(vector35.o)
                0x9fc01660                __vector_dispatch_35
                0x00000001                ASSERT (((_vector_spacing == 0x0) || (SIZEOF (.vector_35) <= (_vector_spacing << 0x5))), function at exception vector 35 too large)

.vector_36      0x9fc01680        0x8
 *(.vector_36)
 .vector_36     0x9fc01680        0x8 c:/program files (x86)/microchip/xc32/v1.42/bin/bin/../../lib/gcc/pic32mx/4.8.3/../../../../pic32mx/lib\libpic32.a(vector36.o)
                0x9fc01680                __vector_dispatch_36
                0x00000001                ASSERT (((_vector_spacing == 0x0) || (SIZEOF (.vector_36) <= (_vector_spacing << 0x5))), function at exception vector 36 too large)

.vector_37      0x9fc016a0        0x8
 *(.vector_37)
 .vector_37     0x9fc016a0        0x8 c:/program files (x86)/microchip/xc32/v1.42/bin/bin/../../lib/gcc/pic32mx/4.8.3/../../../../pic32mx/lib\libpic32.a(vector37.o)
                0x9fc016a0                __vector_dispatch_37
                0x00000001                ASSERT (((_vector_spacing == 0x0) || (SIZEOF (.vector_37) <= (_vector_spacing << 0x5))), function at exception vector 37 too large)

.vector_38      0x9fc016c0        0x8
 *(.vector_38)
 .vector_38     0x9fc016c0        0x8 c:/program files (x86)/microchip/xc32/v1.42/bin/bin/../../lib/gcc/pic32mx/4.8.3/../../../../pic32mx/lib\libpic32.a(vector38.o)
                0x9fc016c0                __vector_dispatch_38
                0x00000001                ASSERT (((_vector_spacing == 0x0) || (SIZEOF (.vector_38) <= (_vector_spacing << 0x5))), function at exception vector 38 too large)

.vector_39      0x9fc016e0        0x8
 *(.vector_39)
 .vector_39     0x9fc016e0        0x8 c:/program files (x86)/microchip/xc32/v1.42/bin/bin/../../lib/gcc/pic32mx/4.8.3/../../../../pic32mx/lib\libpic32.a(vector39.o)
                0x9fc016e0                __vector_dispatch_39
                0x00000001                ASSERT (((_vector_spacing == 0x0) || (SIZEOF (.vector_39) <= (_vector_spacing << 0x5))), function at exception vector 39 too large)

.vector_40      0x9fc01700        0x8
 *(.vector_40)
 .vector_40     0x9fc01700        0x8 c:/program files (x86)/microchip/xc32/v1.42/bin/bin/../../lib/gcc/pic32mx/4.8.3/../../../../pic32mx/lib\libpic32.a(vector40.o)
                0x9fc01700                __vector_dispatch_40
                0x00000001                ASSERT (((_vector_spacing == 0x0) || (SIZEOF (.vector_40) <= (_vector_spacing << 0x5))), function at exception vector 40 too large)

.vector_41      0x9fc01720        0x8
 *(.vector_41)
 .vector_41     0x9fc01720        0x8 c:/program files (x86)/microchip/xc32/v1.42/bin/bin/../../lib/gcc/pic32mx/4.8.3/../../../../pic32mx/lib\libpic32.a(vector41.o)
                0x9fc01720                __vector_dispatch_41
                0x00000001                ASSERT (((_vector_spacing == 0x0) || (SIZEOF (.vector_41) <= (_vector_spacing << 0x5))), function at exception vector 41 too large)

.vector_42      0x9fc01740        0x8
 *(.vector_42)
 .vector_42     0x9fc01740        0x8 c:/program files (x86)/microchip/xc32/v1.42/bin/bin/../../lib/gcc/pic32mx/4.8.3/../../../../pic32mx/lib\libpic32.a(vector42.o)
                0x9fc01740                __vector_dispatch_42
                0x00000001                ASSERT (((_vector_spacing == 0x0) || (SIZEOF (.vector_42) <= (_vector_spacing << 0x5))), function at exception vector 42 too large)

.vector_43      0x9fc01760        0x8
 *(.vector_43)
 .vector_43     0x9fc01760        0x8 c:/program files (x86)/microchip/xc32/v1.42/bin/bin/../../lib/gcc/pic32mx/4.8.3/../../../../pic32mx/lib\libpic32.a(vector43.o)
                0x9fc01760                __vector_dispatch_43
                0x00000001                ASSERT (((_vector_spacing == 0x0) || (SIZEOF (.vector_43) <= (_vector_spacing << 0x5))), function at exception vector 43 too large)

.vector_44      0x9fc01780        0x8
 *(.vector_44)
 .vector_44     0x9fc01780        0x8 c:/program files (x86)/microchip/xc32/v1.42/bin/bin/../../lib/gcc/pic32mx/4.8.3/../../../../pic32mx/lib\libpic32.a(vector44.o)
                0x9fc01780                __vector_dispatch_44
                0x00000001                ASSERT (((_vector_spacing == 0x0) || (SIZEOF (.vector_44) <= (_vector_spacing << 0x5))), function at exception vector 44 too large)

.vector_45      0x9fc017a0        0x8
 *(.vector_45)
 .vector_45     0x9fc017a0        0x8 c:/program files (x86)/microchip/xc32/v1.42/bin/bin/../../lib/gcc/pic32mx/4.8.3/../../../../pic32mx/lib\libpic32.a(vector45.o)
                0x9fc017a0                __vector_dispatch_45
                0x00000001                ASSERT (((_vector_spacing == 0x0) || (SIZEOF (.vector_45) <= (_vector_spacing << 0x5))), function at exception vector 45 too large)

.vector_46      0x9fc017c0        0x8
 *(.vector_46)
 .vector_46     0x9fc017c0        0x8 c:/program files (x86)/microchip/xc32/v1.42/bin/bin/../../lib/gcc/pic32mx/4.8.3/../../../../pic32mx/lib\libpic32.a(vector46.o)
                0x9fc017c0                __vector_dispatch_46
                0x00000001                ASSERT (((_vector_spacing == 0x0) || (SIZEOF (.vector_46) <= (_vector_spacing << 0x5))), function at exception vector 46 too large)

.vector_47      0x9fc017e0        0x8
 *(.vector_47)
 .vector_47     0x9fc017e0        0x8 c:/program files (x86)/microchip/xc32/v1.42/bin/bin/../../lib/gcc/pic32mx/4.8.3/../../../../pic32mx/lib\libpic32.a(vector47.o)
                0x9fc017e0                __vector_dispatch_47
                0x00000001                ASSERT (((_vector_spacing == 0x0) || (SIZEOF (.vector_47) <= (_vector_spacing << 0x5))), function at exception vector 47 too large)

.vector_48      0x9fc01800        0x8
 *(.vector_48)
 .vector_48     0x9fc01800        0x8 c:/program files (x86)/microchip/xc32/v1.42/bin/bin/../../lib/gcc/pic32mx/4.8.3/../../../../pic32mx/lib\libpic32.a(vector48.o)
                0x9fc01800                __vector_dispatch_48
                0x00000001                ASSERT (((_vector_spacing == 0x0) || (SIZEOF (.vector_48) <= (_vector_spacing << 0x5))), function at exception vector 48 too large)

.vector_49      0x9fc01820        0x8
 *(.vector_49)
 .vector_49     0x9fc01820        0x8 c:/program files (x86)/microchip/xc32/v1.42/bin/bin/../../lib/gcc/pic32mx/4.8.3/../../../../pic32mx/lib\libpic32.a(vector49.o)
                0x9fc01820                __vector_dispatch_49
                0x00000001                ASSERT (((_vector_spacing == 0x0) || (SIZEOF (.vector_49) <= (_vector_spacing << 0x5))), function at exception vector 49 too large)

.vector_50      0x9fc01840        0x8
 *(.vector_50)
 .vector_50     0x9fc01840        0x8 c:/program files (x86)/microchip/xc32/v1.42/bin/bin/../../lib/gcc/pic32mx/4.8.3/../../../../pic32mx/lib\libpic32.a(vector50.o)
                0x9fc01840                __vector_dispatch_50
                0x00000001                ASSERT (((_vector_spacing == 0x0) || (SIZEOF (.vector_50) <= (_vector_spacing << 0x5))), function at exception vector 50 too large)

.vector_51      0x9fc01860        0x8
 *(.vector_51)
 .vector_51     0x9fc01860        0x8 c:/program files (x86)/microchip/xc32/v1.42/bin/bin/../../lib/gcc/pic32mx/4.8.3/../../../../pic32mx/lib\libpic32.a(vector51.o)
                0x9fc01860                __vector_dispatch_51
                0x00000001                ASSERT (((_vector_spacing == 0x0) || (SIZEOF (.vector_51) <= (_vector_spacing << 0x5))), function at exception vector 51 too large)

.vector_52      0x9fc01880        0x0
 *(.vector_52)
                0x00000001                ASSERT (((_vector_spacing == 0x0) || (SIZEOF (.vector_52) <= (_vector_spacing << 0x5))), function at exception vector 52 too large)

.vector_53      0x9fc018a0        0x0
 *(.vector_53)
                0x00000001                ASSERT (((_vector_spacing == 0x0) || (SIZEOF (.vector_53) <= (_vector_spacing << 0x5))), function at exception vector 53 too large)

.vector_54      0x9fc018c0        0x0
 *(.vector_54)
                0x00000001                ASSERT (((_vector_spacing == 0x0) || (SIZEOF (.vector_54) <= (_vector_spacing << 0x5))), function at exception vector 54 too large)

.vector_55      0x9fc018e0        0x0
 *(.vector_55)
                0x00000001                ASSERT (((_vector_spacing == 0x0) || (SIZEOF (.vector_55) <= (_vector_spacing << 0x5))), function at exception vector 55 too large)

.vector_56      0x9fc01900        0x0
 *(.vector_56)
                0x00000001                ASSERT (((_vector_spacing == 0x0) || (SIZEOF (.vector_56) <= (_vector_spacing << 0x5))), function at exception vector 56 too large)

.vector_57      0x9fc01920        0x0
 *(.vector_57)
                0x00000001                ASSERT (((_vector_spacing == 0x0) || (SIZEOF (.vector_57) <= (_vector_spacing << 0x5))), function at exception vector 57 too large)

.vector_58      0x9fc01940        0x0
 *(.vector_58)
                0x00000001                ASSERT (((_vector_spacing == 0x0) || (SIZEOF (.vector_58) <= (_vector_spacing << 0x5))), function at exception vector 58 too large)

.vector_59      0x9fc01960        0x0
 *(.vector_59)
                0x00000001                ASSERT (((_vector_spacing == 0x0) || (SIZEOF (.vector_59) <= (_vector_spacing << 0x5))), function at exception vector 59 too large)

.vector_60      0x9fc01980        0x0
 *(.vector_60)
                0x00000001                ASSERT (((_vector_spacing == 0x0) || (SIZEOF (.vector_60) <= (_vector_spacing << 0x5))), function at exception vector 60 too large)

.vector_61      0x9fc019a0        0x0
 *(.vector_61)
                0x00000001                ASSERT (((_vector_spacing == 0x0) || (SIZEOF (.vector_61) <= (_vector_spacing << 0x5))), function at exception vector 61 too large)

.vector_62      0x9fc019c0        0x0
 *(.vector_62)
                0x00000001                ASSERT (((_vector_spacing == 0x0) || (SIZEOF (.vector_62) <= (_vector_spacing << 0x5))), function at exception vector 62 too large)

.vector_63      0x9fc019e0        0x0
 *(.vector_63)
                0x00000001                ASSERT (((_vector_spacing == 0x0) || (SIZEOF (.vector_63) <= (_vector_spacing << 0x5))), function at exception vector 63 too large)

.startup
 *(.startup)

.text           0x9d000000        0x0
 *(.stub .gnu.linkonce.t.*)
 *(.text.*personality*)
 *(.mips16.fn.*)
 *(.mips16.call.*)
 *(.gnu.warning)
                0x9d000000                . = ALIGN (0x4)

.init           0x9d000000        0x0
 *crti.o(.init)
 *crtbegin.o(.init)
 *(EXCLUDE_FILE(*crtn.o *crtend?.o *crtend.o) .init)
 *crtend.o(.init)
 *crtn.o(.init)
                0x9d000000                . = ALIGN (0x4)

.fini           0x9d000000        0x0
 *(.fini)
                0x9d000000                . = ALIGN (0x4)

.preinit_array  0x9d000000        0x0
                0x9d000000                PROVIDE (__preinit_array_start, .)
 *(.preinit_array)
                0x9d000000                PROVIDE (__preinit_array_end, .)
                0x9d000000                . = ALIGN (0x4)

.init_array     0x9d000000        0x0
                0x9d000000                PROVIDE (__init_array_start, .)
 *(SORT(.init_array.*))
 *(.init_array)
                0x9d000000                PROVIDE (__init_array_end, .)
                0x9d000000                . = ALIGN (0x4)

.fini_array     0x9d000000        0x0
                0x9d000000                PROVIDE (__fini_array_start, .)
 *(SORT(.fini_array.*))
 *(.fini_array)
                0x9d000000                PROVIDE (__fini_array_end, .)
                0x9d000000                . = ALIGN (0x4)

.ctors          0x9d000000        0x0
 *crtbegin.o(.ctors)
 *crtbegin?.o(.ctors)
 *(EXCLUDE_FILE(*crtend?.o *crtend.o) .ctors)
 *(SORT(.ctors.*))
 *(.ctors)
                0x9d000000                . = ALIGN (0x4)

.dtors          0x9d000000        0x0
 *crtbegin.o(.dtors)
 *crtbegin?.o(.dtors)
 *(EXCLUDE_FILE(*crtend?.o *crtend.o) .dtors)
 *(SORT(.dtors.*))
 *(.dtors)
                0x9d000000                . = ALIGN (0x4)

.rodata         0x9d000000        0x0
 *(.gnu.linkonce.r.*)
 *(.rodata1)
                0x9d000000                . = ALIGN (0x4)

.sdata2         0x9fc00490        0x0
 *(.sdata2 .sdata2.* .gnu.linkonce.s2.*)
                0x9fc00490                . = ALIGN (0x4)

.sbss2          0x9fc00490        0x0
 *(.sbss2 .sbss2.* .gnu.linkonce.sb2.*)
                0x9fc00490                . = ALIGN (0x4)

.eh_frame_hdr
 *(.eh_frame_hdr)
                0x9fc00490                . = ALIGN (0x4)

.eh_frame
 *(.eh_frame)
                0x9fc00490                . = ALIGN (0x4)

.gcc_except_table
 *(.gcc_except_table .gcc_except_table.*)
                0x9fc00490                . = ALIGN (0x4)

.dbg_data       0xa0000200        0x0
                0xa0000200                . = (. + DEFINED (_DEBUGGER)?0x200:0x0)

.jcr            0xa0000200        0x0
 *(.jcr)
                0xa0000200                . = ALIGN (0x4)

.eh_frame
 *(.eh_frame)
                0xa0000200                . = ALIGN (0x4)

.gcc_except_table
 *(.gcc_except_table .gcc_except_table.*)
                0xa0000200                . = ALIGN (0x4)

.persist        0xa0000200        0x0
                0xa0000200                _persist_begin = .
 *(.persist .persist.*)
 *(.pbss .pbss.*)
                0xa0000200                . = ALIGN (0x4)
                0xa0000200                _persist_end = .

.data           0xa0000200        0x0
 *(.gnu.linkonce.d.*)
 *(.data1)
                0xa0000200                . = ALIGN (0x4)
                0xa0000200                . = .
                0xa00081f0                _gp = (ALIGN (0x10) + 0x7ff0)

.got            0xa0000200        0x0
 *(.got.plt)
 *(.got)
                0xa0000200                . = ALIGN (0x4)

.sdata          0xa0000200       0x14
                0xa0000200                _sdata_begin = .
 *(.sdata .sdata.* .gnu.linkonce.s.*)
 .sdata         0xa0000200        0x8 build/default/debug/_ext/1360937237/motor_encoder_thread.o
                0xa0000200                Right_Encoder_data
                0xa0000204                Left_Encoder_data
 .sdata         0xa0000208        0x8 build/default/debug/_ext/1360937237/Sensor_Control_Thread.o
                0xa0000208                ds
                0xa000020c                df
 .sdata         0xa0000210        0x4 build/default/debug/_ext/12131622/port.o
                0xa0000210                uxInterruptNesting
                0xa0000214                . = ALIGN (0x4)
                0xa0000214                _sdata_end = .

.lit8
 *(.lit8)

.lit4
 *(.lit4)
                0xa0000214                . = ALIGN (0x4)
                0xa0000214                _data_end = .
                0xa0000214                _bss_begin = .

.sbss           0xa0000214       0x78
                0xa0000214                _sbss_begin = .
 *(.dynsbss)
 *(.sbss .sbss.* .gnu.linkonce.sb.*)
 .sbss          0xa0000214        0x4 build/default/debug/_ext/1407244131/drv_tmr_static.o
 .sbss          0xa0000218        0xc build/default/debug/_ext/1688732426/system_exceptions.o
 .sbss          0xa0000224        0x8 build/default/debug/_ext/1360937237/motor_encoder_thread.o
                0xa0000224                right
                0xa0000228                left
 .sbss          0xa000022c        0x8 build/default/debug/_ext/1360937237/Sensor_Control_Thread.o
                0xa000022c                SideIR
                0xa0000230                FrontIR
 .sbss          0xa0000234        0x8 build/default/debug/_ext/1856876499/heap_1.o
 .sbss          0xa000023c        0x4 build/default/debug/_ext/12131622/port.o
                0xa000023c                uxSavedTaskStackPointer
 .sbss          0xa0000240       0x34 build/default/debug/_ext/1128951024/tasks.o
                0xa0000240                uxSchedulerSuspended
                0xa0000244                xIdleTaskHandle
                0xa0000248                xNextTaskUnblockTime
                0xa000024c                uxTaskNumber
                0xa0000250                xNumOfOverflows
                0xa0000254                xYieldPending
                0xa0000258                uxPendedTicks
                0xa000025c                xSchedulerRunning
                0xa0000260                uxTopReadyPriority
                0xa0000264                xTickCount
                0xa0000268                uxCurrentNumberOfTasks
                0xa000026c                uxDeletedTasksWaitingCleanUp
                0xa0000270                pxCurrentTCB
 *(.scommon)
 .scommon       0xa0000274        0x8 build/default/debug/_ext/340578644/sys_devcon.o
                0xa0000274                sysDevconObj
 .scommon       0xa000027c        0x4 build/default/debug/_ext/1360937237/motor_encoder_thread.o
                0xa000027c                Encoder_Q
 .scommon       0xa0000280        0x4 build/default/debug/_ext/1360937237/Sensor_Control_Thread.o
                0xa0000280                IR_Q
 .scommon       0xa0000284        0x8 build/default/debug/_ext/1128951024/tasks.o
                0xa0000284                pxDelayedTaskList
                0xa0000288                pxOverflowDelayedTaskList
                0xa000028c                _sbss_end = .
                0xa000028c                . = ALIGN (0x4)

.bss            0xa000028c       0xc8
 *(.dynbss)
 *(COMMON)
 COMMON         0xa000028c       0xc8 build/default/debug/_ext/1128951024/tasks.o
                0xa000028c                pxReadyTasksLists
                0xa00002f0                xPendingReadyList
                0xa0000304                xTasksWaitingTermination
                0xa0000318                xSuspendedTaskList
                0xa000032c                xDelayedTaskList2
                0xa0000340                xDelayedTaskList1
                0xa0000354                . = ALIGN ((. != 0x0)?0x4:0x1)
                0xa0000354                . = ALIGN (0x4)
                0xa0000354                _end = .
                0xa0000354                _bss_end = .
                0x00020000                _bmxdudba_address = 0x20000
                0x00020000                _bmxdupba_address = 0x20000

/DISCARD/
 *(.pdr)
 *(.rel.dyn)
 *(.note.GNU-stack)
 *(.note.GNU-stack)
 *(.gnu_debuglink)
 *(.gnu.lto_*)
 *(.discard)

.gptab.sdata
 *(.gptab.data)
 *(.gptab.sdata)

.gptab.sbss
 *(.gptab.bss)
 *(.gptab.sbss)

.mdebug.abi32   0xa0000354        0x0
 *(.mdebug.abi32)
 .mdebug.abi32  0xa0000354        0x0 c:/program files (x86)/microchip/xc32/v1.42/bin/bin/../../lib/gcc/pic32mx/4.8.3/../../../../pic32mx/lib\software-debug-break.o
 .mdebug.abi32  0xa0000354        0x0 build/default/debug/_ext/74298950/bsp.o
 .mdebug.abi32  0xa0000354        0x0 build/default/debug/_ext/1361460060/drv_adc_static.o
 .mdebug.abi32  0xa0000354        0x0 build/default/debug/_ext/1047219354/drv_oc_mapping.o
 .mdebug.abi32  0xa0000354        0x0 build/default/debug/_ext/1047219354/drv_oc_static.o
 .mdebug.abi32  0xa0000354        0x0 build/default/debug/_ext/1407244131/drv_tmr_static.o
 .mdebug.abi32  0xa0000354        0x0 build/default/debug/_ext/1407244131/drv_tmr_mapping.o
 .mdebug.abi32  0xa0000354        0x0 build/default/debug/_ext/639803181/sys_clk_pic32mx.o
 .mdebug.abi32  0xa0000354        0x0 build/default/debug/_ext/340578644/sys_devcon.o
 .mdebug.abi32  0xa0000354        0x0 build/default/debug/_ext/340578644/sys_devcon_pic32mx.o
 .mdebug.abi32  0xa0000354        0x0 build/default/debug/_ext/822048611/sys_ports_static.o
 .mdebug.abi32  0xa0000354        0x0 build/default/debug/_ext/1688732426/system_init.o
 .mdebug.abi32  0xa0000354        0x0 build/default/debug/_ext/1688732426/system_interrupt.o
 .mdebug.abi32  0xa0000354        0x0 build/default/debug/_ext/1688732426/system_exceptions.o
 .mdebug.abi32  0xa0000354        0x0 build/default/debug/_ext/1688732426/system_tasks.o
 .mdebug.abi32  0xa0000354        0x0 build/default/debug/_ext/1688732426/rtos_hooks.o
 .mdebug.abi32  0xa0000354        0x0 build/default/debug/_ext/1360937237/motor_encoder_thread.o
 .mdebug.abi32  0xa0000354        0x0 build/default/debug/_ext/1360937237/main.o
 .mdebug.abi32  0xa0000354        0x0 build/default/debug/_ext/1360937237/Sensor_Control_Thread.o
 .mdebug.abi32  0xa0000354        0x0 build/default/debug/_ext/24337685/osal_freertos.o
 .mdebug.abi32  0xa0000354        0x0 build/default/debug/_ext/122796885/sys_int_pic32.o
 .mdebug.abi32  0xa0000354        0x0 build/default/debug/_ext/1856876499/heap_1.o
 .mdebug.abi32  0xa0000354        0x0 build/default/debug/_ext/12131622/port.o
 .mdebug.abi32  0xa0000354        0x0 build/default/debug/_ext/1128951024/croutine.o
 .mdebug.abi32  0xa0000354        0x0 build/default/debug/_ext/1128951024/list.o
 .mdebug.abi32  0xa0000354        0x0 build/default/debug/_ext/1128951024/queue.o
 .mdebug.abi32  0xa0000354        0x0 build/default/debug/_ext/1128951024/tasks.o
 .mdebug.abi32  0xa0000354        0x0 build/default/debug/_ext/1128951024/timers.o
 .mdebug.abi32  0xa0000354        0x0 build/default/debug/_ext/1128951024/event_groups.o
 .mdebug.abi32  0xa0000354        0x0 c:/program files (x86)/microchip/xc32/v1.42/bin/bin/../../lib/gcc/pic32mx/4.8.3/../../../../pic32mx/lib\libpic32.a(default-bootstrap-exception-handler.o)
 .mdebug.abi32  0xa0000354        0x0 c:/program files (x86)/microchip/xc32/v1.42/bin/bin/../../lib/gcc/pic32mx/4.8.3/../../../../pic32mx/lib\libpic32.a(default-on-reset.o)
 .mdebug.abi32  0xa0000354        0x0 c:/program files (x86)/microchip/xc32/v1.42/bin/bin/../../lib/gcc/pic32mx/4.8.3/../../../../pic32mx/lib\libpic32.a(default-on-bootstrap.o)
 .mdebug.abi32  0xa0000354        0x0 c:/program files (x86)/microchip/xc32/v1.42/bin/bin/../../lib/gcc/pic32mx/4.8.3/../../../../pic32mx/lib\libpic32.a(defaultinterrupt.o)

.mdebug.abiN32
 *(.mdebug.abiN32)

.mdebug.abi64
 *(.mdebug.abi64)

.mdebug.abiO64
 *(.mdebug.abiO64)

.mdebug.eabi32
 *(.mdebug.eabi32)

.mdebug.eabi64
 *(.mdebug.eabi64)

.gcc_compiled_long32
 *(.gcc_compiled_long32)

.gcc_compiled_long64
 *(.gcc_compiled_long64)

.stab
 *(.stab)

.stabstr
 *(.stabstr)

.stab.excl
 *(.stab.excl)

.stab.exclstr
 *(.stab.exclstr)

.stab.index
 *(.stab.index)

.stab.indexstr
 *(.stab.indexstr)

.comment        0x00000000       0x54
 *(.comment)
 .comment       0x00000000       0x3c c:/program files (x86)/microchip/xc32/v1.42/bin/bin/../../lib/gcc/pic32mx/4.8.3/../../../../pic32mx/lib\software-debug-break.o
                                 0x3d (size before relaxing)
 .comment       0x00000000       0x3d build/default/debug/_ext/74298950/bsp.o
 .comment       0x00000000       0x3d build/default/debug/_ext/1361460060/drv_adc_static.o
 .comment       0x00000000       0x3d build/default/debug/_ext/1047219354/drv_oc_mapping.o
 .comment       0x00000000       0x3d build/default/debug/_ext/1047219354/drv_oc_static.o
 .comment       0x00000000       0x3d build/default/debug/_ext/1407244131/drv_tmr_static.o
 .comment       0x00000000       0x3d build/default/debug/_ext/1407244131/drv_tmr_mapping.o
 .comment       0x00000000       0x3d build/default/debug/_ext/639803181/sys_clk_pic32mx.o
 .comment       0x00000000       0x3d build/default/debug/_ext/340578644/sys_devcon.o
 .comment       0x00000000       0x3d build/default/debug/_ext/340578644/sys_devcon_pic32mx.o
 .comment       0x00000000       0x3d build/default/debug/_ext/822048611/sys_ports_static.o
 .comment       0x00000000       0x3d build/default/debug/_ext/1688732426/system_init.o
 .comment       0x00000000       0x3d build/default/debug/_ext/1688732426/system_interrupt.o
 .comment       0x00000000       0x3d build/default/debug/_ext/1688732426/system_exceptions.o
 .comment       0x00000000       0x3d build/default/debug/_ext/1688732426/system_tasks.o
 .comment       0x00000000       0x3d build/default/debug/_ext/1688732426/rtos_hooks.o
 .comment       0x00000000       0x3d build/default/debug/_ext/1360937237/motor_encoder_thread.o
 .comment       0x00000000       0x3d build/default/debug/_ext/1360937237/main.o
 .comment       0x00000000       0x3d build/default/debug/_ext/1360937237/Sensor_Control_Thread.o
 .comment       0x00000000       0x3d build/default/debug/_ext/24337685/osal_freertos.o
 .comment       0x00000000       0x3d build/default/debug/_ext/122796885/sys_int_pic32.o
 .comment       0x00000000       0x3d build/default/debug/_ext/1856876499/heap_1.o
 .comment       0x00000000       0x3d build/default/debug/_ext/12131622/port.o
 .comment       0x00000000       0x3d build/default/debug/_ext/1128951024/croutine.o
 .comment       0x00000000       0x3d build/default/debug/_ext/1128951024/list.o
 .comment       0x00000000       0x3d build/default/debug/_ext/1128951024/queue.o
 .comment       0x00000000       0x3d build/default/debug/_ext/1128951024/tasks.o
 .comment       0x00000000       0x3d build/default/debug/_ext/1128951024/timers.o
 .comment       0x00000000       0x3d build/default/debug/_ext/1128951024/event_groups.o
 .comment       0x0000003c       0x18 c:/program files (x86)/microchip/xc32/v1.42/bin/bin/../../lib/gcc/pic32mx/4.8.3/../../../../pic32mx/lib\libpic32.a(memset.o)
                                 0x19 (size before relaxing)
 .comment       0x00000000       0x3d c:/program files (x86)/microchip/xc32/v1.42/bin/bin/../../lib/gcc/pic32mx/4.8.3/../../../../pic32mx/lib\libpic32.a(default-bootstrap-exception-handler.o)
 .comment       0x00000000       0x3d c:/program files (x86)/microchip/xc32/v1.42/bin/bin/../../lib/gcc/pic32mx/4.8.3/../../../../pic32mx/lib\libpic32.a(default-on-reset.o)
 .comment       0x00000000       0x3d c:/program files (x86)/microchip/xc32/v1.42/bin/bin/../../lib/gcc/pic32mx/4.8.3/../../../../pic32mx/lib\libpic32.a(default-on-bootstrap.o)
 .comment       0x00000000       0x3d c:/program files (x86)/microchip/xc32/v1.42/bin/bin/../../lib/gcc/pic32mx/4.8.3/../../../../pic32mx/lib\libpic32.a(defaultinterrupt.o)

.debug
 *(.debug)

.line
 *(.line)

.debug_srcinfo
 *(.debug_srcinfo)

.debug_sfnames
 *(.debug_sfnames)

.debug_aranges  0x00000000      0xe18
 *(.debug_aranges)
 .debug_aranges
                0x00000000       0x20 c:/program files (x86)/microchip/xc32/v1.42/bin/bin/../../lib/gcc/pic32mx/4.8.3/../../../../pic32mx/lib\software-debug-break.o
 .debug_aranges
                0x00000020       0x58 build/default/debug/_ext/74298950/bsp.o
 .debug_aranges
                0x00000078       0x78 build/default/debug/_ext/1361460060/drv_adc_static.o
 .debug_aranges
                0x000000f0       0x50 build/default/debug/_ext/1047219354/drv_oc_mapping.o
 .debug_aranges
                0x00000140       0x88 build/default/debug/_ext/1047219354/drv_oc_static.o
 .debug_aranges
                0x000001c8      0x200 build/default/debug/_ext/1407244131/drv_tmr_static.o
 .debug_aranges
                0x000003c8       0xe8 build/default/debug/_ext/1407244131/drv_tmr_mapping.o
 .debug_aranges
                0x000004b0       0x50 build/default/debug/_ext/639803181/sys_clk_pic32mx.o
 .debug_aranges
                0x00000500       0x78 build/default/debug/_ext/340578644/sys_devcon.o
 .debug_aranges
                0x00000578       0x20 build/default/debug/_ext/340578644/sys_devcon_pic32mx.o
 .debug_aranges
                0x00000598      0x148 build/default/debug/_ext/822048611/sys_ports_static.o
 .debug_aranges
                0x000006e0       0x20 build/default/debug/_ext/1688732426/system_init.o
 .debug_aranges
                0x00000700       0x50 build/default/debug/_ext/1688732426/system_interrupt.o
 .debug_aranges
                0x00000750       0x20 build/default/debug/_ext/1688732426/system_exceptions.o
 .debug_aranges
                0x00000770       0x38 build/default/debug/_ext/1688732426/system_tasks.o
 .debug_aranges
                0x000007a8       0x88 build/default/debug/_ext/1688732426/system_interrupt_a.o
 .debug_aranges
                0x00000830       0x28 build/default/debug/_ext/1688732426/rtos_hooks.o
 .debug_aranges
                0x00000858       0x48 build/default/debug/_ext/1360937237/motor_encoder_thread.o
 .debug_aranges
                0x000008a0       0x20 build/default/debug/_ext/1360937237/main.o
 .debug_aranges
                0x000008c0       0x38 build/default/debug/_ext/1360937237/Sensor_Control_Thread.o
 .debug_aranges
                0x000008f8       0x88 build/default/debug/_ext/24337685/osal_freertos.o
 .debug_aranges
                0x00000980       0x48 build/default/debug/_ext/122796885/sys_int_pic32.o
 .debug_aranges
                0x000009c8       0x38 build/default/debug/_ext/1856876499/heap_1.o
 .debug_aranges
                0x00000a00       0x58 build/default/debug/_ext/12131622/port.o
 .debug_aranges
                0x00000a58       0x20 build/default/debug/_ext/12131622/port_asm.o
 .debug_aranges
                0x00000a78       0x18 build/default/debug/_ext/1128951024/croutine.o
 .debug_aranges
                0x00000a90       0x40 build/default/debug/_ext/1128951024/list.o
 .debug_aranges
                0x00000ad0       0xb0 build/default/debug/_ext/1128951024/queue.o
 .debug_aranges
                0x00000b80      0x1a0 build/default/debug/_ext/1128951024/tasks.o
 .debug_aranges
                0x00000d20       0x18 build/default/debug/_ext/1128951024/timers.o
 .debug_aranges
                0x00000d38       0x60 build/default/debug/_ext/1128951024/event_groups.o
 .debug_aranges
                0x00000d98       0x20 c:/program files (x86)/microchip/xc32/v1.42/bin/bin/../../lib/gcc/pic32mx/4.8.3/../../../../pic32mx/lib\libpic32.a(default-bootstrap-exception-handler.o)
 .debug_aranges
                0x00000db8       0x20 c:/program files (x86)/microchip/xc32/v1.42/bin/bin/../../lib/gcc/pic32mx/4.8.3/../../../../pic32mx/lib\libpic32.a(default-on-reset.o)
 .debug_aranges
                0x00000dd8       0x20 c:/program files (x86)/microchip/xc32/v1.42/bin/bin/../../lib/gcc/pic32mx/4.8.3/../../../../pic32mx/lib\libpic32.a(default-on-bootstrap.o)
 .debug_aranges
                0x00000df8       0x20 c:/program files (x86)/microchip/xc32/v1.42/bin/bin/../../lib/gcc/pic32mx/4.8.3/../../../../pic32mx/lib\libpic32.a(defaultinterrupt.o)

.debug_pubnames
 *(.debug_pubnames)

.debug_info     0x00000000    0x2b8f7
 *(.debug_info .gnu.linkonce.wi.*)
 .debug_info    0x00000000       0xe5 c:/program files (x86)/microchip/xc32/v1.42/bin/bin/../../lib/gcc/pic32mx/4.8.3/../../../../pic32mx/lib\software-debug-break.o
 .debug_info    0x000000e5     0x12a0 build/default/debug/_ext/74298950/bsp.o
 .debug_info    0x00001385     0x46d5 build/default/debug/_ext/1361460060/drv_adc_static.o
 .debug_info    0x00005a5a      0xebc build/default/debug/_ext/1047219354/drv_oc_mapping.o
 .debug_info    0x00006916     0x1311 build/default/debug/_ext/1047219354/drv_oc_static.o
 .debug_info    0x00007c27     0x66d4 build/default/debug/_ext/1407244131/drv_tmr_static.o
 .debug_info    0x0000e2fb     0x21ae build/default/debug/_ext/1407244131/drv_tmr_mapping.o
 .debug_info    0x000104a9     0x14e9 build/default/debug/_ext/639803181/sys_clk_pic32mx.o
 .debug_info    0x00011992     0x17a0 build/default/debug/_ext/340578644/sys_devcon.o
 .debug_info    0x00013132     0x18cc build/default/debug/_ext/340578644/sys_devcon_pic32mx.o
 .debug_info    0x000149fe     0x4141 build/default/debug/_ext/822048611/sys_ports_static.o
 .debug_info    0x00018b3f     0x2d37 build/default/debug/_ext/1688732426/system_init.o
 .debug_info    0x0001b876     0x1774 build/default/debug/_ext/1688732426/system_interrupt.o
 .debug_info    0x0001cfea     0x11d4 build/default/debug/_ext/1688732426/system_exceptions.o
 .debug_info    0x0001e1be      0xba6 build/default/debug/_ext/1688732426/system_tasks.o
 .debug_info    0x0001ed64       0xa8 build/default/debug/_ext/1688732426/system_interrupt_a.o
 .debug_info    0x0001ee0c      0x262 build/default/debug/_ext/1688732426/rtos_hooks.o
 .debug_info    0x0001f06e     0x2047 build/default/debug/_ext/1360937237/motor_encoder_thread.o
 .debug_info    0x000210b5      0x1b8 build/default/debug/_ext/1360937237/main.o
 .debug_info    0x0002126d     0x1547 build/default/debug/_ext/1360937237/Sensor_Control_Thread.o
 .debug_info    0x000227b4      0xab4 build/default/debug/_ext/24337685/osal_freertos.o
 .debug_info    0x00023268     0x15a0 build/default/debug/_ext/122796885/sys_int_pic32.o
 .debug_info    0x00024808      0x386 build/default/debug/_ext/1856876499/heap_1.o
 .debug_info    0x00024b8e     0x11b8 build/default/debug/_ext/12131622/port.o
 .debug_info    0x00025d46       0xc9 build/default/debug/_ext/12131622/port_asm.o
 .debug_info    0x00025e0f      0x17b build/default/debug/_ext/1128951024/croutine.o
 .debug_info    0x00025f8a      0x47c build/default/debug/_ext/1128951024/list.o
 .debug_info    0x00026406     0x194b build/default/debug/_ext/1128951024/queue.o
 .debug_info    0x00027d51     0x2949 build/default/debug/_ext/1128951024/tasks.o
 .debug_info    0x0002a69a      0x179 build/default/debug/_ext/1128951024/timers.o
 .debug_info    0x0002a813      0xd60 build/default/debug/_ext/1128951024/event_groups.o
 .debug_info    0x0002b573       0xf5 c:/program files (x86)/microchip/xc32/v1.42/bin/bin/../../lib/gcc/pic32mx/4.8.3/../../../../pic32mx/lib\libpic32.a(default-bootstrap-exception-handler.o)
 .debug_info    0x0002b668       0xcf c:/program files (x86)/microchip/xc32/v1.42/bin/bin/../../lib/gcc/pic32mx/4.8.3/../../../../pic32mx/lib\libpic32.a(default-on-reset.o)
 .debug_info    0x0002b737       0xd7 c:/program files (x86)/microchip/xc32/v1.42/bin/bin/../../lib/gcc/pic32mx/4.8.3/../../../../pic32mx/lib\libpic32.a(default-on-bootstrap.o)
 .debug_info    0x0002b80e       0xe9 c:/program files (x86)/microchip/xc32/v1.42/bin/bin/../../lib/gcc/pic32mx/4.8.3/../../../../pic32mx/lib\libpic32.a(defaultinterrupt.o)

.debug_abbrev   0x00000000     0x397f
 *(.debug_abbrev)
 .debug_abbrev  0x00000000       0x28 c:/program files (x86)/microchip/xc32/v1.42/bin/bin/../../lib/gcc/pic32mx/4.8.3/../../../../pic32mx/lib\software-debug-break.o
 .debug_abbrev  0x00000028      0x287 build/default/debug/_ext/74298950/bsp.o
 .debug_abbrev  0x000002af      0x27f build/default/debug/_ext/1361460060/drv_adc_static.o
 .debug_abbrev  0x0000052e      0x1d8 build/default/debug/_ext/1047219354/drv_oc_mapping.o
 .debug_abbrev  0x00000706      0x1c2 build/default/debug/_ext/1047219354/drv_oc_static.o
 .debug_abbrev  0x000008c8      0x43a build/default/debug/_ext/1407244131/drv_tmr_static.o
 .debug_abbrev  0x00000d02      0x36b build/default/debug/_ext/1407244131/drv_tmr_mapping.o
 .debug_abbrev  0x0000106d      0x26b build/default/debug/_ext/639803181/sys_clk_pic32mx.o
 .debug_abbrev  0x000012d8      0x2af build/default/debug/_ext/340578644/sys_devcon.o
 .debug_abbrev  0x00001587      0x20f build/default/debug/_ext/340578644/sys_devcon_pic32mx.o
 .debug_abbrev  0x00001796      0x282 build/default/debug/_ext/822048611/sys_ports_static.o
 .debug_abbrev  0x00001a18      0x299 build/default/debug/_ext/1688732426/system_init.o
 .debug_abbrev  0x00001cb1      0x1a1 build/default/debug/_ext/1688732426/system_interrupt.o
 .debug_abbrev  0x00001e52       0xef build/default/debug/_ext/1688732426/system_exceptions.o
 .debug_abbrev  0x00001f41      0x167 build/default/debug/_ext/1688732426/system_tasks.o
 .debug_abbrev  0x000020a8       0x12 build/default/debug/_ext/1688732426/system_interrupt_a.o
 .debug_abbrev  0x000020ba       0x97 build/default/debug/_ext/1688732426/rtos_hooks.o
 .debug_abbrev  0x00002151      0x2c9 build/default/debug/_ext/1360937237/motor_encoder_thread.o
 .debug_abbrev  0x0000241a       0x93 build/default/debug/_ext/1360937237/main.o
 .debug_abbrev  0x000024ad      0x1e8 build/default/debug/_ext/1360937237/Sensor_Control_Thread.o
 .debug_abbrev  0x00002695      0x1fe build/default/debug/_ext/24337685/osal_freertos.o
 .debug_abbrev  0x00002893      0x251 build/default/debug/_ext/122796885/sys_int_pic32.o
 .debug_abbrev  0x00002ae4      0x13f build/default/debug/_ext/1856876499/heap_1.o
 .debug_abbrev  0x00002c23      0x2cf build/default/debug/_ext/12131622/port.o
 .debug_abbrev  0x00002ef2       0x14 build/default/debug/_ext/12131622/port_asm.o
 .debug_abbrev  0x00002f06       0x1b build/default/debug/_ext/1128951024/croutine.o
 .debug_abbrev  0x00002f21       0xf1 build/default/debug/_ext/1128951024/list.o
 .debug_abbrev  0x00003012      0x310 build/default/debug/_ext/1128951024/queue.o
 .debug_abbrev  0x00003322      0x308 build/default/debug/_ext/1128951024/tasks.o
 .debug_abbrev  0x0000362a       0x1b build/default/debug/_ext/1128951024/timers.o
 .debug_abbrev  0x00003645      0x29a build/default/debug/_ext/1128951024/event_groups.o
 .debug_abbrev  0x000038df       0x28 c:/program files (x86)/microchip/xc32/v1.42/bin/bin/../../lib/gcc/pic32mx/4.8.3/../../../../pic32mx/lib\libpic32.a(default-bootstrap-exception-handler.o)
 .debug_abbrev  0x00003907       0x28 c:/program files (x86)/microchip/xc32/v1.42/bin/bin/../../lib/gcc/pic32mx/4.8.3/../../../../pic32mx/lib\libpic32.a(default-on-reset.o)
 .debug_abbrev  0x0000392f       0x28 c:/program files (x86)/microchip/xc32/v1.42/bin/bin/../../lib/gcc/pic32mx/4.8.3/../../../../pic32mx/lib\libpic32.a(default-on-bootstrap.o)
 .debug_abbrev  0x00003957       0x28 c:/program files (x86)/microchip/xc32/v1.42/bin/bin/../../lib/gcc/pic32mx/4.8.3/../../../../pic32mx/lib\libpic32.a(defaultinterrupt.o)

.debug_line     0x00000000     0x75d7
 *(.debug_line)
 .debug_line    0x00000000       0x9c c:/program files (x86)/microchip/xc32/v1.42/bin/bin/../../lib/gcc/pic32mx/4.8.3/../../../../pic32mx/lib\software-debug-break.o
 .debug_line    0x0000009c      0x345 build/default/debug/_ext/74298950/bsp.o
 .debug_line    0x000003e1      0x7a3 build/default/debug/_ext/1361460060/drv_adc_static.o
 .debug_line    0x00000b84      0x2eb build/default/debug/_ext/1047219354/drv_oc_mapping.o
 .debug_line    0x00000e6f      0x406 build/default/debug/_ext/1047219354/drv_oc_static.o
 .debug_line    0x00001275      0xc8a build/default/debug/_ext/1407244131/drv_tmr_static.o
 .debug_line    0x00001eff      0x5b8 build/default/debug/_ext/1407244131/drv_tmr_mapping.o
 .debug_line    0x000024b7      0x44c build/default/debug/_ext/639803181/sys_clk_pic32mx.o
 .debug_line    0x00002903      0x675 build/default/debug/_ext/340578644/sys_devcon.o
 .debug_line    0x00002f78      0x48b build/default/debug/_ext/340578644/sys_devcon_pic32mx.o
 .debug_line    0x00003403      0x769 build/default/debug/_ext/822048611/sys_ports_static.o
 .debug_line    0x00003b6c      0x71f build/default/debug/_ext/1688732426/system_init.o
 .debug_line    0x0000428b      0x2f3 build/default/debug/_ext/1688732426/system_interrupt.o
 .debug_line    0x0000457e      0x187 build/default/debug/_ext/1688732426/system_exceptions.o
 .debug_line    0x00004705      0x2ad build/default/debug/_ext/1688732426/system_tasks.o
 .debug_line    0x000049b2      0x177 build/default/debug/_ext/1688732426/system_interrupt_a.o
 .debug_line    0x00004b29      0x147 build/default/debug/_ext/1688732426/rtos_hooks.o
 .debug_line    0x00004c70      0x5bc build/default/debug/_ext/1360937237/motor_encoder_thread.o
 .debug_line    0x0000522c       0xbc build/default/debug/_ext/1360937237/main.o
 .debug_line    0x000052e8      0x391 build/default/debug/_ext/1360937237/Sensor_Control_Thread.o
 .debug_line    0x00005679      0x2e5 build/default/debug/_ext/24337685/osal_freertos.o
 .debug_line    0x0000595e      0x2d1 build/default/debug/_ext/122796885/sys_int_pic32.o
 .debug_line    0x00005c2f      0x217 build/default/debug/_ext/1856876499/heap_1.o
 .debug_line    0x00005e46      0x23a build/default/debug/_ext/12131622/port.o
 .debug_line    0x00006080      0x102 build/default/debug/_ext/12131622/port_asm.o
 .debug_line    0x00006182       0x1d build/default/debug/_ext/1128951024/croutine.o
 .debug_line    0x0000619f      0x1dc build/default/debug/_ext/1128951024/list.o
 .debug_line    0x0000637b      0x496 build/default/debug/_ext/1128951024/queue.o
 .debug_line    0x00006811      0x803 build/default/debug/_ext/1128951024/tasks.o
 .debug_line    0x00007014       0x1d build/default/debug/_ext/1128951024/timers.o
 .debug_line    0x00007031      0x325 build/default/debug/_ext/1128951024/event_groups.o
 .debug_line    0x00007356       0xa9 c:/program files (x86)/microchip/xc32/v1.42/bin/bin/../../lib/gcc/pic32mx/4.8.3/../../../../pic32mx/lib\libpic32.a(default-bootstrap-exception-handler.o)
 .debug_line    0x000073ff       0x96 c:/program files (x86)/microchip/xc32/v1.42/bin/bin/../../lib/gcc/pic32mx/4.8.3/../../../../pic32mx/lib\libpic32.a(default-on-reset.o)
 .debug_line    0x00007495       0x9a c:/program files (x86)/microchip/xc32/v1.42/bin/bin/../../lib/gcc/pic32mx/4.8.3/../../../../pic32mx/lib\libpic32.a(default-on-bootstrap.o)
 .debug_line    0x0000752f       0xa8 c:/program files (x86)/microchip/xc32/v1.42/bin/bin/../../lib/gcc/pic32mx/4.8.3/../../../../pic32mx/lib\libpic32.a(defaultinterrupt.o)

.debug_frame    0x00000000     0x1c24
 *(.debug_frame)
 .debug_frame   0x00000000       0x20 c:/program files (x86)/microchip/xc32/v1.42/bin/bin/../../lib/gcc/pic32mx/4.8.3/../../../../pic32mx/lib\software-debug-break.o
 .debug_frame   0x00000020       0x98 build/default/debug/_ext/74298950/bsp.o
 .debug_frame   0x000000b8       0xd0 build/default/debug/_ext/1361460060/drv_adc_static.o
 .debug_frame   0x00000188       0xa8 build/default/debug/_ext/1047219354/drv_oc_mapping.o
 .debug_frame   0x00000230       0xf0 build/default/debug/_ext/1047219354/drv_oc_static.o
 .debug_frame   0x00000320      0x420 build/default/debug/_ext/1407244131/drv_tmr_static.o
 .debug_frame   0x00000740      0x218 build/default/debug/_ext/1407244131/drv_tmr_mapping.o
 .debug_frame   0x00000958       0xa0 build/default/debug/_ext/639803181/sys_clk_pic32mx.o
 .debug_frame   0x000009f8       0xe8 build/default/debug/_ext/340578644/sys_devcon.o
 .debug_frame   0x00000ae0       0x28 build/default/debug/_ext/340578644/sys_devcon_pic32mx.o
 .debug_frame   0x00000b08      0x270 build/default/debug/_ext/822048611/sys_ports_static.o
 .debug_frame   0x00000d78       0x30 build/default/debug/_ext/1688732426/system_init.o
 .debug_frame   0x00000da8       0x90 build/default/debug/_ext/1688732426/system_interrupt.o
 .debug_frame   0x00000e38       0x28 build/default/debug/_ext/1688732426/system_exceptions.o
 .debug_frame   0x00000e60       0x68 build/default/debug/_ext/1688732426/system_tasks.o
 .debug_frame   0x00000ec8       0x40 build/default/debug/_ext/1688732426/rtos_hooks.o
 .debug_frame   0x00000f08       0xa0 build/default/debug/_ext/1360937237/motor_encoder_thread.o
 .debug_frame   0x00000fa8       0x28 build/default/debug/_ext/1360937237/main.o
 .debug_frame   0x00000fd0       0x70 build/default/debug/_ext/1360937237/Sensor_Control_Thread.o
 .debug_frame   0x00001040      0x150 build/default/debug/_ext/24337685/osal_freertos.o
 .debug_frame   0x00001190       0x90 build/default/debug/_ext/122796885/sys_int_pic32.o
 .debug_frame   0x00001220       0x5c build/default/debug/_ext/1856876499/heap_1.o
 .debug_frame   0x0000127c       0xc0 build/default/debug/_ext/12131622/port.o
 .debug_frame   0x0000133c       0x60 build/default/debug/_ext/1128951024/list.o
 .debug_frame   0x0000139c      0x218 build/default/debug/_ext/1128951024/queue.o
 .debug_frame   0x000015b4      0x4dc build/default/debug/_ext/1128951024/tasks.o
 .debug_frame   0x00001a90      0x108 build/default/debug/_ext/1128951024/event_groups.o
 .debug_frame   0x00001b98       0x2c c:/program files (x86)/microchip/xc32/v1.42/bin/bin/../../lib/gcc/pic32mx/4.8.3/../../../../pic32mx/lib\libpic32.a(default-bootstrap-exception-handler.o)
 .debug_frame   0x00001bc4       0x20 c:/program files (x86)/microchip/xc32/v1.42/bin/bin/../../lib/gcc/pic32mx/4.8.3/../../../../pic32mx/lib\libpic32.a(default-on-reset.o)
 .debug_frame   0x00001be4       0x20 c:/program files (x86)/microchip/xc32/v1.42/bin/bin/../../lib/gcc/pic32mx/4.8.3/../../../../pic32mx/lib\libpic32.a(default-on-bootstrap.o)
 .debug_frame   0x00001c04       0x20 c:/program files (x86)/microchip/xc32/v1.42/bin/bin/../../lib/gcc/pic32mx/4.8.3/../../../../pic32mx/lib\libpic32.a(defaultinterrupt.o)

.debug_str      0x00000000      0x6e5
 *(.debug_str)
 .debug_str     0x00000000        0x0 c:/program files (x86)/microchip/xc32/v1.42/bin/bin/../../lib/gcc/pic32mx/4.8.3/../../../../pic32mx/lib\software-debug-break.o
 .debug_str     0x00000000       0x15 build/default/debug/_ext/74298950/bsp.o
 .debug_str     0x00000015       0x8e build/default/debug/_ext/1361460060/drv_adc_static.o
 .debug_str     0x000000a3       0x13 build/default/debug/_ext/1047219354/drv_oc_mapping.o
 .debug_str     0x000000b6       0x1f build/default/debug/_ext/1047219354/drv_oc_static.o
 .debug_str     0x000000d5       0xa5 build/default/debug/_ext/1407244131/drv_tmr_static.o
 .debug_str     0x0000017a        0xe build/default/debug/_ext/1407244131/drv_tmr_mapping.o
 .debug_str     0x00000188       0x39 build/default/debug/_ext/639803181/sys_clk_pic32mx.o
 .debug_str     0x000001c1       0x16 build/default/debug/_ext/340578644/sys_devcon.o
 .debug_str     0x000001d7        0x6 build/default/debug/_ext/340578644/sys_devcon_pic32mx.o
 .debug_str     0x000001dd       0x55 build/default/debug/_ext/822048611/sys_ports_static.o
 .debug_str     0x00000232       0x2b build/default/debug/_ext/1688732426/system_init.o
 .debug_str     0x0000025d        0x0 build/default/debug/_ext/1688732426/system_interrupt.o
 .debug_str     0x0000025d        0x0 build/default/debug/_ext/1688732426/system_exceptions.o
 .debug_str     0x0000025d        0x0 build/default/debug/_ext/1688732426/system_tasks.o
 .debug_str     0x0000025d        0x9 build/default/debug/_ext/1688732426/rtos_hooks.o
 .debug_str     0x00000266        0x6 build/default/debug/_ext/1360937237/motor_encoder_thread.o
 .debug_str     0x0000026c        0x0 build/default/debug/_ext/1360937237/main.o
 .debug_str     0x0000026c        0x0 build/default/debug/_ext/1360937237/Sensor_Control_Thread.o
 .debug_str     0x0000026c       0x40 build/default/debug/_ext/24337685/osal_freertos.o
 .debug_str     0x000002ac       0x1d build/default/debug/_ext/122796885/sys_int_pic32.o
 .debug_str     0x000002c9       0x1d build/default/debug/_ext/1856876499/heap_1.o
 .debug_str     0x000002e6       0x37 build/default/debug/_ext/12131622/port.o
 .debug_str     0x0000031d        0x0 build/default/debug/_ext/1128951024/croutine.o
 .debug_str     0x0000031d       0x2b build/default/debug/_ext/1128951024/list.o
 .debug_str     0x00000348      0x131 build/default/debug/_ext/1128951024/queue.o
 .debug_str     0x00000479      0x186 build/default/debug/_ext/1128951024/tasks.o
 .debug_str     0x000005ff        0x0 build/default/debug/_ext/1128951024/timers.o
 .debug_str     0x000005ff       0xe6 build/default/debug/_ext/1128951024/event_groups.o
 .debug_str     0x000006e5        0x0 c:/program files (x86)/microchip/xc32/v1.42/bin/bin/../../lib/gcc/pic32mx/4.8.3/../../../../pic32mx/lib\libpic32.a(default-bootstrap-exception-handler.o)
 .debug_str     0x000006e5        0x0 c:/program files (x86)/microchip/xc32/v1.42/bin/bin/../../lib/gcc/pic32mx/4.8.3/../../../../pic32mx/lib\libpic32.a(default-on-reset.o)
 .debug_str     0x000006e5        0x0 c:/program files (x86)/microchip/xc32/v1.42/bin/bin/../../lib/gcc/pic32mx/4.8.3/../../../../pic32mx/lib\libpic32.a(default-on-bootstrap.o)
 .debug_str     0x000006e5        0x0 c:/program files (x86)/microchip/xc32/v1.42/bin/bin/../../lib/gcc/pic32mx/4.8.3/../../../../pic32mx/lib\libpic32.a(defaultinterrupt.o)

.debug_loc      0x00000000     0x67f6
 *(.debug_loc)
 .debug_loc     0x00000000      0x403 build/default/debug/_ext/74298950/bsp.o
 .debug_loc     0x00000403       0x21 build/default/debug/_ext/1361460060/drv_adc_static.o
 .debug_loc     0x00000424      0x31b build/default/debug/_ext/1047219354/drv_oc_mapping.o
 .debug_loc     0x0000073f       0x42 build/default/debug/_ext/1047219354/drv_oc_static.o
 .debug_loc     0x00000781      0xa9f build/default/debug/_ext/1407244131/drv_tmr_static.o
 .debug_loc     0x00001220      0x8ab build/default/debug/_ext/1407244131/drv_tmr_mapping.o
 .debug_loc     0x00001acb       0xed build/default/debug/_ext/639803181/sys_clk_pic32mx.o
 .debug_loc     0x00001bb8      0x150 build/default/debug/_ext/340578644/sys_devcon.o
 .debug_loc     0x00001d08      0x10c build/default/debug/_ext/340578644/sys_devcon_pic32mx.o
 .debug_loc     0x00001e14      0x8ff build/default/debug/_ext/822048611/sys_ports_static.o
 .debug_loc     0x00002713       0x41 build/default/debug/_ext/1688732426/system_init.o
 .debug_loc     0x00002754       0x40 build/default/debug/_ext/1688732426/system_interrupt.o
 .debug_loc     0x00002794       0x20 build/default/debug/_ext/1688732426/system_exceptions.o
 .debug_loc     0x000027b4       0x60 build/default/debug/_ext/1688732426/system_tasks.o
 .debug_loc     0x00002814       0x74 build/default/debug/_ext/1688732426/rtos_hooks.o
 .debug_loc     0x00002888      0x1bd build/default/debug/_ext/1360937237/motor_encoder_thread.o
 .debug_loc     0x00002a45       0x20 build/default/debug/_ext/1360937237/main.o
 .debug_loc     0x00002a65       0xb7 build/default/debug/_ext/1360937237/Sensor_Control_Thread.o
 .debug_loc     0x00002b1c      0x58c build/default/debug/_ext/24337685/osal_freertos.o
 .debug_loc     0x000030a8       0xfc build/default/debug/_ext/122796885/sys_int_pic32.o
 .debug_loc     0x000031a4       0x69 build/default/debug/_ext/1856876499/heap_1.o
 .debug_loc     0x0000320d      0x1aa build/default/debug/_ext/12131622/port.o
 .debug_loc     0x000033b7       0x31 build/default/debug/_ext/1128951024/list.o
 .debug_loc     0x000033e8     0x10b9 build/default/debug/_ext/1128951024/queue.o
 .debug_loc     0x000044a1     0x194b build/default/debug/_ext/1128951024/tasks.o
 .debug_loc     0x00005dec      0xa0a build/default/debug/_ext/1128951024/event_groups.o

.debug_macinfo
 *(.debug_macinfo)

.debug_weaknames
 *(.debug_weaknames)

.debug_funcnames
 *(.debug_funcnames)

.debug_typenames
 *(.debug_typenames)

.debug_varnames
 *(.debug_varnames)

.debug_pubtypes
 *(.debug_pubtypes)

.debug_ranges   0x00000000      0xd80
 *(.debug_ranges)
 .debug_ranges  0x00000000       0x10 c:/program files (x86)/microchip/xc32/v1.42/bin/bin/../../lib/gcc/pic32mx/4.8.3/../../../../pic32mx/lib\software-debug-break.o
 .debug_ranges  0x00000010       0xf0 build/default/debug/_ext/74298950/bsp.o
 .debug_ranges  0x00000100       0x68 build/default/debug/_ext/1361460060/drv_adc_static.o
 .debug_ranges  0x00000168       0x40 build/default/debug/_ext/1047219354/drv_oc_mapping.o
 .debug_ranges  0x000001a8       0x78 build/default/debug/_ext/1047219354/drv_oc_static.o
 .debug_ranges  0x00000220      0x1f0 build/default/debug/_ext/1407244131/drv_tmr_static.o
 .debug_ranges  0x00000410       0xd8 build/default/debug/_ext/1407244131/drv_tmr_mapping.o
 .debug_ranges  0x000004e8       0x40 build/default/debug/_ext/639803181/sys_clk_pic32mx.o
 .debug_ranges  0x00000528       0x68 build/default/debug/_ext/340578644/sys_devcon.o
 .debug_ranges  0x00000590       0x10 build/default/debug/_ext/340578644/sys_devcon_pic32mx.o
 .debug_ranges  0x000005a0      0x138 build/default/debug/_ext/822048611/sys_ports_static.o
 .debug_ranges  0x000006d8       0x10 build/default/debug/_ext/1688732426/system_init.o
 .debug_ranges  0x000006e8       0x40 build/default/debug/_ext/1688732426/system_interrupt.o
 .debug_ranges  0x00000728       0x10 build/default/debug/_ext/1688732426/system_exceptions.o
 .debug_ranges  0x00000738       0x28 build/default/debug/_ext/1688732426/system_tasks.o
 .debug_ranges  0x00000760       0x80 build/default/debug/_ext/1688732426/system_interrupt_a.o
 .debug_ranges  0x000007e0       0x18 build/default/debug/_ext/1688732426/rtos_hooks.o
 .debug_ranges  0x000007f8       0x38 build/default/debug/_ext/1360937237/motor_encoder_thread.o
 .debug_ranges  0x00000830       0x10 build/default/debug/_ext/1360937237/main.o
 .debug_ranges  0x00000840       0x28 build/default/debug/_ext/1360937237/Sensor_Control_Thread.o
 .debug_ranges  0x00000868       0x78 build/default/debug/_ext/24337685/osal_freertos.o
 .debug_ranges  0x000008e0       0x50 build/default/debug/_ext/122796885/sys_int_pic32.o
 .debug_ranges  0x00000930       0x28 build/default/debug/_ext/1856876499/heap_1.o
 .debug_ranges  0x00000958       0x48 build/default/debug/_ext/12131622/port.o
 .debug_ranges  0x000009a0       0x30 build/default/debug/_ext/1128951024/list.o
 .debug_ranges  0x000009d0      0x130 build/default/debug/_ext/1128951024/queue.o
 .debug_ranges  0x00000b00      0x1a8 build/default/debug/_ext/1128951024/tasks.o
 .debug_ranges  0x00000ca8       0x98 build/default/debug/_ext/1128951024/event_groups.o
 .debug_ranges  0x00000d40       0x10 c:/program files (x86)/microchip/xc32/v1.42/bin/bin/../../lib/gcc/pic32mx/4.8.3/../../../../pic32mx/lib\libpic32.a(default-bootstrap-exception-handler.o)
 .debug_ranges  0x00000d50       0x10 c:/program files (x86)/microchip/xc32/v1.42/bin/bin/../../lib/gcc/pic32mx/4.8.3/../../../../pic32mx/lib\libpic32.a(default-on-reset.o)
 .debug_ranges  0x00000d60       0x10 c:/program files (x86)/microchip/xc32/v1.42/bin/bin/../../lib/gcc/pic32mx/4.8.3/../../../../pic32mx/lib\libpic32.a(default-on-bootstrap.o)
 .debug_ranges  0x00000d70       0x10 c:/program files (x86)/microchip/xc32/v1.42/bin/bin/../../lib/gcc/pic32mx/4.8.3/../../../../pic32mx/lib\libpic32.a(defaultinterrupt.o)

.gnu.attributes
                0x00000000       0x10
 *(.gnu.attributes)
 .gnu.attributes
                0x00000000       0x10 c:/program files (x86)/microchip/xc32/v1.42/bin/bin/../../lib/gcc/pic32mx/4.8.3/../../../../pic32mx/lib\software-debug-break.o
 .gnu.attributes
                0x00000010       0x10 build/default/debug/_ext/74298950/bsp.o
 .gnu.attributes
                0x00000020       0x10 build/default/debug/_ext/1361460060/drv_adc_static.o
 .gnu.attributes
                0x00000030       0x10 build/default/debug/_ext/1047219354/drv_oc_mapping.o
 .gnu.attributes
                0x00000040       0x10 build/default/debug/_ext/1047219354/drv_oc_static.o
 .gnu.attributes
                0x00000050       0x10 build/default/debug/_ext/1407244131/drv_tmr_static.o
 .gnu.attributes
                0x00000060       0x10 build/default/debug/_ext/1407244131/drv_tmr_mapping.o
 .gnu.attributes
                0x00000070       0x10 build/default/debug/_ext/639803181/sys_clk_pic32mx.o
 .gnu.attributes
                0x00000080       0x10 build/default/debug/_ext/340578644/sys_devcon.o
 .gnu.attributes
                0x00000090       0x10 build/default/debug/_ext/340578644/sys_devcon_pic32mx.o
 .gnu.attributes
                0x000000a0       0x10 build/default/debug/_ext/822048611/sys_ports_static.o
 .gnu.attributes
                0x000000b0       0x10 build/default/debug/_ext/1688732426/system_init.o
 .gnu.attributes
                0x000000c0       0x10 build/default/debug/_ext/1688732426/system_interrupt.o
 .gnu.attributes
                0x000000d0       0x10 build/default/debug/_ext/1688732426/system_exceptions.o
 .gnu.attributes
                0x000000e0       0x10 build/default/debug/_ext/1688732426/system_tasks.o
 .gnu.attributes
                0x000000f0       0x10 build/default/debug/_ext/1688732426/rtos_hooks.o
 .gnu.attributes
                0x00000100       0x10 build/default/debug/_ext/1360937237/motor_encoder_thread.o
 .gnu.attributes
                0x00000110       0x10 build/default/debug/_ext/1360937237/main.o
 .gnu.attributes
                0x00000120       0x10 build/default/debug/_ext/1360937237/Sensor_Control_Thread.o
 .gnu.attributes
                0x00000130       0x10 build/default/debug/_ext/24337685/osal_freertos.o
 .gnu.attributes
                0x00000140       0x10 build/default/debug/_ext/122796885/sys_int_pic32.o
 .gnu.attributes
                0x00000150       0x10 build/default/debug/_ext/1856876499/heap_1.o
 .gnu.attributes
                0x00000160       0x10 build/default/debug/_ext/12131622/port.o
 .gnu.attributes
                0x00000170       0x10 build/default/debug/_ext/1128951024/croutine.o
 .gnu.attributes
                0x00000180       0x10 build/default/debug/_ext/1128951024/list.o
 .gnu.attributes
                0x00000190       0x10 build/default/debug/_ext/1128951024/queue.o
 .gnu.attributes
                0x000001a0       0x10 build/default/debug/_ext/1128951024/tasks.o
 .gnu.attributes
                0x000001b0       0x10 build/default/debug/_ext/1128951024/timers.o
 .gnu.attributes
                0x000001c0       0x10 build/default/debug/_ext/1128951024/event_groups.o
 .gnu.attributes
                0x000001d0       0x10 c:/program files (x86)/microchip/xc32/v1.42/bin/bin/../../lib/gcc/pic32mx/4.8.3/../../../../pic32mx/lib\libpic32.a(default-bootstrap-exception-handler.o)
 .gnu.attributes
                0x000001e0       0x10 c:/program files (x86)/microchip/xc32/v1.42/bin/bin/../../lib/gcc/pic32mx/4.8.3/../../../../pic32mx/lib\libpic32.a(default-on-reset.o)
 .gnu.attributes
                0x000001f0       0x10 c:/program files (x86)/microchip/xc32/v1.42/bin/bin/../../lib/gcc/pic32mx/4.8.3/../../../../pic32mx/lib\libpic32.a(default-on-bootstrap.o)
 .gnu.attributes
                0x00000200       0x10 c:/program files (x86)/microchip/xc32/v1.42/bin/bin/../../lib/gcc/pic32mx/4.8.3/../../../../pic32mx/lib\libpic32.a(defaultinterrupt.o)
LOAD c:/program files (x86)/microchip/xc32/v1.42/bin/bin/../../lib/gcc/pic32mx/4.8.3\libgcc.a
START GROUP
LOAD c:/program files (x86)/microchip/xc32/v1.42/bin/bin/../../lib/gcc/pic32mx/4.8.3/../../../../pic32mx/lib\libpic32.a
LOAD c:/program files (x86)/microchip/xc32/v1.42/bin/bin/../../lib/gcc/pic32mx/4.8.3/../../../../pic32mx/lib\libdebug.a
LOAD c:/program files (x86)/microchip/xc32/v1.42/bin/bin/../../lib/gcc/pic32mx/4.8.3/../../../../pic32mx/lib\libpic32.a
LOAD c:/program files (x86)/microchip/xc32/v1.42/bin/bin/../../lib/gcc/pic32mx/4.8.3/../../../../pic32mx/lib\libm.a
LOAD c:/program files (x86)/microchip/xc32/v1.42/bin/bin/../../lib/gcc/pic32mx/4.8.3/../../../../pic32mx/lib\libe.a
LOAD c:/program files (x86)/microchip/xc32/v1.42/bin/bin/../../lib/gcc/pic32mx/4.8.3/../../../../pic32mx/lib\libdsp.a
LOAD c:/program files (x86)/microchip/xc32/v1.42/bin/bin/../../lib/gcc/pic32mx/4.8.3\libgcc.a
LOAD c:/program files (x86)/microchip/xc32/v1.42/bin/bin/../../lib/gcc/pic32mx/4.8.3/../../../../pic32mx/lib\libc.a
LOAD c:/program files (x86)/microchip/xc32/v1.42/bin/bin/../../lib/gcc/pic32mx/4.8.3/../../../../pic32mx/lib\libc.a
LOAD c:/program files (x86)/microchip/xc32/v1.42/bin/bin/../../lib/gcc/pic32mx/4.8.3/../../../../pic32mx/lib\libpic32.a
END GROUP
LOAD c:/program files (x86)/microchip/xc32/v1.42/bin/bin/../../lib/gcc/pic32mx/4.8.3\libgcc.a
OUTPUT(dist/default/debug/Test_motor_encoder.X.debug.elf elf32-tradlittlemips)
LOAD stack
LOAD data_init

.reginfo        0x00000000       0x18
 .reginfo       0x00000000       0x18 c:/program files (x86)/microchip/xc32/v1.42/bin/bin/../../lib/gcc/pic32mx/4.8.3/../../../../pic32mx/lib/./proc/32MX795F512L/crt0_mips32r2.o

.stack          0xa00199b0      0x400
 .stack         0xa00199b0      0x400 stack

.bss            0xa0000354    0x19640
 .bss           0xa0000354    0x19000 build/default/debug/_ext/1856876499/heap_1.o
 .bss           0xa0019354      0x640 build/default/debug/_ext/12131622/port.o
                0xa0019354                xISRStack

.text           0x9d000000      0x454
 .text          0x9d000000      0x454 build/default/debug/_ext/12131622/port_asm.o
                0x9d000000                vPortTickInterruptHandler
                0x9d0001ac                vPortStartFirstTask
                0x9d000274                vPortYieldISR

.text.xQueueGenericReceive
                0x9d000454      0x264
 .text.xQueueGenericReceive
                0x9d000454      0x264 build/default/debug/_ext/1128951024/queue.o
                0x9d000454                xQueueGenericReceive

.DrvAdc_vector_text
                0x9d0006b8      0x1b4
 .DrvAdc_vector_text
                0x9d0006b8      0x1b4 build/default/debug/_ext/1688732426/system_interrupt_a.o

.ExternalInterruptInstance0_vector_text
                0x9d00086c      0x1b4
 .ExternalInterruptInstance0_vector_text
                0x9d00086c      0x1b4 build/default/debug/_ext/1688732426/system_interrupt_a.o

.ExternalInterruptInstance1_vector_text
                0x9d000a20      0x1b4
 .ExternalInterruptInstance1_vector_text
                0x9d000a20      0x1b4 build/default/debug/_ext/1688732426/system_interrupt_a.o

.DrvTmrInstance0_vector_text
                0x9d000bd4      0x1b4
 .DrvTmrInstance0_vector_text
                0x9d000bd4      0x1b4 build/default/debug/_ext/1688732426/system_interrupt_a.o

.DrvTmrInstance1_vector_text
                0x9d000d88      0x1b4
 .DrvTmrInstance1_vector_text
                0x9d000d88      0x1b4 build/default/debug/_ext/1688732426/system_interrupt_a.o

.DrvTmrInstance2_vector_text
                0x9d000f3c      0x1b4
 .DrvTmrInstance2_vector_text
                0x9d000f3c      0x1b4 build/default/debug/_ext/1688732426/system_interrupt_a.o

.DrvTmrInstance3_vector_text
                0x9d0010f0      0x1b4
 .DrvTmrInstance3_vector_text
                0x9d0010f0      0x1b4 build/default/debug/_ext/1688732426/system_interrupt_a.o

.text.xTaskIncrementTick
                0x9d0012a4      0x198
 .text.xTaskIncrementTick
                0x9d0012a4      0x198 build/default/debug/_ext/1128951024/tasks.o
                0x9d0012a4                xTaskIncrementTick

.text           0x9d00143c      0x168
 .text          0x9d00143c      0x168 c:/program files (x86)/microchip/xc32/v1.42/bin/bin/../../lib/gcc/pic32mx/4.8.3/../../../../pic32mx/lib\libpic32.a(memcpy.o)
                0x9d00143c                memcpy

.text.SYS_Initialize
                0x9d0015a4      0x164
 .text.SYS_Initialize
                0x9d0015a4      0x164 build/default/debug/_ext/1688732426/system_init.o
                0x9d0015a4                SYS_Initialize

.text.xTaskResumeAll
                0x9d001708      0x148
 .text.xTaskResumeAll
                0x9d001708      0x148 build/default/debug/_ext/1128951024/tasks.o
                0x9d001708                xTaskResumeAll

.text.prvInitialiseNewTask
                0x9d001850      0x130
 .text.prvInitialiseNewTask
                0x9d001850      0x130 build/default/debug/_ext/1128951024/tasks.o
                0x9d001850                prvInitialiseNewTask

.text.vTaskPriorityInherit
                0x9d001980      0x12c
 .text.vTaskPriorityInherit
                0x9d001980      0x12c build/default/debug/_ext/1128951024/tasks.o
                0x9d001980                vTaskPriorityInherit

.text.DRV_ADC_Initialize
                0x9d001aac      0x128
 .text.DRV_ADC_Initialize
                0x9d001aac      0x128 build/default/debug/_ext/1361460060/drv_adc_static.o
                0x9d001aac                DRV_ADC_Initialize

.rodata         0x9d001bd4      0x128
 .rodata        0x9d001bd4      0x128 build/default/debug/_ext/1688732426/system_exceptions.o

.text.prvAddNewTaskToReadyList
                0x9d001cfc      0x104
 .text.prvAddNewTaskToReadyList
                0x9d001cfc      0x104 build/default/debug/_ext/1128951024/tasks.o
                0x9d001cfc                prvAddNewTaskToReadyList

.text.prvUnlockQueue
                0x9d001e00       0xfc
 .text.prvUnlockQueue
                0x9d001e00       0xfc build/default/debug/_ext/1128951024/queue.o

.text.xTaskPriorityDisinherit
                0x9d001efc       0xf8
 .text.xTaskPriorityDisinherit
                0x9d001efc       0xf8 build/default/debug/_ext/1128951024/tasks.o
                0x9d001efc                xTaskPriorityDisinherit

.text.prvCopyDataToQueue
                0x9d001ff4       0xf4
 .text.prvCopyDataToQueue
                0x9d001ff4       0xf4 build/default/debug/_ext/1128951024/queue.o

.text.xQueueGenericSendFromISR
                0x9d0020e8       0xf0
 .text.xQueueGenericSendFromISR
                0x9d0020e8       0xf0 build/default/debug/_ext/1128951024/queue.o
                0x9d0020e8                xQueueGenericSendFromISR

.text.SYS_DEVCON_PerformanceConfig
                0x9d0021d8       0xe4
 .text.SYS_DEVCON_PerformanceConfig
                0x9d0021d8       0xe4 build/default/debug/_ext/340578644/sys_devcon_pic32mx.o
                0x9d0021d8                SYS_DEVCON_PerformanceConfig

.text.prvAddCurrentTaskToDelayedList
                0x9d0022bc       0xe4
 .text.prvAddCurrentTaskToDelayedList
                0x9d0022bc       0xe4 build/default/debug/_ext/1128951024/tasks.o
                0x9d0022bc                prvAddCurrentTaskToDelayedList

.text.vTaskSwitchContext
                0x9d0023a0       0xe0
 .text.vTaskSwitchContext
                0x9d0023a0       0xe0 build/default/debug/_ext/1128951024/tasks.o
                0x9d0023a0                vTaskSwitchContext

.text.general_exception
                0x9d002480       0xdc
 .text.general_exception
                0x9d002480       0xdc c:/program files (x86)/microchip/xc32/v1.42/bin/bin/../../lib/gcc/pic32mx/4.8.3/../../../../pic32mx/lib\libpic32.a(general-exception.o)
                0x9d002480                _general_exception_context

.text.BSP_LEDOff
                0x9d00255c       0xc0
 .text.BSP_LEDOff
                0x9d00255c       0xc0 build/default/debug/_ext/74298950/bsp.o
                0x9d00255c                BSP_LEDOff

.text.pvPortMalloc
                0x9d00261c       0xc0
 .text.pvPortMalloc
                0x9d00261c       0xc0 build/default/debug/_ext/1856876499/heap_1.o
                0x9d00261c                pvPortMalloc

.text.xQueueGenericReset
                0x9d0026dc       0xc0
 .text.xQueueGenericReset
                0x9d0026dc       0xc0 build/default/debug/_ext/1128951024/queue.o
                0x9d0026dc                xQueueGenericReset

.text.xTaskCreate
                0x9d00279c       0xc0
 .text.xTaskCreate
                0x9d00279c       0xc0 build/default/debug/_ext/1128951024/tasks.o
                0x9d00279c                xTaskCreate

.dinit          0x9d00285c       0xc0
 .dinit         0x9d00285c       0xc0 data_init

.text.xTaskRemoveFromEventList
                0x9d00291c       0xbc
 .text.xTaskRemoveFromEventList
                0x9d00291c       0xbc build/default/debug/_ext/1128951024/tasks.o
                0x9d00291c                xTaskRemoveFromEventList

.text.SYS_PORTS_Initialize
                0x9d0029d8       0xb4
 .text.SYS_PORTS_Initialize
                0x9d0029d8       0xb4 build/default/debug/_ext/822048611/sys_ports_static.o
                0x9d0029d8                SYS_PORTS_Initialize

.text           0x9d002a8c       0xa8
 .text          0x9d002a8c       0xa8 c:/program files (x86)/microchip/xc32/v1.42/bin/bin/../../lib/gcc/pic32mx/4.8.3/../../../../pic32mx/lib\libpic32.a(memset.o)
                0x9d002a8c                memset

.text.xTaskCheckForTimeOut
                0x9d002b34       0xa0
 .text.xTaskCheckForTimeOut
                0x9d002b34       0xa0 build/default/debug/_ext/1128951024/tasks.o
                0x9d002b34                xTaskCheckForTimeOut

.text.SYS_Tasks
                0x9d002bd4       0x94
 .text.SYS_Tasks
                0x9d002bd4       0x94 build/default/debug/_ext/1688732426/system_tasks.o
                0x9d002bd4                SYS_Tasks

.text.xQueueGenericCreate
                0x9d002c68       0x94
 .text.xQueueGenericCreate
                0x9d002c68       0x94 build/default/debug/_ext/1128951024/queue.o
                0x9d002c68                xQueueGenericCreate

.text.prvInitialiseTaskLists
                0x9d002cfc       0x90
 .text.prvInitialiseTaskLists
                0x9d002cfc       0x90 build/default/debug/_ext/1128951024/tasks.o
                0x9d002cfc                prvInitialiseTaskLists

.text.prvCheckTasksWaitingTermination
                0x9d002d8c       0x90
 .text.prvCheckTasksWaitingTermination
                0x9d002d8c       0x90 build/default/debug/_ext/1128951024/tasks.o
                0x9d002d8c                prvCheckTasksWaitingTermination

.text.DRV_TMR0_Initialize
                0x9d002e1c       0x84
 .text.DRV_TMR0_Initialize
                0x9d002e1c       0x84 build/default/debug/_ext/1407244131/drv_tmr_static.o
                0x9d002e1c                DRV_TMR0_Initialize

.text.DRV_TMR2_Initialize
                0x9d002ea0       0x80
 .text.DRV_TMR2_Initialize
                0x9d002ea0       0x80 build/default/debug/_ext/1407244131/drv_tmr_static.o
                0x9d002ea0                DRV_TMR2_Initialize

.text.vTaskStartScheduler
                0x9d002f20       0x80
 .text.vTaskStartScheduler
                0x9d002f20       0x80 build/default/debug/_ext/1128951024/tasks.o
                0x9d002f20                vTaskStartScheduler

.text.DRV_TMR3_Initialize
                0x9d002fa0       0x7c
 .text.DRV_TMR3_Initialize
                0x9d002fa0       0x7c build/default/debug/_ext/1407244131/drv_tmr_static.o
                0x9d002fa0                DRV_TMR3_Initialize

.rodata         0x9d00301c       0x78
 .rodata        0x9d00301c       0x78 build/default/debug/_ext/74298950/bsp.o

.text.DRV_TMR1_Initialize
                0x9d003094       0x78
 .text.DRV_TMR1_Initialize
                0x9d003094       0x78 build/default/debug/_ext/1407244131/drv_tmr_static.o
                0x9d003094                DRV_TMR1_Initialize

.text.vApplicationSetupTickTimerInterrupt
                0x9d00310c       0x6c
 .text.vApplicationSetupTickTimerInterrupt
                0x9d00310c       0x6c build/default/debug/_ext/12131622/port.o
                0x9d00310c                vApplicationSetupTickTimerInterrupt

.text.vTaskExitCritical
                0x9d003178       0x68
 .text.vTaskExitCritical
                0x9d003178       0x68 build/default/debug/_ext/1128951024/tasks.o
                0x9d003178                vTaskExitCritical

.text.MOTOR_ENCODER_THREAD_Tasks
                0x9d0031e0       0x64
 .text.MOTOR_ENCODER_THREAD_Tasks
                0x9d0031e0       0x64 build/default/debug/_ext/1360937237/motor_encoder_thread.o
                0x9d0031e0                MOTOR_ENCODER_THREAD_Tasks

.text.SYS_CLK_Initialize
                0x9d003244       0x60
 .text.SYS_CLK_Initialize
                0x9d003244       0x60 build/default/debug/_ext/639803181/sys_clk_pic32mx.o
                0x9d003244                SYS_CLK_Initialize

.text.xPortStartScheduler
                0x9d0032a4       0x5c
 .text.xPortStartScheduler
                0x9d0032a4       0x5c build/default/debug/_ext/12131622/port.o
                0x9d0032a4                xPortStartScheduler

.text.vListInsert
                0x9d003300       0x5c
 .text.vListInsert
                0x9d003300       0x5c build/default/debug/_ext/1128951024/list.o
                0x9d003300                vListInsert

.text.SYS_DEVCON_SystemUnlock
                0x9d00335c       0x58
 .text.SYS_DEVCON_SystemUnlock