Archive member included because of file (symbol)

c:/program files (x86)/microchip/xc32/v1.42/bin/bin/../../lib/gcc/pic32mx/4.8.3/../../../../pic32mx/lib\libpic32.a(memcpy.o)
                              build/default/debug/_ext/1128951024/queue.o (memcpy)
c:/program files (x86)/microchip/xc32/v1.42/bin/bin/../../lib/gcc/pic32mx/4.8.3/../../../../pic32mx/lib\libpic32.a(memset.o)
                              build/default/debug/_ext/1128951024/tasks.o (memset)
c:/program files (x86)/microchip/xc32/v1.42/bin/bin/../../lib/gcc/pic32mx/4.8.3/../../../../pic32mx/lib\libpic32.a(strlen.o)
                              build/default/debug/_ext/1360937237/WiFiReceive.o (strlen)
c:/program files (x86)/microchip/xc32/v1.42/bin/bin/../../lib/gcc/pic32mx/4.8.3/../../../../pic32mx/lib\libpic32.a(default-bootstrap-exception-handler.o)
                              c:/program files (x86)/microchip/xc32/v1.42/bin/bin/../../lib/gcc/pic32mx/4.8.3/../../../../pic32mx/lib/./proc/32MX795F512L/crt0_mips32r2.o (_bootstrap_exception_handler)
c:/program files (x86)/microchip/xc32/v1.42/bin/bin/../../lib/gcc/pic32mx/4.8.3/../../../../pic32mx/lib\libpic32.a(default-on-reset.o)
                              c:/program files (x86)/microchip/xc32/v1.42/bin/bin/../../lib/gcc/pic32mx/4.8.3/../../../../pic32mx/lib/./proc/32MX795F512L/crt0_mips32r2.o (_on_reset)
c:/program files (x86)/microchip/xc32/v1.42/bin/bin/../../lib/gcc/pic32mx/4.8.3/../../../../pic32mx/lib\libpic32.a(default-on-bootstrap.o)
                              c:/program files (x86)/microchip/xc32/v1.42/bin/bin/../../lib/gcc/pic32mx/4.8.3/../../../../pic32mx/lib/./proc/32MX795F512L/crt0_mips32r2.o (_on_bootstrap)
c:/program files (x86)/microchip/xc32/v1.42/bin/bin/../../lib/gcc/pic32mx/4.8.3/../../../../pic32mx/lib\libpic32.a(default-nmi-handler.o)
                              c:/program files (x86)/microchip/xc32/v1.42/bin/bin/../../lib/gcc/pic32mx/4.8.3/../../../../pic32mx/lib/./proc/32MX795F512L/crt0_mips32r2.o (_nmi_handler)
c:/program files (x86)/microchip/xc32/v1.42/bin/bin/../../lib/gcc/pic32mx/4.8.3/../../../../pic32mx/lib\libpic32.a(general-exception.o)
                              c:/program files (x86)/microchip/xc32/v1.42/bin/bin/../../lib/gcc/pic32mx/4.8.3/../../../../pic32mx/lib/./proc/32MX795F512L/crt0_mips32r2.o (_general_exception_context)
c:/program files (x86)/microchip/xc32/v1.42/bin/bin/../../lib/gcc/pic32mx/4.8.3/../../../../pic32mx/lib\libpic32.a(vector0.o)
                              c:/program files (x86)/microchip/xc32/v1.42/bin/bin/../../lib/gcc/pic32mx/4.8.3/../../../../pic32mx/lib/./proc/32MX795F512L\default_isr_vectors.o (__vector_dispatch_0)
c:/program files (x86)/microchip/xc32/v1.42/bin/bin/../../lib/gcc/pic32mx/4.8.3/../../../../pic32mx/lib\libpic32.a(vector2.o)
                              c:/program files (x86)/microchip/xc32/v1.42/bin/bin/../../lib/gcc/pic32mx/4.8.3/../../../../pic32mx/lib/./proc/32MX795F512L\default_isr_vectors.o (__vector_dispatch_2)
c:/program files (x86)/microchip/xc32/v1.42/bin/bin/../../lib/gcc/pic32mx/4.8.3/../../../../pic32mx/lib\libpic32.a(vector3.o)
                              c:/program files (x86)/microchip/xc32/v1.42/bin/bin/../../lib/gcc/pic32mx/4.8.3/../../../../pic32mx/lib/./proc/32MX795F512L\default_isr_vectors.o (__vector_dispatch_3)
c:/program files (x86)/microchip/xc32/v1.42/bin/bin/../../lib/gcc/pic32mx/4.8.3/../../../../pic32mx/lib\libpic32.a(vector5.o)
                              c:/program files (x86)/microchip/xc32/v1.42/bin/bin/../../lib/gcc/pic32mx/4.8.3/../../../../pic32mx/lib/./proc/32MX795F512L\default_isr_vectors.o (__vector_dispatch_5)
c:/program files (x86)/microchip/xc32/v1.42/bin/bin/../../lib/gcc/pic32mx/4.8.3/../../../../pic32mx/lib\libpic32.a(vector6.o)
                              c:/program files (x86)/microchip/xc32/v1.42/bin/bin/../../lib/gcc/pic32mx/4.8.3/../../../../pic32mx/lib/./proc/32MX795F512L\default_isr_vectors.o (__vector_dispatch_6)
c:/program files (x86)/microchip/xc32/v1.42/bin/bin/../../lib/gcc/pic32mx/4.8.3/../../../../pic32mx/lib\libpic32.a(vector7.o)
                              c:/program files (x86)/microchip/xc32/v1.42/bin/bin/../../lib/gcc/pic32mx/4.8.3/../../../../pic32mx/lib/./proc/32MX795F512L\default_isr_vectors.o (__vector_dispatch_7)
c:/program files (x86)/microchip/xc32/v1.42/bin/bin/../../lib/gcc/pic32mx/4.8.3/../../../../pic32mx/lib\libpic32.a(vector9.o)
                              c:/program files (x86)/microchip/xc32/v1.42/bin/bin/../../lib/gcc/pic32mx/4.8.3/../../../../pic32mx/lib/./proc/32MX795F512L\default_isr_vectors.o (__vector_dispatch_9)
c:/program files (x86)/microchip/xc32/v1.42/bin/bin/../../lib/gcc/pic32mx/4.8.3/../../../../pic32mx/lib\libpic32.a(vector10.o)
                              c:/program files (x86)/microchip/xc32/v1.42/bin/bin/../../lib/gcc/pic32mx/4.8.3/../../../../pic32mx/lib/./proc/32MX795F512L\default_isr_vectors.o (__vector_dispatch_10)
[...]
Memory Configuration

Name             Origin             Length             Attributes
kseg0_data_mem   0x80000000         0x00000200
kseg1_data_mem   0xa0000000         0x00020000         w !x
kseg0_boot_mem   0x9fc00490         0x00000970
kseg1_boot_mem   0xbfc00000         0x00000490
kseg0_program_mem 0x9d000000         0x00080000         xr
exception_mem    0x9fc01000         0x00001000
debug_exec_mem   0xbfc02000         0x00000ff0
config3          0xbfc02ff0         0x00000004
config2          0xbfc02ff4         0x00000004
config1          0xbfc02ff8         0x00000004
config0          0xbfc02ffc         0x00000004
sfrs             0xbf800000         0x00100000
configsfrs       0xbfc02ff0         0x00000010
*default*        0x00000000         0xffffffff

Linker script and memory map


reserve_data_0_kseg0
                0x80000000      0x200
                0x80000000        0x2 SHORT 0x0
                0x000001fd                . = 0x1fd
 *fill*         0x80000002      0x1fb 
                0x80000200                . = ALIGN (0x4)
 *fill*         0x800001fd        0x3 

reserve_data_0_kseg1
                0xa0000000      0x200
                0xa0000000        0x2 SHORT 0x0
                0x000001fd                . = 0x1fd
 *fill*         0xa0000002      0x1fb 
                0xa0000200                . = ALIGN (0x4)
 *fill*         0xa00001fd        0x3 

reserve_boot_0x1fc02000_kseg0
                0x9fc02000      0xff0
                0x9fc02000        0x2 SHORT 0x0
                0x00000500                . = 0x500
 *fill*         0x9fc02002      0x4fe 
                0x9fc02500                . = ALIGN (0x4)
                0x9fc02500        0x2 SHORT 0x0
                0x00000ff0                . = 0xff0
 *fill*         0x9fc02502      0xaee 
                0x9fc02ff0                . = ALIGN (0x4)

reserve_boot_0x1fc02000_kseg1
                0xbfc02000      0xff0
                0xbfc02000        0x2 SHORT 0x0
                0x00000500                . = 0x500
 *fill*         0xbfc02002      0x4fe 
                0xbfc02500                . = ALIGN (0x4)
                0xbfc02500        0x2 SHORT 0x0
                0x00000ff0                . = 0xff0
 *fill*         0xbfc02502      0xaee 
                0xbfc02ff0                . = ALIGN (0x4)
LOAD c:/program files (x86)/microchip/xc32/v1.42/bin/bin/../../lib/gcc/pic32mx/4.8.3/../../../../pic32mx/lib/./proc/32MX795F512L/crt0_mips32r2.o
LOAD c:/program files (x86)/microchip/xc32/v1.42/bin/bin/../../lib/gcc/pic32mx/4.8.3/../../../../pic32mx/lib\software-debug-break.o
LOAD build/default/debug/_ext/74298950/bsp.o
LOAD build/default/debug/_ext/1361460060/drv_adc_static.o
LOAD build/default/debug/_ext/1047219354/drv_oc_mapping.o
LOAD build/default/debug/_ext/1047219354/drv_oc_static.o
LOAD build/default/debug/_ext/1407244131/drv_tmr_static.o
LOAD build/default/debug/_ext/1407244131/drv_tmr_mapping.o
LOAD build/default/debug/_ext/327000265/drv_usart_mapping.o
LOAD build/default/debug/_ext/327000265/drv_usart_static.o
LOAD build/default/debug/_ext/327000265/drv_usart_static_byte_model.o
LOAD build/default/debug/_ext/639803181/sys_clk_pic32mx.o
LOAD build/default/debug/_ext/340578644/sys_devcon.o
LOAD build/default/debug/_ext/340578644/sys_devcon_pic32mx.o
LOAD build/default/debug/_ext/822048611/sys_ports_static.o
LOAD build/default/debug/_ext/1688732426/system_init.o
LOAD build/default/debug/_ext/1688732426/system_interrupt.o
LOAD build/default/debug/_ext/1688732426/system_exceptions.o
LOAD build/default/debug/_ext/1688732426/system_tasks.o
LOAD build/default/debug/_ext/1688732426/system_interrupt_a.o
LOAD build/default/debug/_ext/1688732426/rtos_hooks.o
LOAD build/default/debug/_ext/1360937237/motor_encoder_thread.o
LOAD build/default/debug/_ext/1360937237/main.o
LOAD build/default/debug/_ext/1360937237/Sensor_Control_Thread.o
LOAD build/default/debug/_ext/1360937237/WiFiReceive.o
LOAD build/default/debug/_ext/1360937237/WiFiTransmit.o
LOAD build/default/debug/_ext/1360937237/jsmn.o
LOAD build/default/debug/_ext/1360937237/Test_Thread.o
LOAD build/default/debug/_ext/24337685/osal_freertos.o
LOAD build/default/debug/_ext/122796885/sys_int_pic32.o
LOAD build/default/debug/_ext/1856876499/heap_1.o
LOAD build/default/debug/_ext/12131622/port.o
LOAD build/default/debug/_ext/12131622/port_asm.o
LOAD build/default/debug/_ext/1128951024/croutine.o
LOAD build/default/debug/_ext/1128951024/list.o
LOAD build/default/debug/_ext/1128951024/queue.o
LOAD build/default/debug/_ext/1128951024/tasks.o
LOAD build/default/debug/_ext/1128951024/timers.o
LOAD build/default/debug/_ext/1128951024/event_groups.o
LOAD build/default/debug/_ext/1360937237/function.o
LOAD ..\..\..\..\bin\framework\peripheral\PIC32MX795F512L_peripherals.a
                0x00000001                __MPLAB_BUILD = 0x1
                0x00000001                __MPLAB_DEBUG = 0x1
                0x00000001                __DEBUG = 0x1
                0x00000001                __MPLAB_DEBUGGER_PK3 = 0x1
                0x00000000                _min_heap_size = 0x0
LOAD c:/program files (x86)/microchip/xc32/v1.42/bin/bin/../../lib/gcc/pic32mx/4.8.3/../../../../pic32mx/lib/./proc/32MX795F512L\default_isr_vectors.o
LOAD c:/program files (x86)/microchip/xc32/v1.42/bin/bin/../../lib/gcc/pic32mx/4.8.3/../../../../pic32mx/lib\pic32_software_reset.o
                0x00000400                PROVIDE (_min_stack_size, 0x400)
LOAD c:/program files (x86)/microchip/xc32/v1.42/bin/bin/../../lib/gcc/pic32mx/4.8.3/../../../../pic32mx/lib/./proc/32MX795F512L\processor.o
START GROUP
LOAD c:/program files (x86)/microchip/xc32/v1.42/bin/bin/../../lib/gcc/pic32mx/4.8.3/../../../../pic32mx/lib\libmchp_peripheral.a
END GROUP
START GROUP
LOAD c:/program files (x86)/microchip/xc32/v1.42/bin/bin/../../lib/gcc/pic32mx/4.8.3/../../../../pic32mx/lib\libmchp_peripheral_32MX795F512L.a
END GROUP
                0x00000001                PROVIDE (_vector_spacing, 0x1)
                0x9fc01000                PROVIDE (_ebase_address, 0x9fc01000)
                0xbfc00000                _RESET_ADDR = 0xbfc00000
                0xbfc00380                _BEV_EXCPT_ADDR = 0xbfc00380
                0xbfc00480                _DBG_EXCPT_ADDR = 0xbfc00480
                0xbfc02000                _DBG_CODE_ADDR = 0xbfc02000
                0x00000ff0                _DBG_CODE_SIZE = 0xff0
                0x9fc01180                _GEN_EXCPT_ADDR = (_ebase_address + 0x180)

.config_BFC02FF0
                0xbfc02ff0        0x4
 *(.config_BFC02FF0)
 .config_BFC02FF0
                0xbfc02ff0        0x4 build/default/debug/_ext/1688732426/system_init.o

.config_BFC02FF4
                0xbfc02ff4        0x4
 *(.config_BFC02FF4)
 .config_BFC02FF4
                0xbfc02ff4        0x4 build/default/debug/_ext/1688732426/system_init.o

.config_BFC02FF8
                0xbfc02ff8        0x4
 *(.config_BFC02FF8)
 .config_BFC02FF8
                0xbfc02ff8        0x4 build/default/debug/_ext/1688732426/system_init.o

.config_BFC02FFC
                0xbfc02ffc        0x4
 *(.config_BFC02FFC)
 .config_BFC02FFC
                0xbfc02ffc        0x4 build/default/debug/_ext/1688732426/system_init.o
                0xbfc02000                PROVIDE (_DBG_CODE_ADDR, 0xbfc02000)
                0x00000ff0                PROVIDE (_DBG_CODE_SIZE, 0xff0)

.reset          0xbfc00000      0x208
 *(.reset)
 .reset         0xbfc00000        0x8 c:/program files (x86)/microchip/xc32/v1.42/bin/bin/../../lib/gcc/pic32mx/4.8.3/../../../../pic32mx/lib/./proc/32MX795F512L/crt0_mips32r2.o
                0xbfc00000                _reset
 *(.reset.startup)
 .reset.startup
                0xbfc00008      0x200 c:/program files (x86)/microchip/xc32/v1.42/bin/bin/../../lib/gcc/pic32mx/4.8.3/../../../../pic32mx/lib/./proc/32MX795F512L/crt0_mips32r2.o

.bev_excpt      0xbfc00380       0x10
 *(.bev_handler)
 .bev_handler   0xbfc00380       0x10 c:/program files (x86)/microchip/xc32/v1.42/bin/bin/../../lib/gcc/pic32mx/4.8.3/../../../../pic32mx/lib/./proc/32MX795F512L/crt0_mips32r2.o

.dbg_excpt      0xbfc00480        0x0
                0xbfc00480                . = (. + DEFINED (_DEBUGGER)?0x8:0x0)

.dbg_code       0xbfc02000        0x0
                0xbfc02000                . = (. + DEFINED (_DEBUGGER)?_DBG_CODE_SIZE:0x0)

.app_excpt      0x9fc01180       0x10
 *(.gen_handler)
 .gen_handler   0x9fc01180       0x10 c:/program files (x86)/microchip/xc32/v1.42/bin/bin/../../lib/gcc/pic32mx/4.8.3/../../../../pic32mx/lib/./proc/32MX795F512L/crt0_mips32r2.o

.vector_0       0x9fc01200        0x8
 *(.vector_0)
 .vector_0      0x9fc01200        0x8 c:/program files (x86)/microchip/xc32/v1.42/bin/bin/../../lib/gcc/pic32mx/4.8.3/../../../../pic32mx/lib\libpic32.a(vector0.o)
                0x9fc01200                __vector_dispatch_0
                0x00000001                ASSERT (((_vector_spacing == 0x0) || (SIZEOF (.vector_0) <= (_vector_spacing << 0x5))), function at exception vector 0 too large)

.vector_1       0x9fc01220        0x8
 *(.vector_1)
 .vector_1      0x9fc01220        0x8 build/default/debug/_ext/12131622/port.o
                0x9fc01220                __vector_dispatch_1
                0x00000001                ASSERT (((_vector_spacing == 0x0) || (SIZEOF (.vector_1) <= (_vector_spacing << 0x5))), function at exception vector 1 too large)

.vector_2       0x9fc01240        0x8
 *(.vector_2)
 .vector_2      0x9fc01240        0x8 c:/program files (x86)/microchip/xc32/v1.42/bin/bin/../../lib/gcc/pic32mx/4.8.3/../../../../pic32mx/lib\libpic32.a(vector2.o)
                0x9fc01240                __vector_dispatch_2
                0x00000001                ASSERT (((_vector_spacing == 0x0) || (SIZEOF (.vector_2) <= (_vector_spacing << 0x5))), function at exception vector 2 too large)

.vector_3       0x9fc01260        0x8
 *(.vector_3)
 .vector_3      0x9fc01260        0x8 c:/program files (x86)/microchip/xc32/v1.42/bin/bin/../../lib/gcc/pic32mx/4.8.3/../../../../pic32mx/lib\libpic32.a(vector3.o)
                0x9fc01260                __vector_dispatch_3
                0x00000001                ASSERT (((_vector_spacing == 0x0) || (SIZEOF (.vector_3) <= (_vector_spacing << 0x5))), function at exception vector 3 too large)

.vector_4       0x9fc01280        0x8
 *(.vector_4)
 .vector_4      0x9fc01280        0x8 build/default/debug/_ext/12131622/port.o
                0x9fc01280                __vector_dispatch_4
                0x00000001                ASSERT (((_vector_spacing == 0x0) || (SIZEOF (.vector_4) <= (_vector_spacing << 0x5))), function at exception vector 4 too large)

.vector_5       0x9fc012a0        0x8
 *(.vector_5)
 .vector_5      0x9fc012a0        0x8 c:/program files (x86)/microchip/xc32/v1.42/bin/bin/../../lib/gcc/pic32mx/4.8.3/../../../../pic32mx/lib\libpic32.a(vector5.o)
                0x9fc012a0                __vector_dispatch_5
                0x00000001                ASSERT (((_vector_spacing == 0x0) || (SIZEOF (.vector_5) <= (_vector_spacing << 0x5))), function at exception vector 5 too large)

.vector_6       0x9fc012c0        0x8
 *(.vector_6)
 .vector_6      0x9fc012c0        0x8 c:/program files (x86)/microchip/xc32/v1.42/bin/bin/../../lib/gcc/pic32mx/4.8.3/../../../../pic32mx/lib\libpic32.a(vector6.o)
                0x9fc012c0                __vector_dispatch_6
                0x00000001                ASSERT (((_vector_spacing == 0x0) || (SIZEOF (.vector_6) <= (_vector_spacing << 0x5))), function at exception vector 6 too large)

.vector_7       0x9fc012e0        0x8
 *(.vector_7)
 .vector_7      0x9fc012e0        0x8 c:/program files (x86)/microchip/xc32/v1.42/bin/bin/../../lib/gcc/pic32mx/4.8.3/../../../../pic32mx/lib\libpic32.a(vector7.o)
                0x9fc012e0                __vector_dispatch_7
                0x00000001                ASSERT (((_vector_spacing == 0x0) || (SIZEOF (.vector_7) <= (_vector_spacing << 0x5))), function at exception vector 7 too large)

.vector_8       0x9fc01300       0x10
 *(.vector_8)
 .vector_8      0x9fc01300       0x10 build/default/debug/_ext/1688732426/system_interrupt_a.o
                0x9fc01300                __vector_dispatch_8
                0x00000001                ASSERT (((_vector_spacing == 0x0) || (SIZEOF (.vector_8) <= (_vector_spacing << 0x5))), function at exception vector 8 too large)

.vector_9       0x9fc01320        0x8
 *(.vector_9)
 .vector_9      0x9fc01320        0x8 c:/program files (x86)/microchip/xc32/v1.42/bin/bin/../../lib/gcc/pic32mx/4.8.3/../../../../pic32mx/lib\libpic32.a(vector9.o)
                0x9fc01320                __vector_dispatch_9
                0x00000001                ASSERT (((_vector_spacing == 0x0) || (SIZEOF (.vector_9) <= (_vector_spacing << 0x5))), function at exception vector 9 too large)

.vector_10      0x9fc01340        0x8
 *(.vector_10)
 .vector_10     0x9fc01340        0x8 c:/program files (x86)/microchip/xc32/v1.42/bin/bin/../../lib/gcc/pic32mx/4.8.3/../../../../pic32mx/lib\libpic32.a(vector10.o)
                0x9fc01340                __vector_dispatch_10
                0x00000001                ASSERT (((_vector_spacing == 0x0) || (SIZEOF (.vector_10) <= (_vector_spacing << 0x5))), function at exception vector 10 too large)

.vector_11      0x9fc01360        0x8
 *(.vector_11)
 .vector_11     0x9fc01360        0x8 c:/program files (x86)/microchip/xc32/v1.42/bin/bin/../../lib/gcc/pic32mx/4.8.3/../../../../pic32mx/lib\libpic32.a(vector11.o)
                0x9fc01360                __vector_dispatch_11
                0x00000001                ASSERT (((_vector_spacing == 0x0) || (SIZEOF (.vector_11) <= (_vector_spacing << 0x5))), function at exception vector 11 too large)

.vector_12      0x9fc01380       0x10
 *(.vector_12)
 .vector_12     0x9fc01380       0x10 build/default/debug/_ext/1688732426/system_interrupt_a.o
                0x9fc01380                __vector_dispatch_12
                0x00000001                ASSERT (((_vector_spacing == 0x0) || (SIZEOF (.vector_12) <= (_vector_spacing << 0x5))), function at exception vector 12 too large)

.vector_13      0x9fc013a0        0x8
 *(.vector_13)
 .vector_13     0x9fc013a0        0x8 c:/program files (x86)/microchip/xc32/v1.42/bin/bin/../../lib/gcc/pic32mx/4.8.3/../../../../pic32mx/lib\libpic32.a(vector13.o)
                0x9fc013a0                __vector_dispatch_13
                0x00000001                ASSERT (((_vector_spacing == 0x0) || (SIZEOF (.vector_13) <= (_vector_spacing << 0x5))), function at exception vector 13 too large)

.vector_14      0x9fc013c0        0x8
 *(.vector_14)
 .vector_14     0x9fc013c0        0x8 c:/program files (x86)/microchip/xc32/v1.42/bin/bin/../../lib/gcc/pic32mx/4.8.3/../../../../pic32mx/lib\libpic32.a(vector14.o)
                0x9fc013c0                __vector_dispatch_14
                0x00000001                ASSERT (((_vector_spacing == 0x0) || (SIZEOF (.vector_14) <= (_vector_spacing << 0x5))), function at exception vector 14 too large)

.vector_15      0x9fc013e0       0x10
 *(.vector_15)
 .vector_15     0x9fc013e0       0x10 build/default/debug/_ext/1688732426/system_interrupt_a.o
                0x9fc013e0                __vector_dispatch_15
                0x00000001                ASSERT (((_vector_spacing == 0x0) || (SIZEOF (.vector_15) <= (_vector_spacing << 0x5))), function at exception vector 15 too large)

.vector_16      0x9fc01400       0x10
 *(.vector_16)
 .vector_16     0x9fc01400       0x10 build/default/debug/_ext/1688732426/system_interrupt_a.o
                0x9fc01400                __vector_dispatch_16
                0x00000001                ASSERT (((_vector_spacing == 0x0) || (SIZEOF (.vector_16) <= (_vector_spacing << 0x5))), function at exception vector 16 too large)

.vector_17      0x9fc01420        0x8
 *(.vector_17)
 .vector_17     0x9fc01420        0x8 c:/program files (x86)/microchip/xc32/v1.42/bin/bin/../../lib/gcc/pic32mx/4.8.3/../../../../pic32mx/lib\libpic32.a(vector17.o)
                0x9fc01420                __vector_dispatch_17
                0x00000001                ASSERT (((_vector_spacing == 0x0) || (SIZEOF (.vector_17) <= (_vector_spacing << 0x5))), function at exception vector 17 too large)

.vector_18      0x9fc01440        0x8
 *(.vector_18)
 .vector_18     0x9fc01440        0x8 c:/program files (x86)/microchip/xc32/v1.42/bin/bin/../../lib/gcc/pic32mx/4.8.3/../../../../pic32mx/lib\libpic32.a(vector18.o)
                0x9fc01440                __vector_dispatch_18
                0x00000001                ASSERT (((_vector_spacing == 0x0) || (SIZEOF (.vector_18) <= (_vector_spacing << 0x5))), function at exception vector 18 too large)

.vector_19      0x9fc01460       0x10
 *(.vector_19)
 .vector_19     0x9fc01460       0x10 build/default/debug/_ext/1688732426/system_interrupt_a.o
                0x9fc01460                __vector_dispatch_19
                0x00000001                ASSERT (((_vector_spacing == 0x0) || (SIZEOF (.vector_19) <= (_vector_spacing << 0x5))), function at exception vector 19 too large)

.vector_20      0x9fc01480       0x10
 *(.vector_20)
 .vector_20     0x9fc01480       0x10 build/default/debug/_ext/1688732426/system_interrupt_a.o
                0x9fc01480                __vector_dispatch_20
                0x00000001                ASSERT (((_vector_spacing == 0x0) || (SIZEOF (.vector_20) <= (_vector_spacing << 0x5))), function at exception vector 20 too large)

.vector_21      0x9fc014a0        0x8
 *(.vector_21)
 .vector_21     0x9fc014a0        0x8 c:/program files (x86)/microchip/xc32/v1.42/bin/bin/../../lib/gcc/pic32mx/4.8.3/../../../../pic32mx/lib\libpic32.a(vector21.o)
                0x9fc014a0                __vector_dispatch_21
                0x00000001                ASSERT (((_vector_spacing == 0x0) || (SIZEOF (.vector_21) <= (_vector_spacing << 0x5))), function at exception vector 21 too large)

.vector_22      0x9fc014c0        0x8
 *(.vector_22)
 .vector_22     0x9fc014c0        0x8 c:/program files (x86)/microchip/xc32/v1.42/bin/bin/../../lib/gcc/pic32mx/4.8.3/../../../../pic32mx/lib\libpic32.a(vector22.o)
                0x9fc014c0                __vector_dispatch_22
                0x00000001                ASSERT (((_vector_spacing == 0x0) || (SIZEOF (.vector_22) <= (_vector_spacing << 0x5))), function at exception vector 22 too large)

.vector_23      0x9fc014e0        0x8
 *(.vector_23)
 .vector_23     0x9fc014e0        0x8 c:/program files (x86)/microchip/xc32/v1.42/bin/bin/../../lib/gcc/pic32mx/4.8.3/../../../../pic32mx/lib\libpic32.a(vector23.o)
                0x9fc014e0                __vector_dispatch_23
                0x00000001                ASSERT (((_vector_spacing == 0x0) || (SIZEOF (.vector_23) <= (_vector_spacing << 0x5))), function at exception vector 23 too large)

.vector_24      0x9fc01500       0x10
 *(.vector_24)
 .vector_24     0x9fc01500       0x10 build/default/debug/_ext/1688732426/system_interrupt_a.o
                0x9fc01500                __vector_dispatch_24
                0x00000001                ASSERT (((_vector_spacing == 0x0) || (SIZEOF (.vector_24) <= (_vector_spacing << 0x5))), function at exception vector 24 too large)

.vector_25      0x9fc01520        0x8
 *(.vector_25)
 .vector_25     0x9fc01520        0x8 c:/program files (x86)/microchip/xc32/v1.42/bin/bin/../../lib/gcc/pic32mx/4.8.3/../../../../pic32mx/lib\libpic32.a(vector25.o)
                0x9fc01520                __vector_dispatch_25
                0x00000001                ASSERT (((_vector_spacing == 0x0) || (SIZEOF (.vector_25) <= (_vector_spacing << 0x5))), function at exception vector 25 too large)

.vector_26      0x9fc01540        0x8
 *(.vector_26)
 .vector_26     0x9fc01540        0x8 c:/program files (x86)/microchip/xc32/v1.42/bin/bin/../../lib/gcc/pic32mx/4.8.3/../../../../pic32mx/lib\libpic32.a(vector26.o)
                0x9fc01540                __vector_dispatch_26
                0x00000001                ASSERT (((_vector_spacing == 0x0) || (SIZEOF (.vector_26) <= (_vector_spacing << 0x5))), function at exception vector 26 too large)

.vector_27      0x9fc01560        0x8
 *(.vector_27)
 .vector_27     0x9fc01560        0x8 c:/program files (x86)/microchip/xc32/v1.42/bin/bin/../../lib/gcc/pic32mx/4.8.3/../../../../pic32mx/lib\libpic32.a(vector27.o)
                0x9fc01560                __vector_dispatch_27
                0x00000001                ASSERT (((_vector_spacing == 0x0) || (SIZEOF (.vector_27) <= (_vector_spacing << 0x5))), function at exception vector 27 too large)

.vector_28      0x9fc01580        0x8
 *(.vector_28)
 .vector_28     0x9fc01580        0x8 c:/program files (x86)/microchip/xc32/v1.42/bin/bin/../../lib/gcc/pic32mx/4.8.3/../../../../pic32mx/lib\libpic32.a(vector28.o)
                0x9fc01580                __vector_dispatch_28
                0x00000001                ASSERT (((_vector_spacing == 0x0) || (SIZEOF (.vector_28) <= (_vector_spacing << 0x5))), function at exception vector 28 too large)

.vector_29      0x9fc015a0        0x8
 *(.vector_29)
 .vector_29     0x9fc015a0        0x8 c:/program files (x86)/microchip/xc32/v1.42/bin/bin/../../lib/gcc/pic32mx/4.8.3/../../../../pic32mx/lib\libpic32.a(vector29.o)
                0x9fc015a0                __vector_dispatch_29
                0x00000001                ASSERT (((_vector_spacing == 0x0) || (SIZEOF (.vector_29) <= (_vector_spacing << 0x5))), function at exception vector 29 too large)

.vector_30      0x9fc015c0        0x8
 *(.vector_30)
 .vector_30     0x9fc015c0        0x8 c:/program files (x86)/microchip/xc32/v1.42/bin/bin/../../lib/gcc/pic32mx/4.8.3/../../../../pic32mx/lib\libpic32.a(vector30.o)
                0x9fc015c0                __vector_dispatch_30
                0x00000001                ASSERT (((_vector_spacing == 0x0) || (SIZEOF (.vector_30) <= (_vector_spacing << 0x5))), function at exception vector 30 too large)

.vector_31      0x9fc015e0        0x8
 *(.vector_31)
 .vector_31     0x9fc015e0        0x8 c:/program files (x86)/microchip/xc32/v1.42/bin/bin/../../lib/gcc/pic32mx/4.8.3/../../../../pic32mx/lib\libpic32.a(vector31.o)
                0x9fc015e0                __vector_dispatch_31
                0x00000001                ASSERT (((_vector_spacing == 0x0) || (SIZEOF (.vector_31) <= (_vector_spacing << 0x5))), function at exception vector 31 too large)

.vector_32      0x9fc01600        0x8
 *(.vector_32)
 .vector_32     0x9fc01600        0x8 c:/program files (x86)/microchip/xc32/v1.42/bin/bin/../../lib/gcc/pic32mx/4.8.3/../../../../pic32mx/lib\libpic32.a(vector32.o)
                0x9fc01600                __vector_dispatch_32
                0x00000001                ASSERT (((_vector_spacing == 0x0) || (SIZEOF (.vector_32) <= (_vector_spacing << 0x5))), function at exception vector 32 too large)

.vector_33      0x9fc01620        0x8
 *(.vector_33)
 .vector_33     0x9fc01620        0x8 c:/program files (x86)/microchip/xc32/v1.42/bin/bin/../../lib/gcc/pic32mx/4.8.3/../../../../pic32mx/lib\libpic32.a(vector33.o)
                0x9fc01620                __vector_dispatch_33
                0x00000001                ASSERT (((_vector_spacing == 0x0) || (SIZEOF (.vector_33) <= (_vector_spacing << 0x5))), function at exception vector 33 too large)

.vector_34      0x9fc01640        0x8
 *(.vector_34)
 .vector_34     0x9fc01640        0x8 c:/program files (x86)/microchip/xc32/v1.42/bin/bin/../../lib/gcc/pic32mx/4.8.3/../../../../pic32mx/lib\libpic32.a(vector34.o)
                0x9fc01640                __vector_dispatch_34
                0x00000001                ASSERT (((_vector_spacing == 0x0) || (SIZEOF (.vector_34) <= (_vector_spacing << 0x5))), function at exception vector 34 too large)

.vector_35      0x9fc01660        0x8
 *(.vector_35)
 .vector_35     0x9fc01660        0x8 c:/program files (x86)/microchip/xc32/v1.42/bin/bin/../../lib/gcc/pic32mx/4.8.3/../../../../pic32mx/lib\libpic32.a(vector35.o)
                0x9fc01660                __vector_dispatch_35
                0x00000001                ASSERT (((_vector_spacing == 0x0) || (SIZEOF (.vector_35) <= (_vector_spacing << 0x5))), function at exception vector 35 too large)

.vector_36      0x9fc01680        0x8
 *(.vector_36)
 .vector_36     0x9fc01680        0x8 c:/program files (x86)/microchip/xc32/v1.42/bin/bin/../../lib/gcc/pic32mx/4.8.3/../../../../pic32mx/lib\libpic32.a(vector36.o)
                0x9fc01680                __vector_dispatch_36
                0x00000001                ASSERT (((_vector_spacing == 0x0) || (SIZEOF (.vector_36) <= (_vector_spacing << 0x5))), function at exception vector 36 too large)

.vector_37      0x9fc016a0        0x8
 *(.vector_37)
 .vector_37     0x9fc016a0        0x8 c:/program files (x86)/microchip/xc32/v1.42/bin/bin/../../lib/gcc/pic32mx/4.8.3/../../../../pic32mx/lib\libpic32.a(vector37.o)
                0x9fc016a0                __vector_dispatch_37
                0x00000001                ASSERT (((_vector_spacing == 0x0) || (SIZEOF (.vector_37) <= (_vector_spacing << 0x5))), function at exception vector 37 too large)

.vector_38      0x9fc016c0        0x8
 *(.vector_38)
 .vector_38     0x9fc016c0        0x8 c:/program files (x86)/microchip/xc32/v1.42/bin/bin/../../lib/gcc/pic32mx/4.8.3/../../../../pic32mx/lib\libpic32.a(vector38.o)
                0x9fc016c0                __vector_dispatch_38
                0x00000001                ASSERT (((_vector_spacing == 0x0) || (SIZEOF (.vector_38) <= (_vector_spacing << 0x5))), function at exception vector 38 too large)

.vector_39      0x9fc016e0        0x8
 *(.vector_39)
 .vector_39     0x9fc016e0        0x8 c:/program files (x86)/microchip/xc32/v1.42/bin/bin/../../lib/gcc/pic32mx/4.8.3/../../../../pic32mx/lib\libpic32.a(vector39.o)
                0x9fc016e0                __vector_dispatch_39
                0x00000001                ASSERT (((_vector_spacing == 0x0) || (SIZEOF (.vector_39) <= (_vector_spacing << 0x5))), function at exception vector 39 too large)

.vector_40      0x9fc01700        0x8
 *(.vector_40)
 .vector_40     0x9fc01700        0x8 c:/program files (x86)/microchip/xc32/v1.42/bin/bin/../../lib/gcc/pic32mx/4.8.3/../../../../pic32mx/lib\libpic32.a(vector40.o)
                0x9fc01700                __vector_dispatch_40
                0x00000001                ASSERT (((_vector_spacing == 0x0) || (SIZEOF (.vector_40) <= (_vector_spacing << 0x5))), function at exception vector 40 too large)

.vector_41      0x9fc01720        0x8
 *(.vector_41)
 .vector_41     0x9fc01720        0x8 c:/program files (x86)/microchip/xc32/v1.42/bin/bin/../../lib/gcc/pic32mx/4.8.3/../../../../pic32mx/lib\libpic32.a(vector41.o)
                0x9fc01720                __vector_dispatch_41
                0x00000001                ASSERT (((_vector_spacing == 0x0) || (SIZEOF (.vector_41) <= (_vector_spacing << 0x5))), function at exception vector 41 too large)

.vector_42      0x9fc01740        0x8
 *(.vector_42)
 .vector_42     0x9fc01740        0x8 c:/program files (x86)/microchip/xc32/v1.42/bin/bin/../../lib/gcc/pic32mx/4.8.3/../../../../pic32mx/lib\libpic32.a(vector42.o)
                0x9fc01740                __vector_dispatch_42
                0x00000001                ASSERT (((_vector_spacing == 0x0) || (SIZEOF (.vector_42) <= (_vector_spacing << 0x5))), function at exception vector 42 too large)

.vector_43      0x9fc01760        0x8
 *(.vector_43)
 .vector_43     0x9fc01760        0x8 c:/program files (x86)/microchip/xc32/v1.42/bin/bin/../../lib/gcc/pic32mx/4.8.3/../../../../pic32mx/lib\libpic32.a(vector43.o)
                0x9fc01760                __vector_dispatch_43
                0x00000001                ASSERT (((_vector_spacing == 0x0) || (SIZEOF (.vector_43) <= (_vector_spacing << 0x5))), function at exception vector 43 too large)

.vector_44      0x9fc01780        0x8
 *(.vector_44)
 .vector_44     0x9fc01780        0x8 c:/program files (x86)/microchip/xc32/v1.42/bin/bin/../../lib/gcc/pic32mx/4.8.3/../../../../pic32mx/lib\libpic32.a(vector44.o)
                0x9fc01780                __vector_dispatch_44
                0x00000001                ASSERT (((_vector_spacing == 0x0) || (SIZEOF (.vector_44) <= (_vector_spacing << 0x5))), function at exception vector 44 too large)

.vector_45      0x9fc017a0        0x8
 *(.vector_45)
 .vector_45     0x9fc017a0        0x8 c:/program files (x86)/microchip/xc32/v1.42/bin/bin/../../lib/gcc/pic32mx/4.8.3/../../../../pic32mx/lib\libpic32.a(vector45.o)
                0x9fc017a0                __vector_dispatch_45
                0x00000001                ASSERT (((_vector_spacing == 0x0) || (SIZEOF (.vector_45) <= (_vector_spacing << 0x5))), function at exception vector 45 too large)

.vector_46      0x9fc017c0        0x8
 *(.vector_46)
 .vector_46     0x9fc017c0        0x8 c:/program files (x86)/microchip/xc32/v1.42/bin/bin/../../lib/gcc/pic32mx/4.8.3/../../../../pic32mx/lib\libpic32.a(vector46.o)
                0x9fc017c0                __vector_dispatch_46
                0x00000001                ASSERT (((_vector_spacing == 0x0) || (SIZEOF (.vector_46) <= (_vector_spacing << 0x5))), function at exception vector 46 too large)

.vector_47      0x9fc017e0        0x8
 *(.vector_47)
 .vector_47     0x9fc017e0        0x8 c:/program files (x86)/microchip/xc32/v1.42/bin/bin/../../lib/gcc/pic32mx/4.8.3/../../../../pic32mx/lib\libpic32.a(vector47.o)
                0x9fc017e0                __vector_dispatch_47
                0x00000001                ASSERT (((_vector_spacing == 0x0) || (SIZEOF (.vector_47) <= (_vector_spacing << 0x5))), function at exception vector 47 too large)

.vector_48      0x9fc01800        0x8
 *(.vector_48)
 .vector_48     0x9fc01800        0x8 c:/program files (x86)/microchip/xc32/v1.42/bin/bin/../../lib/gcc/pic32mx/4.8.3/../../../../pic32mx/lib\libpic32.a(vector48.o)
                0x9fc01800                __vector_dispatch_48
                0x00000001                ASSERT (((_vector_spacing == 0x0) || (SIZEOF (.vector_48) <= (_vector_spacing << 0x5))), function at exception vector 48 too large)

.vector_49      0x9fc01820        0x8
 *(.vector_49)
 .vector_49     0x9fc01820        0x8 c:/program files (x86)/microchip/xc32/v1.42/bin/bin/../../lib/gcc/pic32mx/4.8.3/../../../../pic32mx/lib\libpic32.a(vector49.o)
                0x9fc01820                __vector_dispatch_49
                0x00000001                ASSERT (((_vector_spacing == 0x0) || (SIZEOF (.vector_49) <= (_vector_spacing << 0x5))), function at exception vector 49 too large)

.vector_50      0x9fc01840        0x8
 *(.vector_50)
 .vector_50     0x9fc01840        0x8 c:/program files (x86)/microchip/xc32/v1.42/bin/bin/../../lib/gcc/pic32mx/4.8.3/../../../../pic32mx/lib\libpic32.a(vector50.o)
                0x9fc01840                __vector_dispatch_50
                0x00000001                ASSERT (((_vector_spacing == 0x0) || (SIZEOF (.vector_50) <= (_vector_spacing << 0x5))), function at exception vector 50 too large)

.vector_51      0x9fc01860        0x8
 *(.vector_51)
 .vector_51     0x9fc01860        0x8 c:/program files (x86)/microchip/xc32/v1.42/bin/bin/../../lib/gcc/pic32mx/4.8.3/../../../../pic32mx/lib\libpic32.a(vector51.o)
                0x9fc01860                __vector_dispatch_51
                0x00000001                ASSERT (((_vector_spacing == 0x0) || (SIZEOF (.vector_51) <= (_vector_spacing << 0x5))), function at exception vector 51 too large)

.vector_52      0x9fc01880        0x0
 *(.vector_52)
                0x00000001                ASSERT (((_vector_spacing == 0x0) || (SIZEOF (.vector_52) <= (_vector_spacing << 0x5))), function at exception vector 52 too large)

.vector_53      0x9fc018a0        0x0
 *(.vector_53)
                0x00000001                ASSERT (((_vector_spacing == 0x0) || (SIZEOF (.vector_53) <= (_vector_spacing << 0x5))), function at exception vector 53 too large)

.vector_54      0x9fc018c0        0x0
 *(.vector_54)
                0x00000001                ASSERT (((_vector_spacing == 0x0) || (SIZEOF (.vector_54) <= (_vector_spacing << 0x5))), function at exception vector 54 too large)

.vector_55      0x9fc018e0        0x0
 *(.vector_55)
                0x00000001                ASSERT (((_vector_spacing == 0x0) || (SIZEOF (.vector_55) <= (_vector_spacing << 0x5))), function at exception vector 55 too large)

.vector_56      0x9fc01900        0x0
 *(.vector_56)
                0x00000001                ASSERT (((_vector_spacing == 0x0) || (SIZEOF (.vector_56) <= (_vector_spacing << 0x5))), function at exception vector 56 too large)

.vector_57      0x9fc01920        0x0
 *(.vector_57)
                0x00000001                ASSERT (((_vector_spacing == 0x0) || (SIZEOF (.vector_57) <= (_vector_spacing << 0x5))), function at exception vector 57 too large)

.vector_58      0x9fc01940        0x0
 *(.vector_58)
                0x00000001                ASSERT (((_vector_spacing == 0x0) || (SIZEOF (.vector_58) <= (_vector_spacing << 0x5))), function at exception vector 58 too large)

.vector_59      0x9fc01960        0x0
 *(.vector_59)
                0x00000001                ASSERT (((_vector_spacing == 0x0) || (SIZEOF (.vector_59) <= (_vector_spacing << 0x5))), function at exception vector 59 too large)

.vector_60      0x9fc01980        0x0
 *(.vector_60)
                0x00000001                ASSERT (((_vector_spacing == 0x0) || (SIZEOF (.vector_60) <= (_vector_spacing << 0x5))), function at exception vector 60 too large)

.vector_61      0x9fc019a0        0x0
 *(.vector_61)
                0x00000001                ASSERT (((_vector_spacing == 0x0) || (SIZEOF (.vector_61) <= (_vector_spacing << 0x5))), function at exception vector 61 too large)

.vector_62      0x9fc019c0        0x0
 *(.vector_62)
                0x00000001                ASSERT (((_vector_spacing == 0x0) || (SIZEOF (.vector_62) <= (_vector_spacing << 0x5))), function at exception vector 62 too large)

.vector_63      0x9fc019e0        0x0
 *(.vector_63)
                0x00000001                ASSERT (((_vector_spacing == 0x0) || (SIZEOF (.vector_63) <= (_vector_spacing << 0x5))), function at exception vector 63 too large)

.startup
 *(.startup)

.text           0x9d000000        0x0
 *(.stub .gnu.linkonce.t.*)
 *(.text.*personality*)
 *(.mips16.fn.*)
 *(.mips16.call.*)
 *(.gnu.warning)
                0x9d000000                . = ALIGN (0x4)

.init           0x9d000000        0x0
 *crti.o(.init)
 *crtbegin.o(.init)
 *(EXCLUDE_FILE(*crtn.o *crtend?.o *crtend.o) .init)
 *crtend.o(.init)
 *crtn.o(.init)
                0x9d000000                . = ALIGN (0x4)

.fini           0x9d000000        0x0
 *(.fini)
                0x9d000000                . = ALIGN (0x4)

.preinit_array  0x9d000000        0x0
                0x9d000000                PROVIDE (__preinit_array_start, .)
 *(.preinit_array)
                0x9d000000                PROVIDE (__preinit_array_end, .)
                0x9d000000                . = ALIGN (0x4)

.init_array     0x9d000000        0x0
                0x9d000000                PROVIDE (__init_array_start, .)
 *(SORT(.init_array.*))
 *(.init_array)
                0x9d000000                PROVIDE (__init_array_end, .)
                0x9d000000                . = ALIGN (0x4)

.fini_array     0x9d000000        0x0
                0x9d000000                PROVIDE (__fini_array_start, .)
 *(SORT(.fini_array.*))
 *(.fini_array)
                0x9d000000                PROVIDE (__fini_array_end, .)
                0x9d000000                . = ALIGN (0x4)

.ctors          0x9d000000        0x0
 *crtbegin.o(.ctors)
 *crtbegin?.o(.ctors)
 *(EXCLUDE_FILE(*crtend?.o *crtend.o) .ctors)
 *(SORT(.ctors.*))
 *(.ctors)
                0x9d000000                . = ALIGN (0x4)

.dtors          0x9d000000        0x0
 *crtbegin.o(.dtors)
 *crtbegin?.o(.dtors)
 *(EXCLUDE_FILE(*crtend?.o *crtend.o) .dtors)
 *(SORT(.dtors.*))
 *(.dtors)
                0x9d000000                . = ALIGN (0x4)

.rodata         0x9d000000        0x0
 *(.gnu.linkonce.r.*)
 *(.rodata1)
                0x9d000000                . = ALIGN (0x4)

.sdata2         0x9fc00490        0x0
 *(.sdata2 .sdata2.* .gnu.linkonce.s2.*)
                0x9fc00490                . = ALIGN (0x4)

.sbss2          0x9fc00490        0x0
 *(.sbss2 .sbss2.* .gnu.linkonce.sb2.*)
                0x9fc00490                . = ALIGN (0x4)

.eh_frame_hdr
 *(.eh_frame_hdr)
                0x9fc00490                . = ALIGN (0x4)

.eh_frame
 *(.eh_frame)
                0x9fc00490                . = ALIGN (0x4)

.gcc_except_table
 *(.gcc_except_table .gcc_except_table.*)
                0x9fc00490                . = ALIGN (0x4)

.dbg_data       0xa0000200        0x0
                0xa0000200                . = (. + DEFINED (_DEBUGGER)?0x200:0x0)

.jcr            0xa0000200        0x0
 *(.jcr)
                0xa0000200                . = ALIGN (0x4)

.eh_frame
 *(.eh_frame)
                0xa0000200                . = ALIGN (0x4)

.gcc_except_table
 *(.gcc_except_table .gcc_except_table.*)
                0xa0000200                . = ALIGN (0x4)

.persist        0xa0000200        0x0
                0xa0000200                _persist_begin = .
 *(.persist .persist.*)
 *(.pbss .pbss.*)
                0xa0000200                . = ALIGN (0x4)
                0xa0000200                _persist_end = .

.data           0xa0000200        0x0
 *(.gnu.linkonce.d.*)
 *(.data1)
                0xa0000200                . = ALIGN (0x4)
                0xa0000200                . = .
                0xa00081f0                _gp = (ALIGN (0x10) + 0x7ff0)

.got            0xa0000200        0x0
 *(.got.plt)
 *(.got)
                0xa0000200                . = ALIGN (0x4)

.sdata          0xa0000200       0x1c
                0xa0000200                _sdata_begin = .
 *(.sdata .sdata.* .gnu.linkonce.s.*)
 .sdata         0xa0000200        0xc build/default/debug/_ext/1360937237/motor_encoder_thread.o
                0xa0000200                Kp
                0xa0000204                Right_Encoder_data
                0xa0000208                Left_Encoder_data
 .sdata         0xa000020c        0x8 build/default/debug/_ext/1360937237/Sensor_Control_Thread.o
                0xa000020c                ds
                0xa0000210                df
 .sdata         0xa0000214        0x4 build/default/debug/_ext/12131622/port.o
                0xa0000214                uxInterruptNesting
 .sdata         0xa0000218        0x4 c:/program files (x86)/microchip/xc32/v1.42/bin/bin/../../lib/gcc/pic32mx/4.8.3/../../../../pic32mx/lib\libpic32.a(xc32_uart.o)
                0xa0000218                __XC_UART
                0xa000021c                . = ALIGN (0x4)
                0xa000021c                _sdata_end = .

.lit8
 *(.lit8)

.lit4
 *(.lit4)
                0xa000021c                . = ALIGN (0x4)
                0xa000021c                _data_end = .
                0xa000021c                _bss_begin = .

.sbss           0xa000021c      0x108
                0xa000021c                _sbss_begin = .
 *(.dynsbss)
 *(.sbss .sbss.* .gnu.linkonce.sb.*)
 .sbss          0xa000021c        0x4 build/default/debug/_ext/1407244131/drv_tmr_static.o
 .sbss          0xa0000220        0xc build/default/debug/_ext/1688732426/system_exceptions.o
 .sbss          0xa000022c       0x4c build/default/debug/_ext/1360937237/motor_encoder_thread.o
                0xa000022c                right_finish
                0xa000022d                left_finish
                0xa000022e                distance_mode
                0xa0000230                right_move_distance
                0xa0000234                right_current_distance
                0xa0000238                right_old_distance
                0xa000023c                left_move_distance
                0xa0000240                left_current_distance
                0xa0000244                left_old_distance
                0xa0000248                rightpwm
                0xa000024c                leftpwm
                0xa0000250                Kd
                0xa0000254                Ki
                0xa0000258                dir_right
                0xa0000259                dir_left
                0xa000025c                speed_right
                0xa0000260                speed_left
                0xa0000264                derivative
                0xa0000268                previous_error
                0xa000026c                integral
                0xa0000270                right
                0xa0000274                left
 .sbss          0xa0000278        0x8 build/default/debug/_ext/1360937237/Sensor_Control_Thread.o
                0xa0000278                SideIR
                0xa000027c                FrontIR
 .sbss          0xa0000280        0x4 build/default/debug/_ext/1360937237/WiFiTransmit.o
                0xa0000280                is_wifi_connected
                0xa0000282                picsequence
 .sbss          0xa0000284        0x8 build/default/debug/_ext/1856876499/heap_1.o
 .sbss          0xa000028c        0x4 build/default/debug/_ext/12131622/port.o
                0xa000028c                uxSavedTaskStackPointer
 .sbss          0xa0000290       0x34 build/default/debug/_ext/1128951024/tasks.o
                0xa0000290                uxSchedulerSuspended
                0xa0000294                xIdleTaskHandle
                0xa0000298                xNextTaskUnblockTime
                0xa000029c                uxTaskNumber
                0xa00002a0                xNumOfOverflows
                0xa00002a4                xYieldPending
                0xa00002a8                uxPendedTicks
                0xa00002ac                xSchedulerRunning
                0xa00002b0                uxTopReadyPriority
                0xa00002b4                xTickCount
                0xa00002b8                uxCurrentNumberOfTasks
                0xa00002bc                uxDeletedTasksWaitingCleanUp
                0xa00002c0                pxCurrentTCB
 .sbss          0xa00002c4       0x14 build/default/debug/_ext/1128951024/timers.o
 *(.scommon)
 .scommon       0xa00002d8       0x14 build/default/debug/_ext/1047219354/drv_oc_mapping.o
                0xa00002d8                mytimer1
                0xa00002dc                mytimer0
                0xa00002e0                Encoder_Q
                0xa00002e4                receive_q
                0xa00002e8                IR_Q
 .scommon       0xa00002ec        0x0 build/default/debug/_ext/327000265/drv_usart_mapping.o
 .scommon       0xa00002ec        0x8 build/default/debug/_ext/327000265/drv_usart_static.o
                0xa00002ec                gDrvUSART0Obj
 .scommon       0xa00002f4        0x0 build/default/debug/_ext/327000265/drv_usart_static_byte_model.o
 .scommon       0xa00002f4        0x0 build/default/debug/_ext/639803181/sys_clk_pic32mx.o
 .scommon       0xa00002f4        0x8 build/default/debug/_ext/340578644/sys_devcon.o
                0xa00002f4                sysDevconObj
 .scommon       0xa00002fc        0x0 build/default/debug/_ext/1688732426/system_init.o
 .scommon       0xa00002fc        0x0 build/default/debug/_ext/1688732426/system_interrupt.o
 .scommon       0xa00002fc        0x0 build/default/debug/_ext/1688732426/system_exceptions.o
 .scommon       0xa00002fc        0x0 build/default/debug/_ext/1688732426/system_tasks.o
 .scommon       0xa00002fc        0x0 build/default/debug/_ext/1360937237/motor_encoder_thread.o
 .scommon       0xa00002fc        0xc build/default/debug/_ext/1360937237/Sensor_Control_Thread.o
                0xa00002fc                sendFront
                0xa0000300                sendSide
                0xa0000304                receive
 .scommon       0xa0000308        0xc build/default/debug/_ext/1360937237/WiFiReceive.o
                0xa0000308                myUART
                0xa000030c                usartreceivequeue
                0xa0000310                wifireceiveData
 .scommon       0xa0000314        0x8 build/default/debug/_ext/1360937237/WiFiTransmit.o
                0xa0000314                wifitransmitqueue
                0xa0000318                usarttransmitqueue
 .scommon       0xa000031c        0x0 build/default/debug/_ext/1360937237/Test_Thread.o
 .scommon       0xa000031c        0x8 build/default/debug/_ext/1128951024/tasks.o
                0xa000031c                pxDelayedTaskList
                0xa0000320                pxOverflowDelayedTaskList
 .scommon       0xa0000324        0x0 build/default/debug/_ext/1360937237/function.o
                0xa0000324                _sbss_end = .
                0xa0000324                . = ALIGN (0x4)

.bss            0xa0000324       0xdc
 *(.dynbss)
 *(COMMON)
 COMMON         0xa0000324       0x14 build/default/debug/_ext/1688732426/system_init.o
                0xa0000324                sysObj
 COMMON         0xa0000338       0xc8 build/default/debug/_ext/1128951024/tasks.o
                0xa0000338                pxReadyTasksLists
                0xa000039c                xPendingReadyList
                0xa00003b0                xTasksWaitingTermination
                0xa00003c4                xSuspendedTaskList
                0xa00003d8                xDelayedTaskList2
                0xa00003ec                xDelayedTaskList1
                0xa0000400                . = ALIGN ((. != 0x0)?0x4:0x1)
                0xa0000400                . = ALIGN (0x4)
                0xa0000400                _end = .
                0xa0000400                _bss_end = .
                0x00020000                _bmxdudba_address = 0x20000
                0x00020000                _bmxdupba_address = 0x20000

/DISCARD/
 *(.pdr)
 *(.rel.dyn)
 *(.note.GNU-stack)
 *(.note.GNU-stack)
 *(.gnu_debuglink)
 *(.gnu.lto_*)
 *(.discard)

.gptab.sdata
 *(.gptab.data)
 *(.gptab.sdata)

.gptab.sbss
 *(.gptab.bss)
 *(.gptab.sbss)

.mdebug.abi32   0xa0000400        0x0
 *(.mdebug.abi32)
 .mdebug.abi32  0xa0000400        0x0 c:/program files (x86)/microchip/xc32/v1.42/bin/bin/../../lib/gcc/pic32mx/4.8.3/../../../../pic32mx/lib\software-debug-break.o
 .mdebug.abi32  0xa0000400        0x0 build/default/debug/_ext/74298950/bsp.o
 .mdebug.abi32  0xa0000400        0x0 build/default/debug/_ext/1361460060/drv_adc_static.o
 .mdebug.abi32  0xa0000400        0x0 build/default/debug/_ext/1047219354/drv_oc_mapping.o
 .mdebug.abi32  0xa0000400        0x0 build/default/debug/_ext/1047219354/drv_oc_static.o
 .mdebug.abi32  0xa0000400        0x0 build/default/debug/_ext/1407244131/drv_tmr_static.o
 .mdebug.abi32  0xa0000400        0x0 build/default/debug/_ext/1407244131/drv_tmr_mapping.o
 .mdebug.abi32  0xa0000400        0x0 build/default/debug/_ext/327000265/drv_usart_mapping.o
 .mdebug.abi32  0xa0000400        0x0 build/default/debug/_ext/327000265/drv_usart_static.o
 .mdebug.abi32  0xa0000400        0x0 build/default/debug/_ext/327000265/drv_usart_static_byte_model.o
 .mdebug.abi32  0xa0000400        0x0 build/default/debug/_ext/639803181/sys_clk_pic32mx.o
 .mdebug.abi32  0xa0000400        0x0 build/default/debug/_ext/340578644/sys_devcon.o
 .mdebug.abi32  0xa0000400        0x0 build/default/debug/_ext/340578644/sys_devcon_pic32mx.o
 .mdebug.abi32  0xa0000400        0x0 build/default/debug/_ext/822048611/sys_ports_static.o
 .mdebug.abi32  0xa0000400        0x0 build/default/debug/_ext/1688732426/system_init.o
 .mdebug.abi32  0xa0000400        0x0 build/default/debug/_ext/1688732426/system_interrupt.o
 .mdebug.abi32  0xa0000400        0x0 build/default/debug/_ext/1688732426/system_exceptions.o
 .mdebug.abi32  0xa0000400        0x0 build/default/debug/_ext/1688732426/system_tasks.o
 .mdebug.abi32  0xa0000400        0x0 build/default/debug/_ext/1688732426/rtos_hooks.o
 .mdebug.abi32  0xa0000400        0x0 build/default/debug/_ext/1360937237/motor_encoder_thread.o
 .mdebug.abi32  0xa0000400        0x0 build/default/debug/_ext/1360937237/main.o
 .mdebug.abi32  0xa0000400        0x0 build/default/debug/_ext/1360937237/Sensor_Control_Thread.o
 .mdebug.abi32  0xa0000400        0x0 build/default/debug/_ext/1360937237/WiFiReceive.o
 .mdebug.abi32  0xa0000400        0x0 build/default/debug/_ext/1360937237/WiFiTransmit.o
 .mdebug.abi32  0xa0000400        0x0 build/default/debug/_ext/1360937237/jsmn.o
 .mdebug.abi32  0xa0000400        0x0 build/default/debug/_ext/1360937237/Test_Thread.o
 .mdebug.abi32  0xa0000400        0x0 build/default/debug/_ext/24337685/osal_freertos.o
 .mdebug.abi32  0xa0000400        0x0 build/default/debug/_ext/122796885/sys_int_pic32.o
 .mdebug.abi32  0xa0000400        0x0 build/default/debug/_ext/1856876499/heap_1.o
 .mdebug.abi32  0xa0000400        0x0 build/default/debug/_ext/12131622/port.o
 .mdebug.abi32  0xa0000400        0x0 build/default/debug/_ext/1128951024/croutine.o
 .mdebug.abi32  0xa0000400        0x0 build/default/debug/_ext/1128951024/list.o
 .mdebug.abi32  0xa0000400        0x0 build/default/debug/_ext/1128951024/queue.o
 .mdebug.abi32  0xa0000400        0x0 build/default/debug/_ext/1128951024/tasks.o
 .mdebug.abi32  0xa0000400        0x0 build/default/debug/_ext/1128951024/timers.o
 .mdebug.abi32  0xa0000400        0x0 build/default/debug/_ext/1128951024/event_groups.o
 .mdebug.abi32  0xa0000400        0x0 build/default/debug/_ext/1360937237/function.o
 .mdebug.abi32  0xa0000400        0x0 c:/program files (x86)/microchip/xc32/v1.42/bin/bin/../../lib/gcc/pic32mx/4.8.3/../../../../pic32mx/lib\libpic32.a(default-bootstrap-exception-handler.o)
 .mdebug.abi32  0xa0000400        0x0 c:/program files (x86)/microchip/xc32/v1.42/bin/bin/../../lib/gcc/pic32mx/4.8.3/../../../../pic32mx/lib\libpic32.a(default-on-reset.o)
 .mdebug.abi32  0xa0000400        0x0 c:/program files (x86)/microchip/xc32/v1.42/bin/bin/../../lib/gcc/pic32mx/4.8.3/../../../../pic32mx/lib\libpic32.a(default-on-bootstrap.o)
 .mdebug.abi32  0xa0000400        0x0 c:/program files (x86)/microchip/xc32/v1.42/bin/bin/../../lib/gcc/pic32mx/4.8.3/../../../../pic32mx/lib\libpic32.a(defaultinterrupt.o)
 .mdebug.abi32  0xa0000400        0x0 c:/program files (x86)/microchip/xc32/v1.42/bin/bin/../../lib/gcc/pic32mx/4.8.3/../../../../pic32mx/lib\libc.a(atoi.o)
 .mdebug.abi32  0xa0000400        0x0 c:/program files (x86)/microchip/xc32/v1.42/bin/bin/../../lib/gcc/pic32mx/4.8.3/../../../../pic32mx/lib\libc.a(ctype.o)
 .mdebug.abi32  0xa0000400        0x0 c:/program files (x86)/microchip/xc32/v1.42/bin/bin/../../lib/gcc/pic32mx/4.8.3/../../../../pic32mx/lib\libc.a(strncmp.o)
 .mdebug.abi32  0xa0000400        0x0 c:/program files (x86)/microchip/xc32/v1.42/bin/bin/../../lib/gcc/pic32mx/4.8.3/../../../../pic32mx/lib\libc.a(sprintf_cdnopuxX.eo)
 .mdebug.abi32  0xa0000400        0x0 c:/program files (x86)/microchip/xc32/v1.42/bin/bin/../../lib/gcc/pic32mx/4.8.3/../../../../pic32mx/lib\libc.a(doprnt_cdnopuxX.eo)
 .mdebug.abi32  0xa0000400        0x0 c:/program files (x86)/microchip/xc32/v1.42/bin/bin/../../lib/gcc/pic32mx/4.8.3/../../../../pic32mx/lib\libc.a(_fputc_simple.o)
 .mdebug.abi32  0xa0000400        0x0 c:/program files (x86)/microchip/xc32/v1.42/bin/bin/../../lib/gcc/pic32mx/4.8.3/../../../../pic32mx/lib\libc.a(_iob.o)
 .mdebug.abi32  0xa0000400        0x0 c:/program files (x86)/microchip/xc32/v1.42/bin/bin/../../lib/gcc/pic32mx/4.8.3/../../../../pic32mx/lib\libc.a(_flsbuf_simple.o)
 .mdebug.abi32  0xa0000400        0x0 c:/program files (x86)/microchip/xc32/v1.42/bin/bin/../../lib/gcc/pic32mx/4.8.3/../../../../pic32mx/lib\libpic32.a(write.o)
 .mdebug.abi32  0xa0000400        0x0 c:/program files (x86)/microchip/xc32/v1.42/bin/bin/../../lib/gcc/pic32mx/4.8.3/../../../../pic32mx/lib\libpic32.a(_mon_putc.o)
 .mdebug.abi32  0xa0000400        0x0 c:/program files (x86)/microchip/xc32/v1.42/bin/bin/../../lib/gcc/pic32mx/4.8.3/../../../../pic32mx/lib\libpic32.a(xc32_uart.o)
 .mdebug.abi32  0xa0000400        0x0 c:/program files (x86)/microchip/xc32/v1.42/bin/bin/../../lib/gcc/pic32mx/4.8.3\libgcc.a(_udivdi3.o)
 .mdebug.abi32  0xa0000400        0x0 c:/program files (x86)/microchip/xc32/v1.42/bin/bin/../../lib/gcc/pic32mx/4.8.3\libgcc.a(_umoddi3.o)

.mdebug.abiN32
 *(.mdebug.abiN32)

.mdebug.abi64
 *(.mdebug.abi64)

.mdebug.abiO64
 *(.mdebug.abiO64)

.mdebug.eabi32
 *(.mdebug.eabi32)

.mdebug.eabi64
 *(.mdebug.eabi64)

.gcc_compiled_long32
 *(.gcc_compiled_long32)

.gcc_compiled_long64
 *(.gcc_compiled_long64)

.stab
 *(.stab)

.stabstr
 *(.stabstr)

.stab.excl
 *(.stab.excl)

.stab.exclstr
 *(.stab.exclstr)

.stab.index
 *(.stab.index)

.stab.indexstr
 *(.stab.indexstr)

.comment        0x00000000       0xbb
 *(.comment)
 .comment       0x00000000       0x3c c:/program files (x86)/microchip/xc32/v1.42/bin/bin/../../lib/gcc/pic32mx/4.8.3/../../../../pic32mx/lib\software-debug-break.o
                                 0x3d (size before relaxing)
 .comment       0x00000000       0x3d build/default/debug/_ext/74298950/bsp.o
 .comment       0x00000000       0x3d build/default/debug/_ext/1361460060/drv_adc_static.o
 .comment       0x00000000       0x3d build/default/debug/_ext/1047219354/drv_oc_mapping.o
 .comment       0x00000000       0x3d build/default/debug/_ext/1047219354/drv_oc_static.o
 .comment       0x00000000       0x3d build/default/debug/_ext/1407244131/drv_tmr_static.o
 .comment       0x00000000       0x3d build/default/debug/_ext/1407244131/drv_tmr_mapping.o
 .comment       0x00000000       0x3d build/default/debug/_ext/327000265/drv_usart_mapping.o
 .comment       0x00000000       0x3d build/default/debug/_ext/327000265/drv_usart_static.o
 .comment       0x00000000       0x3d build/default/debug/_ext/327000265/drv_usart_static_byte_model.o
 .comment       0x00000000       0x3d build/default/debug/_ext/639803181/sys_clk_pic32mx.o
 .comment       0x00000000       0x3d build/default/debug/_ext/340578644/sys_devcon.o
 .comment       0x00000000       0x3d build/default/debug/_ext/340578644/sys_devcon_pic32mx.o
 .comment       0x00000000       0x3d build/default/debug/_ext/822048611/sys_ports_static.o
 .comment       0x00000000       0x3d build/default/debug/_ext/1688732426/system_init.o
 .comment       0x00000000       0x3d build/default/debug/_ext/1688732426/system_interrupt.o
 .comment       0x00000000       0x3d build/default/debug/_ext/1688732426/system_exceptions.o
 .comment       0x00000000       0x3d build/default/debug/_ext/1688732426/system_tasks.o
 .comment       0x00000000       0x3d build/default/debug/_ext/1688732426/rtos_hooks.o
 .comment       0x00000000       0x3d build/default/debug/_ext/1360937237/motor_encoder_thread.o
 .comment       0x00000000       0x3d build/default/debug/_ext/1360937237/main.o
 .comment       0x00000000       0x3d build/default/debug/_ext/1360937237/Sensor_Control_Thread.o
 .comment       0x00000000       0x3d build/default/debug/_ext/1360937237/WiFiReceive.o
 .comment       0x00000000       0x3d build/default/debug/_ext/1360937237/WiFiTransmit.o
 .comment       0x00000000       0x3d build/default/debug/_ext/1360937237/jsmn.o
 .comment       0x00000000       0x3d build/default/debug/_ext/1360937237/Test_Thread.o
 .comment       0x00000000       0x3d build/default/debug/_ext/24337685/osal_freertos.o
 .comment       0x00000000       0x3d build/default/debug/_ext/122796885/sys_int_pic32.o
 .comment       0x00000000       0x3d build/default/debug/_ext/1856876499/heap_1.o
 .comment       0x00000000       0x3d build/default/debug/_ext/12131622/port.o
 .comment       0x00000000       0x3d build/default/debug/_ext/1128951024/croutine.o
 .comment       0x00000000       0x3d build/default/debug/_ext/1128951024/list.o
 .comment       0x00000000       0x3d build/default/debug/_ext/1128951024/queue.o
 .comment       0x00000000       0x3d build/default/debug/_ext/1128951024/tasks.o
 .comment       0x00000000       0x3d build/default/debug/_ext/1128951024/timers.o
 .comment       0x00000000       0x3d build/default/debug/_ext/1128951024/event_groups.o
 .comment       0x00000000       0x3d build/default/debug/_ext/1360937237/function.o
 .comment       0x0000003c       0x18 c:/program files (x86)/microchip/xc32/v1.42/bin/bin/../../lib/gcc/pic32mx/4.8.3/../../../../pic32mx/lib\libpic32.a(memset.o)
                                 0x19 (size before relaxing)
 .comment       0x00000054       0x19 c:/program files (x86)/microchip/xc32/v1.42/bin/bin/../../lib/gcc/pic32mx/4.8.3/../../../../pic32mx/lib\libpic32.a(strlen.o)
                                 0x1a (size before relaxing)
 .comment       0x00000000       0x3d c:/program files (x86)/microchip/xc32/v1.42/bin/bin/../../lib/gcc/pic32mx/4.8.3/../../../../pic32mx/lib\libpic32.a(default-bootstrap-exception-handler.o)
 .comment       0x00000000       0x3d c:/program files (x86)/microchip/xc32/v1.42/bin/bin/../../lib/gcc/pic32mx/4.8.3/../../../../pic32mx/lib\libpic32.a(default-on-reset.o)
 .comment       0x00000000       0x3d c:/program files (x86)/microchip/xc32/v1.42/bin/bin/../../lib/gcc/pic32mx/4.8.3/../../../../pic32mx/lib\libpic32.a(default-on-bootstrap.o)
 .comment       0x00000000       0x3d c:/program files (x86)/microchip/xc32/v1.42/bin/bin/../../lib/gcc/pic32mx/4.8.3/../../../../pic32mx/lib\libpic32.a(defaultinterrupt.o)
 .comment       0x00000000       0x3d c:/program files (x86)/microchip/xc32/v1.42/bin/bin/../../lib/gcc/pic32mx/4.8.3/../../../../pic32mx/lib\libc.a(atoi.o)
 .comment       0x0000006d       0x4e c:/program files (x86)/microchip/xc32/v1.42/bin/bin/../../lib/gcc/pic32mx/4.8.3/../../../../pic32mx/lib\libc.a(ctype.o)
                                 0x8b (size before relaxing)
 .comment       0x00000000       0x3d c:/program files (x86)/microchip/xc32/v1.42/bin/bin/../../lib/gcc/pic32mx/4.8.3/../../../../pic32mx/lib\libc.a(strncmp.o)
 .comment       0x00000000       0x3d c:/program files (x86)/microchip/xc32/v1.42/bin/bin/../../lib/gcc/pic32mx/4.8.3/../../../../pic32mx/lib\libc.a(sprintf_cdnopuxX.eo)
 .comment       0x00000000       0x3d c:/program files (x86)/microchip/xc32/v1.42/bin/bin/../../lib/gcc/pic32mx/4.8.3/../../../../pic32mx/lib\libc.a(doprnt_cdnopuxX.eo)
 .comment       0x00000000       0x3d c:/program files (x86)/microchip/xc32/v1.42/bin/bin/../../lib/gcc/pic32mx/4.8.3/../../../../pic32mx/lib\libc.a(_fputc_simple.o)
 .comment       0x00000000       0x3d c:/program files (x86)/microchip/xc32/v1.42/bin/bin/../../lib/gcc/pic32mx/4.8.3/../../../../pic32mx/lib\libc.a(_iob.o)
 .comment       0x00000000       0x3d c:/program files (x86)/microchip/xc32/v1.42/bin/bin/../../lib/gcc/pic32mx/4.8.3/../../../../pic32mx/lib\libc.a(_flsbuf_simple.o)
 .comment       0x00000000       0x3d c:/program files (x86)/microchip/xc32/v1.42/bin/bin/../../lib/gcc/pic32mx/4.8.3/../../../../pic32mx/lib\libpic32.a(write.o)
 .comment       0x00000000       0x3d c:/program files (x86)/microchip/xc32/v1.42/bin/bin/../../lib/gcc/pic32mx/4.8.3/../../../../pic32mx/lib\libpic32.a(_mon_putc.o)
 .comment       0x00000000       0x3d c:/program files (x86)/microchip/xc32/v1.42/bin/bin/../../lib/gcc/pic32mx/4.8.3/../../../../pic32mx/lib\libpic32.a(xc32_uart.o)
 .comment       0x00000000       0x3d c:/program files (x86)/microchip/xc32/v1.42/bin/bin/../../lib/gcc/pic32mx/4.8.3\libgcc.a(_udivdi3.o)
 .comment       0x00000000       0x3d c:/program files (x86)/microchip/xc32/v1.42/bin/bin/../../lib/gcc/pic32mx/4.8.3\libgcc.a(_umoddi3.o)

.debug
 *(.debug)

.line
 *(.line)

.debug_srcinfo
 *(.debug_srcinfo)

.debug_sfnames
 *(.debug_sfnames)

.debug_aranges  0x00000000     0x12f0
 *(.debug_aranges)
 .debug_aranges
                0x00000000       0x20 c:/program files (x86)/microchip/xc32/v1.42/bin/bin/../../lib/gcc/pic32mx/4.8.3/../../../../pic32mx/lib\software-debug-break.o
 .debug_aranges
                0x00000020       0x58 build/default/debug/_ext/74298950/bsp.o
 .debug_aranges
                0x00000078       0x78 build/default/debug/_ext/1361460060/drv_adc_static.o
 .debug_aranges
                0x000000f0       0x50 build/default/debug/_ext/1047219354/drv_oc_mapping.o
 .debug_aranges
                0x00000140       0x88 build/default/debug/_ext/1047219354/drv_oc_static.o
 .debug_aranges
                0x000001c8      0x200 build/default/debug/_ext/1407244131/drv_tmr_static.o
 .debug_aranges
                0x000003c8       0xe8 build/default/debug/_ext/1407244131/drv_tmr_mapping.o
 .debug_aranges
                0x000004b0       0xb0 build/default/debug/_ext/327000265/drv_usart_mapping.o
 .debug_aranges
                0x00000560       0x88 build/default/debug/_ext/327000265/drv_usart_static.o
 .debug_aranges
                0x000005e8       0x48 build/default/debug/_ext/327000265/drv_usart_static_byte_model.o
 .debug_aranges
                0x00000630       0x50 build/default/debug/_ext/639803181/sys_clk_pic32mx.o
 .debug_aranges
                0x00000680       0x78 build/default/debug/_ext/340578644/sys_devcon.o
 .debug_aranges
                0x000006f8       0x20 build/default/debug/_ext/340578644/sys_devcon_pic32mx.o
 .debug_aranges
                0x00000718      0x148 build/default/debug/_ext/822048611/sys_ports_static.o
 .debug_aranges
                0x00000860       0x20 build/default/debug/_ext/1688732426/system_init.o
 .debug_aranges
                0x00000880       0x50 build/default/debug/_ext/1688732426/system_interrupt.o
 .debug_aranges
                0x000008d0       0x20 build/default/debug/_ext/1688732426/system_exceptions.o
 .debug_aranges
                0x000008f0       0x50 build/default/debug/_ext/1688732426/system_tasks.o
 .debug_aranges
                0x00000940       0x88 build/default/debug/_ext/1688732426/system_interrupt_a.o
 .debug_aranges
                0x000009c8       0x28 build/default/debug/_ext/1688732426/rtos_hooks.o
 .debug_aranges
                0x000009f0       0x80 build/default/debug/_ext/1360937237/motor_encoder_thread.o
 .debug_aranges
                0x00000a70       0x20 build/default/debug/_ext/1360937237/main.o
 .debug_aranges
                0x00000a90       0x48 build/default/debug/_ext/1360937237/Sensor_Control_Thread.o
 .debug_aranges
                0x00000ad8       0x60 build/default/debug/_ext/1360937237/WiFiReceive.o
 .debug_aranges
                0x00000b38       0x50 build/default/debug/_ext/1360937237/WiFiTransmit.o
 .debug_aranges
                0x00000b88       0x28 build/default/debug/_ext/1360937237/jsmn.o
 .debug_aranges
                0x00000bb0       0x28 build/default/debug/_ext/1360937237/Test_Thread.o
 .debug_aranges
                0x00000bd8       0x88 build/default/debug/_ext/24337685/osal_freertos.o
 .debug_aranges
                0x00000c60       0x48 build/default/debug/_ext/122796885/sys_int_pic32.o
 .debug_aranges
                0x00000ca8       0x38 build/default/debug/_ext/1856876499/heap_1.o
 .debug_aranges
                0x00000ce0       0x58 build/default/debug/_ext/12131622/port.o
 .debug_aranges
                0x00000d38       0x20 build/default/debug/_ext/12131622/port_asm.o
 .debug_aranges
                0x00000d58       0x18 build/default/debug/_ext/1128951024/croutine.o
 .debug_aranges
                0x00000d70       0x40 build/default/debug/_ext/1128951024/list.o
 .debug_aranges
                0x00000db0       0xb8 build/default/debug/_ext/1128951024/queue.o
 .debug_aranges
                0x00000e68      0x1b0 build/default/debug/_ext/1128951024/tasks.o
 .debug_aranges
                0x00001018       0x88 build/default/debug/_ext/1128951024/timers.o
 .debug_aranges
                0x000010a0       0x60 build/default/debug/_ext/1128951024/event_groups.o
 .debug_aranges
                0x00001100       0x30 build/default/debug/_ext/1360937237/function.o
 .debug_aranges
                0x00001130       0x20 c:/program files (x86)/microchip/xc32/v1.42/bin/bin/../../lib/gcc/pic32mx/4.8.3/../../../../pic32mx/lib\libpic32.a(default-bootstrap-exception-handler.o)
 .debug_aranges
                0x00001150       0x20 c:/program files (x86)/microchip/xc32/v1.42/bin/bin/../../lib/gcc/pic32mx/4.8.3/../../../../pic32mx/lib\libpic32.a(default-on-reset.o)
 .debug_aranges
                0x00001170       0x20 c:/program files (x86)/microchip/xc32/v1.42/bin/bin/../../lib/gcc/pic32mx/4.8.3/../../../../pic32mx/lib\libpic32.a(default-on-bootstrap.o)
 .debug_aranges
                0x00001190       0x20 c:/program files (x86)/microchip/xc32/v1.42/bin/bin/../../lib/gcc/pic32mx/4.8.3/../../../../pic32mx/lib\libpic32.a(defaultinterrupt.o)
 .debug_aranges
                0x000011b0       0x20 c:/program files (x86)/microchip/xc32/v1.42/bin/bin/../../lib/gcc/pic32mx/4.8.3/../../../../pic32mx/lib\libc.a(atoi.o)
 .debug_aranges
                0x000011d0       0x20 c:/program files (x86)/microchip/xc32/v1.42/bin/bin/../../lib/gcc/pic32mx/4.8.3/../../../../pic32mx/lib\libc.a(strncmp.o)
 .debug_aranges
                0x000011f0       0x20 c:/program files (x86)/microchip/xc32/v1.42/bin/bin/../../lib/gcc/pic32mx/4.8.3/../../../../pic32mx/lib\libc.a(sprintf_cdnopuxX.eo)
 .debug_aranges
                0x00001210       0x20 c:/program files (x86)/microchip/xc32/v1.42/bin/bin/../../lib/gcc/pic32mx/4.8.3/../../../../pic32mx/lib\libc.a(doprnt_cdnopuxX.eo)
 .debug_aranges
                0x00001230       0x20 c:/program files (x86)/microchip/xc32/v1.42/bin/bin/../../lib/gcc/pic32mx/4.8.3/../../../../pic32mx/lib\libc.a(_fputc_simple.o)
 .debug_aranges
                0x00001250       0x20 c:/program files (x86)/microchip/xc32/v1.42/bin/bin/../../lib/gcc/pic32mx/4.8.3/../../../../pic32mx/lib\libc.a(_flsbuf_simple.o)
 .debug_aranges
                0x00001270       0x20 c:/program files (x86)/microchip/xc32/v1.42/bin/bin/../../lib/gcc/pic32mx/4.8.3/../../../../pic32mx/lib\libpic32.a(write.o)
 .debug_aranges
                0x00001290       0x20 c:/program files (x86)/microchip/xc32/v1.42/bin/bin/../../lib/gcc/pic32mx/4.8.3/../../../../pic32mx/lib\libpic32.a(_mon_putc.o)
 .debug_aranges
                0x000012b0       0x20 c:/program files (x86)/microchip/xc32/v1.42/bin/bin/../../lib/gcc/pic32mx/4.8.3\libgcc.a(_udivdi3.o)
 .debug_aranges
                0x000012d0       0x20 c:/program files (x86)/microchip/xc32/v1.42/bin/bin/../../lib/gcc/pic32mx/4.8.3\libgcc.a(_umoddi3.o)

.debug_pubnames
 *(.debug_pubnames)

.debug_info     0x00000000    0x42d3a
 *(.debug_info .gnu.linkonce.wi.*)
 .debug_info    0x00000000       0xe5 c:/program files (x86)/microchip/xc32/v1.42/bin/bin/../../lib/gcc/pic32mx/4.8.3/../../../../pic32mx/lib\software-debug-break.o
 .debug_info    0x000000e5     0x12a0 build/default/debug/_ext/74298950/bsp.o
 .debug_info    0x00001385     0x30d1 build/default/debug/_ext/1361460060/drv_adc_static.o
 .debug_info    0x00004456     0x18c3 build/default/debug/_ext/1047219354/drv_oc_mapping.o
 .debug_info    0x00005d19     0x1311 build/default/debug/_ext/1047219354/drv_oc_static.o
 .debug_info    0x0000702a     0x66d4 build/default/debug/_ext/1407244131/drv_tmr_static.o
 .debug_info    0x0000d6fe     0x21ae build/default/debug/_ext/1407244131/drv_tmr_mapping.o
 .debug_info    0x0000f8ac     0x2412 build/default/debug/_ext/327000265/drv_usart_mapping.o
 .debug_info    0x00011cbe     0x47ef build/default/debug/_ext/327000265/drv_usart_static.o
 .debug_info    0x000164ad     0x2b7d build/default/debug/_ext/327000265/drv_usart_static_byte_model.o
 .debug_info    0x0001902a     0x1eed build/default/debug/_ext/639803181/sys_clk_pic32mx.o
 .debug_info    0x0001af17     0x17a0 build/default/debug/_ext/340578644/sys_devcon.o
 .debug_info    0x0001c6b7     0x18cc build/default/debug/_ext/340578644/sys_devcon_pic32mx.o
 .debug_info    0x0001df83     0x4141 build/default/debug/_ext/822048611/sys_ports_static.o
 .debug_info    0x000220c4     0x30b5 build/default/debug/_ext/1688732426/system_init.o
 .debug_info    0x00025179     0x2352 build/default/debug/_ext/1688732426/system_interrupt.o
 .debug_info    0x000274cb     0x13bf build/default/debug/_ext/1688732426/system_exceptions.o
 .debug_info    0x0002888a     0x1736 build/default/debug/_ext/1688732426/system_tasks.o
 .debug_info    0x00029fc0       0xa8 build/default/debug/_ext/1688732426/system_interrupt_a.o
 .debug_info    0x0002a068      0x262 build/default/debug/_ext/1688732426/rtos_hooks.o
 .debug_info    0x0002a2ca     0x25bc build/default/debug/_ext/1360937237/motor_encoder_thread.o
 .debug_info    0x0002c886      0x1b8 build/default/debug/_ext/1360937237/main.o
 .debug_info    0x0002ca3e     0x1a92 build/default/debug/_ext/1360937237/Sensor_Control_Thread.o
 .debug_info    0x0002e4d0     0x2968 build/default/debug/_ext/1360937237/WiFiReceive.o
 .debug_info    0x00030e38     0x323b build/default/debug/_ext/1360937237/WiFiTransmit.o
 .debug_info    0x00034073      0x750 build/default/debug/_ext/1360937237/jsmn.o
 .debug_info    0x000347c3     0x1487 build/default/debug/_ext/1360937237/Test_Thread.o
 .debug_info    0x00035c4a      0xab4 build/default/debug/_ext/24337685/osal_freertos.o
 .debug_info    0x000366fe     0x15a0 build/default/debug/_ext/122796885/sys_int_pic32.o
 .debug_info    0x00037c9e      0x386 build/default/debug/_ext/1856876499/heap_1.o
 .debug_info    0x00038024     0x11b8 build/default/debug/_ext/12131622/port.o
 .debug_info    0x000391dc       0xc9 build/default/debug/_ext/12131622/port_asm.o
 .debug_info    0x000392a5      0x17b build/default/debug/_ext/1128951024/croutine.o
 .debug_info    0x00039420      0x47c build/default/debug/_ext/1128951024/list.o
 .debug_info    0x0003989c     0x1a4d build/default/debug/_ext/1128951024/queue.o
 .debug_info    0x0003b2e9     0x2a5f build/default/debug/_ext/1128951024/tasks.o
 .debug_info    0x0003dd48     0x15e9 build/default/debug/_ext/1128951024/timers.o
 .debug_info    0x0003f331      0xd60 build/default/debug/_ext/1128951024/event_groups.o
 .debug_info    0x00040091     0x13b4 build/default/debug/_ext/1360937237/function.o
 .debug_info    0x00041445       0xf5 c:/program files (x86)/microchip/xc32/v1.42/bin/bin/../../lib/gcc/pic32mx/4.8.3/../../../../pic32mx/lib\libpic32.a(default-bootstrap-exception-handler.o)
 .debug_info    0x0004153a       0xcf c:/program files (x86)/microchip/xc32/v1.42/bin/bin/../../lib/gcc/pic32mx/4.8.3/../../../../pic32mx/lib\libpic32.a(default-on-reset.o)
 .debug_info    0x00041609       0xd7 c:/program files (x86)/microchip/xc32/v1.42/bin/bin/../../lib/gcc/pic32mx/4.8.3/../../../../pic32mx/lib\libpic32.a(default-on-bootstrap.o)
 .debug_info    0x000416e0       0xe9 c:/program files (x86)/microchip/xc32/v1.42/bin/bin/../../lib/gcc/pic32mx/4.8.3/../../../../pic32mx/lib\libpic32.a(defaultinterrupt.o)
 .debug_info    0x000417c9       0xc4 c:/program files (x86)/microchip/xc32/v1.42/bin/bin/../../lib/gcc/pic32mx/4.8.3/../../../../pic32mx/lib\libc.a(atoi.o)
 .debug_info    0x0004188d       0xca c:/program files (x86)/microchip/xc32/v1.42/bin/bin/../../lib/gcc/pic32mx/4.8.3/../../../../pic32mx/lib\libc.a(strncmp.o)
 .debug_info    0x00041957       0xd4 c:/program files (x86)/microchip/xc32/v1.42/bin/bin/../../lib/gcc/pic32mx/4.8.3/../../../../pic32mx/lib\libc.a(sprintf_cdnopuxX.eo)
 .debug_info    0x00041a2b       0xd5 c:/program files (x86)/microchip/xc32/v1.42/bin/bin/../../lib/gcc/pic32mx/4.8.3/../../../../pic32mx/lib\libc.a(doprnt_cdnopuxX.eo)
 .debug_info    0x00041b00       0xc6 c:/program files (x86)/microchip/xc32/v1.42/bin/bin/../../lib/gcc/pic32mx/4.8.3/../../../../pic32mx/lib\libc.a(_fputc_simple.o)
 .debug_info    0x00041bc6       0xc9 c:/program files (x86)/microchip/xc32/v1.42/bin/bin/../../lib/gcc/pic32mx/4.8.3/../../../../pic32mx/lib\libc.a(_flsbuf_simple.o)
 .debug_info    0x00041c8f       0xc0 c:/program files (x86)/microchip/xc32/v1.42/bin/bin/../../lib/gcc/pic32mx/4.8.3/../../../../pic32mx/lib\libpic32.a(write.o)
 .debug_info    0x00041d4f       0xc8 c:/program files (x86)/microchip/xc32/v1.42/bin/bin/../../lib/gcc/pic32mx/4.8.3/../../../../pic32mx/lib\libpic32.a(_mon_putc.o)
 .debug_info    0x00041e17      0x773 c:/program files (x86)/microchip/xc32/v1.42/bin/bin/../../lib/gcc/pic32mx/4.8.3\libgcc.a(_udivdi3.o)
 .debug_info    0x0004258a      0x7b0 c:/program files (x86)/microchip/xc32/v1.42/bin/bin/../../lib/gcc/pic32mx/4.8.3\libgcc.a(_umoddi3.o)

.debug_abbrev   0x00000000     0x56ef
 *(.debug_abbrev)
 .debug_abbrev  0x00000000       0x28 c:/program files (x86)/microchip/xc32/v1.42/bin/bin/../../lib/gcc/pic32mx/4.8.3/../../../../pic32mx/lib\software-debug-break.o
 .debug_abbrev  0x00000028      0x287 build/default/debug/_ext/74298950/bsp.o
 .debug_abbrev  0x000002af      0x24e build/default/debug/_ext/1361460060/drv_adc_static.o
 .debug_abbrev  0x000004fd      0x1f0 build/default/debug/_ext/1047219354/drv_oc_mapping.o
 .debug_abbrev  0x000006ed      0x1c2 build/default/debug/_ext/1047219354/drv_oc_static.o
 .debug_abbrev  0x000008af      0x43a build/default/debug/_ext/1407244131/drv_tmr_static.o
 .debug_abbrev  0x00000ce9      0x36b build/default/debug/_ext/1407244131/drv_tmr_mapping.o
 .debug_abbrev  0x00001054      0x243 build/default/debug/_ext/327000265/drv_usart_mapping.o
 .debug_abbrev  0x00001297      0x455 build/default/debug/_ext/327000265/drv_usart_static.o
 .debug_abbrev  0x000016ec      0x32a build/default/debug/_ext/327000265/drv_usart_static_byte_model.o
 .debug_abbrev  0x00001a16      0x283 build/default/debug/_ext/639803181/sys_clk_pic32mx.o
 .debug_abbrev  0x00001c99      0x2af build/default/debug/_ext/340578644/sys_devcon.o
 .debug_abbrev  0x00001f48      0x20f build/default/debug/_ext/340578644/sys_devcon_pic32mx.o
 .debug_abbrev  0x00002157      0x282 build/default/debug/_ext/822048611/sys_ports_static.o
 .debug_abbrev  0x000023d9      0x299 build/default/debug/_ext/1688732426/system_init.o
 .debug_abbrev  0x00002672      0x202 build/default/debug/_ext/1688732426/system_interrupt.o
 .debug_abbrev  0x00002874      0x114 build/default/debug/_ext/1688732426/system_exceptions.o
 .debug_abbrev  0x00002988      0x18e build/default/debug/_ext/1688732426/system_tasks.o
 .debug_abbrev  0x00002b16       0x12 build/default/debug/_ext/1688732426/system_interrupt_a.o
 .debug_abbrev  0x00002b28       0x97 build/default/debug/_ext/1688732426/rtos_hooks.o
 .debug_abbrev  0x00002bbf      0x330 build/default/debug/_ext/1360937237/motor_encoder_thread.o
 .debug_abbrev  0x00002eef       0x93 build/default/debug/_ext/1360937237/main.o
 .debug_abbrev  0x00002f82      0x22f build/default/debug/_ext/1360937237/Sensor_Control_Thread.o
 .debug_abbrev  0x000031b1      0x365 build/default/debug/_ext/1360937237/WiFiReceive.o
 .debug_abbrev  0x00003516      0x361 build/default/debug/_ext/1360937237/WiFiTransmit.o
 .debug_abbrev  0x00003877      0x201 build/default/debug/_ext/1360937237/jsmn.o
 .debug_abbrev  0x00003a78      0x162 build/default/debug/_ext/1360937237/Test_Thread.o
 .debug_abbrev  0x00003bda      0x1fe build/default/debug/_ext/24337685/osal_freertos.o
 .debug_abbrev  0x00003dd8      0x251 build/default/debug/_ext/122796885/sys_int_pic32.o
 .debug_abbrev  0x00004029      0x13f build/default/debug/_ext/1856876499/heap_1.o
 .debug_abbrev  0x00004168      0x2cf build/default/debug/_ext/12131622/port.o
 .debug_abbrev  0x00004437       0x14 build/default/debug/_ext/12131622/port_asm.o
 .debug_abbrev  0x0000444b       0x1b build/default/debug/_ext/1128951024/croutine.o
 .debug_abbrev  0x00004466       0xf1 build/default/debug/_ext/1128951024/list.o
 .debug_abbrev  0x00004557      0x310 build/default/debug/_ext/1128951024/queue.o
 .debug_abbrev  0x00004867      0x31b build/default/debug/_ext/1128951024/tasks.o
 .debug_abbrev  0x00004b82      0x35d build/default/debug/_ext/1128951024/timers.o
 .debug_abbrev  0x00004edf      0x29a build/default/debug/_ext/1128951024/event_groups.o
 .debug_abbrev  0x00005179      0x117 build/default/debug/_ext/1360937237/function.o
 .debug_abbrev  0x00005290       0x28 c:/program files (x86)/microchip/xc32/v1.42/bin/bin/../../lib/gcc/pic32mx/4.8.3/../../../../pic32mx/lib\libpic32.a(default-bootstrap-exception-handler.o)
 .debug_abbrev  0x000052b8       0x28 c:/program files (x86)/microchip/xc32/v1.42/bin/bin/../../lib/gcc/pic32mx/4.8.3/../../../../pic32mx/lib\libpic32.a(default-on-reset.o)
 .debug_abbrev  0x000052e0       0x28 c:/program files (x86)/microchip/xc32/v1.42/bin/bin/../../lib/gcc/pic32mx/4.8.3/../../../../pic32mx/lib\libpic32.a(default-on-bootstrap.o)
 .debug_abbrev  0x00005308       0x28 c:/program files (x86)/microchip/xc32/v1.42/bin/bin/../../lib/gcc/pic32mx/4.8.3/../../../../pic32mx/lib\libpic32.a(defaultinterrupt.o)
 .debug_abbrev  0x00005330       0x28 c:/program files (x86)/microchip/xc32/v1.42/bin/bin/../../lib/gcc/pic32mx/4.8.3/../../../../pic32mx/lib\libc.a(atoi.o)
 .debug_abbrev  0x00005358       0x28 c:/program files (x86)/microchip/xc32/v1.42/bin/bin/../../lib/gcc/pic32mx/4.8.3/../../../../pic32mx/lib\libc.a(strncmp.o)
 .debug_abbrev  0x00005380       0x28 c:/program files (x86)/microchip/xc32/v1.42/bin/bin/../../lib/gcc/pic32mx/4.8.3/../../../../pic32mx/lib\libc.a(sprintf_cdnopuxX.eo)
 .debug_abbrev  0x000053a8       0x28 c:/program files (x86)/microchip/xc32/v1.42/bin/bin/../../lib/gcc/pic32mx/4.8.3/../../../../pic32mx/lib\libc.a(doprnt_cdnopuxX.eo)
 .debug_abbrev  0x000053d0       0x28 c:/program files (x86)/microchip/xc32/v1.42/bin/bin/../../lib/gcc/pic32mx/4.8.3/../../../../pic32mx/lib\libc.a(_fputc_simple.o)
 .debug_abbrev  0x000053f8       0x28 c:/program files (x86)/microchip/xc32/v1.42/bin/bin/../../lib/gcc/pic32mx/4.8.3/../../../../pic32mx/lib\libc.a(_flsbuf_simple.o)
 .debug_abbrev  0x00005420       0x28 c:/program files (x86)/microchip/xc32/v1.42/bin/bin/../../lib/gcc/pic32mx/4.8.3/../../../../pic32mx/lib\libpic32.a(write.o)
 .debug_abbrev  0x00005448       0x28 c:/program files (x86)/microchip/xc32/v1.42/bin/bin/../../lib/gcc/pic32mx/4.8.3/../../../../pic32mx/lib\libpic32.a(_mon_putc.o)
 .debug_abbrev  0x00005470      0x138 c:/program files (x86)/microchip/xc32/v1.42/bin/bin/../../lib/gcc/pic32mx/4.8.3\libgcc.a(_udivdi3.o)
 .debug_abbrev  0x000055a8      0x147 c:/program files (x86)/microchip/xc32/v1.42/bin/bin/../../lib/gcc/pic32mx/4.8.3\libgcc.a(_umoddi3.o)

.debug_line     0x00000000     0xb24c
 *(.debug_line)
 .debug_line    0x00000000       0x9c c:/program files (x86)/microchip/xc32/v1.42/bin/bin/../../lib/gcc/pic32mx/4.8.3/../../../../pic32mx/lib\software-debug-break.o
 .debug_line    0x0000009c      0x345 build/default/debug/_ext/74298950/bsp.o
 .debug_line    0x000003e1      0x674 build/default/debug/_ext/1361460060/drv_adc_static.o
 .debug_line    0x00000a55      0x469 build/default/debug/_ext/1047219354/drv_oc_mapping.o
 .debug_line    0x00000ebe      0x406 build/default/debug/_ext/1047219354/drv_oc_static.o
 .debug_line    0x000012c4      0xc8a build/default/debug/_ext/1407244131/drv_tmr_static.o
 .debug_line    0x00001f4e      0x5b8 build/default/debug/_ext/1407244131/drv_tmr_mapping.o
 .debug_line    0x00002506      0x5e9 build/default/debug/_ext/327000265/drv_usart_mapping.o
 .debug_line    0x00002aef      0x967 build/default/debug/_ext/327000265/drv_usart_static.o
 .debug_line    0x00003456      0x5f3 build/default/debug/_ext/327000265/drv_usart_static_byte_model.o
 .debug_line    0x00003a49      0x607 build/default/debug/_ext/639803181/sys_clk_pic32mx.o
 .debug_line    0x00004050      0x675 build/default/debug/_ext/340578644/sys_devcon.o
 .debug_line    0x000046c5      0x48b build/default/debug/_ext/340578644/sys_devcon_pic32mx.o
 .debug_line    0x00004b50      0x769 build/default/debug/_ext/822048611/sys_ports_static.o
 .debug_line    0x000052b9      0x85c build/default/debug/_ext/1688732426/system_init.o
 .debug_line    0x00005b15      0x46d build/default/debug/_ext/1688732426/system_interrupt.o
 .debug_line    0x00005f82      0x2b0 build/default/debug/_ext/1688732426/system_exceptions.o
 .debug_line    0x00006232      0x422 build/default/debug/_ext/1688732426/system_tasks.o
 .debug_line    0x00006654      0x178 build/default/debug/_ext/1688732426/system_interrupt_a.o
 .debug_line    0x000067cc      0x147 build/default/debug/_ext/1688732426/rtos_hooks.o
 .debug_line    0x00006913      0x6e3 build/default/debug/_ext/1360937237/motor_encoder_thread.o
 .debug_line    0x00006ff6       0xbc build/default/debug/_ext/1360937237/main.o
 .debug_line    0x000070b2      0x47b build/default/debug/_ext/1360937237/Sensor_Control_Thread.o
 .debug_line    0x0000752d      0x634 build/default/debug/_ext/1360937237/WiFiReceive.o
 .debug_line    0x00007b61      0x661 build/default/debug/_ext/1360937237/WiFiTransmit.o
 .debug_line    0x000081c2      0x208 build/default/debug/_ext/1360937237/jsmn.o
 .debug_line    0x000083ca      0x270 build/default/debug/_ext/1360937237/Test_Thread.o
 .debug_line    0x0000863a      0x2e5 build/default/debug/_ext/24337685/osal_freertos.o
 .debug_line    0x0000891f      0x2d1 build/default/debug/_ext/122796885/sys_int_pic32.o
 .debug_line    0x00008bf0      0x217 build/default/debug/_ext/1856876499/heap_1.o
 .debug_line    0x00008e07      0x23a build/default/debug/_ext/12131622/port.o
 .debug_line    0x00009041      0x102 build/default/debug/_ext/12131622/port_asm.o
 .debug_line    0x00009143       0x1d build/default/debug/_ext/1128951024/croutine.o
 .debug_line    0x00009160      0x1dc build/default/debug/_ext/1128951024/list.o
 .debug_line    0x0000933c      0x4b0 build/default/debug/_ext/1128951024/queue.o
 .debug_line    0x000097ec      0x841 build/default/debug/_ext/1128951024/tasks.o
 .debug_line    0x0000a02d      0x3ca build/default/debug/_ext/1128951024/timers.o
 .debug_line    0x0000a3f7      0x325 build/default/debug/_ext/1128951024/event_groups.o
 .debug_line    0x0000a71c      0x27a build/default/debug/_ext/1360937237/function.o
 .debug_line    0x0000a996       0xa9 c:/program files (x86)/microchip/xc32/v1.42/bin/bin/../../lib/gcc/pic32mx/4.8.3/../../../../pic32mx/lib\libpic32.a(default-bootstrap-exception-handler.o)
 .debug_line    0x0000aa3f       0x96 c:/program files (x86)/microchip/xc32/v1.42/bin/bin/../../lib/gcc/pic32mx/4.8.3/../../../../pic32mx/lib\libpic32.a(default-on-reset.o)
 .debug_line    0x0000aad5       0x9a c:/program files (x86)/microchip/xc32/v1.42/bin/bin/../../lib/gcc/pic32mx/4.8.3/../../../../pic32mx/lib\libpic32.a(default-on-bootstrap.o)
 .debug_line    0x0000ab6f       0xa8 c:/program files (x86)/microchip/xc32/v1.42/bin/bin/../../lib/gcc/pic32mx/4.8.3/../../../../pic32mx/lib\libpic32.a(defaultinterrupt.o)
 .debug_line    0x0000ac17       0x80 c:/program files (x86)/microchip/xc32/v1.42/bin/bin/../../lib/gcc/pic32mx/4.8.3/../../../../pic32mx/lib\libc.a(atoi.o)
 .debug_line    0x0000ac97        0x0 c:/program files (x86)/microchip/xc32/v1.42/bin/bin/../../lib/gcc/pic32mx/4.8.3/../../../../pic32mx/lib\libc.a(ctype.o)
 .debug_line    0x0000ac97       0x83 c:/program files (x86)/microchip/xc32/v1.42/bin/bin/../../lib/gcc/pic32mx/4.8.3/../../../../pic32mx/lib\libc.a(strncmp.o)
 .debug_line    0x0000ad1a       0x83 c:/program files (x86)/microchip/xc32/v1.42/bin/bin/../../lib/gcc/pic32mx/4.8.3/../../../../pic32mx/lib\libc.a(sprintf_cdnopuxX.eo)
 .debug_line    0x0000ad9d       0x82 c:/program files (x86)/microchip/xc32/v1.42/bin/bin/../../lib/gcc/pic32mx/4.8.3/../../../../pic32mx/lib\libc.a(doprnt_cdnopuxX.eo)
 .debug_line    0x0000ae1f       0x81 c:/program files (x86)/microchip/xc32/v1.42/bin/bin/../../lib/gcc/pic32mx/4.8.3/../../../../pic32mx/lib\libc.a(_fputc_simple.o)
 .debug_line    0x0000aea0        0x0 c:/program files (x86)/microchip/xc32/v1.42/bin/bin/../../lib/gcc/pic32mx/4.8.3/../../../../pic32mx/lib\libc.a(_iob.o)
 .debug_line    0x0000aea0       0x82 c:/program files (x86)/microchip/xc32/v1.42/bin/bin/../../lib/gcc/pic32mx/4.8.3/../../../../pic32mx/lib\libc.a(_flsbuf_simple.o)
 .debug_line    0x0000af22       0x8b c:/program files (x86)/microchip/xc32/v1.42/bin/bin/../../lib/gcc/pic32mx/4.8.3/../../../../pic32mx/lib\libpic32.a(write.o)
 .debug_line    0x0000afad       0x8f c:/program files (x86)/microchip/xc32/v1.42/bin/bin/../../lib/gcc/pic32mx/4.8.3/../../../../pic32mx/lib\libpic32.a(_mon_putc.o)
 .debug_line    0x0000b03c        0x0 c:/program files (x86)/microchip/xc32/v1.42/bin/bin/../../lib/gcc/pic32mx/4.8.3/../../../../pic32mx/lib\libpic32.a(xc32_uart.o)
 .debug_line    0x0000b03c       0xff c:/program files (x86)/microchip/xc32/v1.42/bin/bin/../../lib/gcc/pic32mx/4.8.3\libgcc.a(_udivdi3.o)
 .debug_line    0x0000b13b      0x111 c:/program files (x86)/microchip/xc32/v1.42/bin/bin/../../lib/gcc/pic32mx/4.8.3\libgcc.a(_umoddi3.o)

.debug_frame    0x00000000     0x26f4
 *(.debug_frame)
 .debug_frame   0x00000000       0x20 c:/program files (x86)/microchip/xc32/v1.42/bin/bin/../../lib/gcc/pic32mx/4.8.3/../../../../pic32mx/lib\software-debug-break.o
 .debug_frame   0x00000020       0x98 build/default/debug/_ext/74298950/bsp.o
 .debug_frame   0x000000b8       0xd0 build/default/debug/_ext/1361460060/drv_adc_static.o
 .debug_frame   0x00000188       0xa8 build/default/debug/_ext/1047219354/drv_oc_mapping.o
 .debug_frame   0x00000230       0xf0 build/default/debug/_ext/1047219354/drv_oc_static.o
 .debug_frame   0x00000320      0x420 build/default/debug/_ext/1407244131/drv_tmr_static.o
 .debug_frame   0x00000740      0x218 build/default/debug/_ext/1407244131/drv_tmr_mapping.o
 .debug_frame   0x00000958      0x258 build/default/debug/_ext/327000265/drv_usart_mapping.o
 .debug_frame   0x00000bb0      0x120 build/default/debug/_ext/327000265/drv_usart_static.o
 .debug_frame   0x00000cd0       0x80 build/default/debug/_ext/327000265/drv_usart_static_byte_model.o
 .debug_frame   0x00000d50       0xa0 build/default/debug/_ext/639803181/sys_clk_pic32mx.o
 .debug_frame   0x00000df0       0xe8 build/default/debug/_ext/340578644/sys_devcon.o
 .debug_frame   0x00000ed8       0x28 build/default/debug/_ext/340578644/sys_devcon_pic32mx.o
 .debug_frame   0x00000f00      0x270 build/default/debug/_ext/822048611/sys_ports_static.o
 .debug_frame   0x00001170       0x30 build/default/debug/_ext/1688732426/system_init.o
 .debug_frame   0x000011a0       0x90 build/default/debug/_ext/1688732426/system_interrupt.o
 .debug_frame   0x00001230       0x28 build/default/debug/_ext/1688732426/system_exceptions.o
 .debug_frame   0x00001258       0xb0 build/default/debug/_ext/1688732426/system_tasks.o
 .debug_frame   0x00001308       0x40 build/default/debug/_ext/1688732426/rtos_hooks.o
 .debug_frame   0x00001348      0x120 build/default/debug/_ext/1360937237/motor_encoder_thread.o
 .debug_frame   0x00001468       0x28 build/default/debug/_ext/1360937237/main.o
 .debug_frame   0x00001490       0xac build/default/debug/_ext/1360937237/Sensor_Control_Thread.o
 .debug_frame   0x0000153c      0x104 build/default/debug/_ext/1360937237/WiFiReceive.o
 .debug_frame   0x00001640       0xb8 build/default/debug/_ext/1360937237/WiFiTransmit.o
 .debug_frame   0x000016f8       0x48 build/default/debug/_ext/1360937237/jsmn.o
 .debug_frame   0x00001740       0x38 build/default/debug/_ext/1360937237/Test_Thread.o
 .debug_frame   0x00001778      0x150 build/default/debug/_ext/24337685/osal_freertos.o
 .debug_frame   0x000018c8       0x90 build/default/debug/_ext/122796885/sys_int_pic32.o
 .debug_frame   0x00001958       0x5c build/default/debug/_ext/1856876499/heap_1.o
 .debug_frame   0x000019b4       0xc0 build/default/debug/_ext/12131622/port.o
 .debug_frame   0x00001a74       0x60 build/default/debug/_ext/1128951024/list.o
 .debug_frame   0x00001ad4      0x234 build/default/debug/_ext/1128951024/queue.o
 .debug_frame   0x00001d08      0x508 build/default/debug/_ext/1128951024/tasks.o
 .debug_frame   0x00002210      0x164 build/default/debug/_ext/1128951024/timers.o
 .debug_frame   0x00002374      0x108 build/default/debug/_ext/1128951024/event_groups.o
 .debug_frame   0x0000247c       0x58 build/default/debug/_ext/1360937237/function.o
 .debug_frame   0x000024d4       0x2c c:/program files (x86)/microchip/xc32/v1.42/bin/bin/../../lib/gcc/pic32mx/4.8.3/../../../../pic32mx/lib\libpic32.a(default-bootstrap-exception-handler.o)
 .debug_frame   0x00002500       0x20 c:/program files (x86)/microchip/xc32/v1.42/bin/bin/../../lib/gcc/pic32mx/4.8.3/../../../../pic32mx/lib\libpic32.a(default-on-reset.o)
 .debug_frame   0x00002520       0x20 c:/program files (x86)/microchip/xc32/v1.42/bin/bin/../../lib/gcc/pic32mx/4.8.3/../../../../pic32mx/lib\libpic32.a(default-on-bootstrap.o)
 .debug_frame   0x00002540       0x20 c:/program files (x86)/microchip/xc32/v1.42/bin/bin/../../lib/gcc/pic32mx/4.8.3/../../../../pic32mx/lib\libpic32.a(defaultinterrupt.o)
 .debug_frame   0x00002560       0x20 c:/program files (x86)/microchip/xc32/v1.42/bin/bin/../../lib/gcc/pic32mx/4.8.3/../../../../pic32mx/lib\libc.a(atoi.o)
 .debug_frame   0x00002580       0x20 c:/program files (x86)/microchip/xc32/v1.42/bin/bin/../../lib/gcc/pic32mx/4.8.3/../../../../pic32mx/lib\libc.a(strncmp.o)
 .debug_frame   0x000025a0       0x28 c:/program files (x86)/microchip/xc32/v1.42/bin/bin/../../lib/gcc/pic32mx/4.8.3/../../../../pic32mx/lib\libc.a(sprintf_cdnopuxX.eo)
 .debug_frame   0x000025c8       0x38 c:/program files (x86)/microchip/xc32/v1.42/bin/bin/../../lib/gcc/pic32mx/4.8.3/../../../../pic32mx/lib\libc.a(doprnt_cdnopuxX.eo)
 .debug_frame   0x00002600       0x2c c:/program files (x86)/microchip/xc32/v1.42/bin/bin/../../lib/gcc/pic32mx/4.8.3/../../../../pic32mx/lib\libc.a(_fputc_simple.o)
 .debug_frame   0x0000262c       0x28 c:/program files (x86)/microchip/xc32/v1.42/bin/bin/../../lib/gcc/pic32mx/4.8.3/../../../../pic32mx/lib\libc.a(_flsbuf_simple.o)
 .debug_frame   0x00002654       0x38 c:/program files (x86)/microchip/xc32/v1.42/bin/bin/../../lib/gcc/pic32mx/4.8.3/../../../../pic32mx/lib\libpic32.a(write.o)
 .debug_frame   0x0000268c       0x28 c:/program files (x86)/microchip/xc32/v1.42/bin/bin/../../lib/gcc/pic32mx/4.8.3/../../../../pic32mx/lib\libpic32.a(_mon_putc.o)
 .debug_frame   0x000026b4       0x20 c:/program files (x86)/microchip/xc32/v1.42/bin/bin/../../lib/gcc/pic32mx/4.8.3\libgcc.a(_udivdi3.o)
 .debug_frame   0x000026d4       0x20 c:/program files (x86)/microchip/xc32/v1.42/bin/bin/../../lib/gcc/pic32mx/4.8.3\libgcc.a(_umoddi3.o)

.debug_str      0x00000000      0x927
 *(.debug_str)
 .debug_str     0x00000000        0x0 c:/program files (x86)/microchip/xc32/v1.42/bin/bin/../../lib/gcc/pic32mx/4.8.3/../../../../pic32mx/lib\software-debug-break.o
 .debug_str     0x00000000       0x15 build/default/debug/_ext/74298950/bsp.o
 .debug_str     0x00000015       0x69 build/default/debug/_ext/1361460060/drv_adc_static.o
 .debug_str     0x0000007e       0x13 build/default/debug/_ext/1047219354/drv_oc_mapping.o
 .debug_str     0x00000091       0x1f build/default/debug/_ext/1047219354/drv_oc_static.o
 .debug_str     0x000000b0       0xa5 build/default/debug/_ext/1407244131/drv_tmr_static.o
 .debug_str     0x00000155        0xe build/default/debug/_ext/1407244131/drv_tmr_mapping.o
 .debug_str     0x00000163       0x23 build/default/debug/_ext/327000265/drv_usart_mapping.o
 .debug_str     0x00000186       0xe8 build/default/debug/_ext/327000265/drv_usart_static.o
 .debug_str     0x0000026e       0x18 build/default/debug/_ext/327000265/drv_usart_static_byte_model.o
 .debug_str     0x00000286       0x39 build/default/debug/_ext/639803181/sys_clk_pic32mx.o
 .debug_str     0x000002bf       0x16 build/default/debug/_ext/340578644/sys_devcon.o
 .debug_str     0x000002d5        0x6 build/default/debug/_ext/340578644/sys_devcon_pic32mx.o
 .debug_str     0x000002db       0x55 build/default/debug/_ext/822048611/sys_ports_static.o
 .debug_str     0x00000330       0x2b build/default/debug/_ext/1688732426/system_init.o
 .debug_str     0x0000035b        0xd build/default/debug/_ext/1688732426/system_interrupt.o
 .debug_str     0x00000368        0x0 build/default/debug/_ext/1688732426/system_exceptions.o
 .debug_str     0x00000368        0x0 build/default/debug/_ext/1688732426/system_tasks.o
 .debug_str     0x00000368        0x9 build/default/debug/_ext/1688732426/rtos_hooks.o
 .debug_str     0x00000371       0x15 build/default/debug/_ext/1360937237/motor_encoder_thread.o
 .debug_str     0x00000386        0x0 build/default/debug/_ext/1360937237/main.o
 .debug_str     0x00000386        0x0 build/default/debug/_ext/1360937237/Sensor_Control_Thread.o
 .debug_str     0x00000386       0x24 build/default/debug/_ext/1360937237/WiFiReceive.o
 .debug_str     0x000003aa        0xd build/default/debug/_ext/1360937237/WiFiTransmit.o
 .debug_str     0x000003b7       0x25 build/default/debug/_ext/1360937237/jsmn.o
 .debug_str     0x000003dc        0x0 build/default/debug/_ext/1360937237/Test_Thread.o
 .debug_str     0x000003dc       0x40 build/default/debug/_ext/24337685/osal_freertos.o
 .debug_str     0x0000041c       0x1d build/default/debug/_ext/122796885/sys_int_pic32.o
 .debug_str     0x00000439       0x1d build/default/debug/_ext/1856876499/heap_1.o
 .debug_str     0x00000456       0x37 build/default/debug/_ext/12131622/port.o
 .debug_str     0x0000048d        0x0 build/default/debug/_ext/1128951024/croutine.o
 .debug_str     0x0000048d       0x2b build/default/debug/_ext/1128951024/list.o
 .debug_str     0x000004b8      0x131 build/default/debug/_ext/1128951024/queue.o
 .debug_str     0x000005e9      0x186 build/default/debug/_ext/1128951024/tasks.o
 .debug_str     0x0000076f       0xd2 build/default/debug/_ext/1128951024/timers.o
 .debug_str     0x00000841       0xe6 build/default/debug/_ext/1128951024/event_groups.o
 .debug_str     0x00000927        0x0 build/default/debug/_ext/1360937237/function.o
 .debug_str     0x00000927        0x0 c:/program files (x86)/microchip/xc32/v1.42/bin/bin/../../lib/gcc/pic32mx/4.8.3/../../../../pic32mx/lib\libpic32.a(default-bootstrap-exception-handler.o)
 .debug_str     0x00000927        0x0 c:/program files (x86)/microchip/xc32/v1.42/bin/bin/../../lib/gcc/pic32mx/4.8.3/../../../../pic32mx/lib\libpic32.a(default-on-reset.o)
 .debug_str     0x00000927        0x0 c:/program files (x86)/microchip/xc32/v1.42/bin/bin/../../lib/gcc/pic32mx/4.8.3/../../../../pic32mx/lib\libpic32.a(default-on-bootstrap.o)
 .debug_str     0x00000927        0x0 c:/program files (x86)/microchip/xc32/v1.42/bin/bin/../../lib/gcc/pic32mx/4.8.3/../../../../pic32mx/lib\libpic32.a(defaultinterrupt.o)
 .debug_str     0x00000927        0x0 c:/program files (x86)/microchip/xc32/v1.42/bin/bin/../../lib/gcc/pic32mx/4.8.3/../../../../pic32mx/lib\libc.a(atoi.o)
 .debug_str     0x00000927        0x0 c:/program files (x86)/microchip/xc32/v1.42/bin/bin/../../lib/gcc/pic32mx/4.8.3/../../../../pic32mx/lib\libc.a(ctype.o)
 .debug_str     0x00000927        0x0 c:/program files (x86)/microchip/xc32/v1.42/bin/bin/../../lib/gcc/pic32mx/4.8.3/../../../../pic32mx/lib\libc.a(strncmp.o)